Archive member included to satisfy reference by file (symbol)

.\CortexM3\ARM_GCC_541\Debug\JSON_Parser.a(CyLib.o)
                              .\CortexM3\ARM_GCC_541\Debug\Cm3Start.o (CyHalt)
.\CortexM3\ARM_GCC_541\Debug\JSON_Parser.a(cyPm.o)
                              .\CortexM3\ARM_GCC_541\Debug\JSON_Parser.a(CyLib.o) (CyPmReadStatus)
.\CortexM3\ARM_GCC_541\Debug\JSON_Parser.a(ErikaOS_ee_activate.o)
                              .\CortexM3\ARM_GCC_541\Debug\main.o (EE_oo_ActivateTask)
.\CortexM3\ARM_GCC_541\Debug\JSON_Parser.a(ErikaOS_ee_altick.o)
                              .\CortexM3\ARM_GCC_541\Debug\main.o (EE_oo_IncrementCounter)
.\CortexM3\ARM_GCC_541\Debug\JSON_Parser.a(ErikaOS_ee_evclear.o)
                              .\CortexM3\ARM_GCC_541\Debug\main.o (EE_oo_ClearEvent)
.\CortexM3\ARM_GCC_541\Debug\JSON_Parser.a(ErikaOS_ee_evget.o)
                              .\CortexM3\ARM_GCC_541\Debug\main.o (EE_oo_GetEvent)
.\CortexM3\ARM_GCC_541\Debug\JSON_Parser.a(ErikaOS_ee_evset.o)
                              .\CortexM3\ARM_GCC_541\Debug\main.o (EE_oo_SetEvent)
.\CortexM3\ARM_GCC_541\Debug\JSON_Parser.a(ErikaOS_ee_evwait.o)
                              .\CortexM3\ARM_GCC_541\Debug\main.o (EE_oo_WaitEvent)
.\CortexM3\ARM_GCC_541\Debug\JSON_Parser.a(ErikaOS_ee_irqendin.o)
                              .\CortexM3\ARM_GCC_541\Debug\main.o (EE_IRQ_end_post_stub)
.\CortexM3\ARM_GCC_541\Debug\JSON_Parser.a(ErikaOS_ee_lockres.o)
                              .\CortexM3\ARM_GCC_541\Debug\main.o (EE_oo_GetResource)
.\CortexM3\ARM_GCC_541\Debug\JSON_Parser.a(ErikaOS_ee_lookup.o)
                              .\CortexM3\ARM_GCC_541\Debug\JSON_Parser.a(ErikaOS_ee_irqendin.o) (EE_oo_IRQ_disable_count)
.\CortexM3\ARM_GCC_541\Debug\JSON_Parser.a(ErikaOS_ee_rq_exchg.o)
                              .\CortexM3\ARM_GCC_541\Debug\JSON_Parser.a(ErikaOS_ee_activate.o) (EE_rq2stk_exchange)
.\CortexM3\ARM_GCC_541\Debug\JSON_Parser.a(ErikaOS_ee_rq_first.o)
                              .\CortexM3\ARM_GCC_541\Debug\JSON_Parser.a(ErikaOS_ee_activate.o) (EE_rq_queryfirst)
.\CortexM3\ARM_GCC_541\Debug\JSON_Parser.a(ErikaOS_ee_rq_inser.o)
                              .\CortexM3\ARM_GCC_541\Debug\JSON_Parser.a(ErikaOS_ee_activate.o) (EE_rq_insert)
.\CortexM3\ARM_GCC_541\Debug\JSON_Parser.a(ErikaOS_ee_startos.o)
                              .\CortexM3\ARM_GCC_541\Debug\main.o (EE_oo_StartOS)
.\CortexM3\ARM_GCC_541\Debug\JSON_Parser.a(ErikaOS_ee_terminat.o)
                              .\CortexM3\ARM_GCC_541\Debug\main.o (EE_oo_TerminateTask)
.\CortexM3\ARM_GCC_541\Debug\JSON_Parser.a(ErikaOS_ee_ulockres.o)
                              .\CortexM3\ARM_GCC_541\Debug\main.o (EE_oo_ReleaseResource)
.\CortexM3\ARM_GCC_541\Debug\JSON_Parser.a(ErikaOS_cortex_mx_ee_utils.o)
                              .\CortexM3\ARM_GCC_541\Debug\main.o (EE_system_init)
.\CortexM3\ARM_GCC_541\Debug\JSON_Parser.a(ErikaOS_common_ee_hal_structs.o)
                              .\CortexM3\ARM_GCC_541\Debug\JSON_Parser.a(ErikaOS_ee_irqendin.o) (EE_std_endcycle_next_tid)
.\CortexM3\ARM_GCC_541\Debug\JSON_Parser.a(ErikaOS_eecfg.o)
                              .\CortexM3\ARM_GCC_541\Debug\JSON_Parser.a(ErikaOS_ee_startos.o) (EE_oo_autostart_task_data)
.\CortexM3\ARM_GCC_541\Debug\JSON_Parser.a(UART_LOG.o)
                              .\CortexM3\ARM_GCC_541\Debug\uart.o (UART_LOG_Start)
.\CortexM3\ARM_GCC_541\Debug\JSON_Parser.a(UART_LOG_IntClock.o)
                              .\CortexM3\ARM_GCC_541\Debug\JSON_Parser.a(UART_LOG.o) (UART_LOG_IntClock_Start)
.\CortexM3\ARM_GCC_541\Debug\JSON_Parser.a(TFT_BackLight.o)
                              .\CortexM3\ARM_GCC_541\Debug\tft.o (TFT_BackLight_WriteCompare)
.\CortexM3\ARM_GCC_541\Debug\JSON_Parser.a(TFT_RES.o)
                              .\CortexM3\ARM_GCC_541\Debug\tft.o (TFT_RES_Write)
.\CortexM3\ARM_GCC_541\Debug\JSON_Parser.a(TFT_DC.o)
                              .\CortexM3\ARM_GCC_541\Debug\tft.o (TFT_DC_Write)
.\CortexM3\ARM_GCC_541\Debug\JSON_Parser.a(TFT_SPI.o)
                              .\CortexM3\ARM_GCC_541\Debug\tft.o (TFT_SPI_WriteTxData)
.\CortexM3\ARM_GCC_541\Debug\JSON_Parser.a(TFT_SPI_IntClock.o)
                              .\CortexM3\ARM_GCC_541\Debug\JSON_Parser.a(TFT_SPI.o) (TFT_SPI_IntClock_Start)
.\CortexM3\ARM_GCC_541\Debug\JSON_Parser.a(CyBootAsmGnu.o)
                              .\CortexM3\ARM_GCC_541\Debug\cyfitter_cfg.o (CyDelayCycles)
.\CortexM3\ARM_GCC_541\Debug\JSON_Parser.a(ErikaOS_ee_gnu_change_context_isr.o)
                              .\CortexM3\ARM_GCC_541\Debug\main.o (EE_switch_context)
.\CortexM3\ARM_GCC_541\Debug\JSON_Parser.a(ErikaOS_ee_gnu_irq_stack.o)
                              .\CortexM3\ARM_GCC_541\Debug\main.o (EE_cortex_mx_change_IRQ_stack)
.\CortexM3\ARM_GCC_541\Debug\JSON_Parser.a(ErikaOS_ee_gnu_multi_context.o)
[...]
Memory Configuration

Name             Origin             Length             Attributes
rom              0x00000000         0x00040000         xr
ram              0x1fff8000         0x00010000         xrw
*default*        0x00000000         0xffffffff

Linker script and memory map

LOAD c:/program files (x86)/cypress/psoc creator/4.4/psoc creator/import/gnu/arm/5.4.1/bin/../lib/gcc/arm-none-eabi/5.4.1/armv7-m/crti.o
LOAD c:/program files (x86)/cypress/psoc creator/4.4/psoc creator/import/gnu/arm/5.4.1/bin/../lib/gcc/arm-none-eabi/5.4.1/armv7-m/crtbegin.o
LOAD c:/program files (x86)/cypress/psoc creator/4.4/psoc creator/import/gnu/arm/5.4.1/bin/../lib/gcc/arm-none-eabi/5.4.1/../../../../arm-none-eabi/lib/armv7-m/crt0.o
START GROUP
LOAD .\CortexM3\ARM_GCC_541\Debug\main.o
LOAD .\CortexM3\ARM_GCC_541\Debug\tft.o
LOAD .\CortexM3\ARM_GCC_541\Debug\ringBuffer.o
LOAD .\CortexM3\ARM_GCC_541\Debug\ringBufferEV.o
LOAD .\CortexM3\ARM_GCC_541\Debug\uart.o
LOAD .\CortexM3\ARM_GCC_541\Debug\events.o
LOAD .\CortexM3\ARM_GCC_541\Debug\parser.o
LOAD .\CortexM3\ARM_GCC_541\Debug\jasmin.o
LOAD .\CortexM3\ARM_GCC_541\Debug\drawer.o
LOAD .\CortexM3\ARM_GCC_541\Debug\ringBufferDrawing.o
LOAD .\CortexM3\ARM_GCC_541\Debug\logging.o
LOAD .\CortexM3\ARM_GCC_541\Debug\cyfitter_cfg.o
LOAD .\CortexM3\ARM_GCC_541\Debug\cymetadata.o
LOAD .\CortexM3\ARM_GCC_541\Debug\Cm3Start.o
LOAD .\CortexM3\ARM_GCC_541\Debug\JSON_Parser.a
LOAD C:\Program Files (x86)\Cypress\PSoC Creator\4.4\PSoC Creator\psoc\content\cycomponentlibrary\CyComponentLibrary.cylib\CortexM3\ARM_GCC_541\Debug\CyComponentLibrary.a
END GROUP
START GROUP
LOAD c:/program files (x86)/cypress/psoc creator/4.4/psoc creator/import/gnu/arm/5.4.1/bin/../lib/gcc/arm-none-eabi/5.4.1/armv7-m\libgcc.a
LOAD c:/program files (x86)/cypress/psoc creator/4.4/psoc creator/import/gnu/arm/5.4.1/bin/../lib/gcc/arm-none-eabi/5.4.1/../../../../arm-none-eabi/lib/armv7-m\libg_nano.a
LOAD c:/program files (x86)/cypress/psoc creator/4.4/psoc creator/import/gnu/arm/5.4.1/bin/../lib/gcc/arm-none-eabi/5.4.1/../../../../arm-none-eabi/lib/armv7-m\libc_nano.a
END GROUP
START GROUP
LOAD c:/program files (x86)/cypress/psoc creator/4.4/psoc creator/import/gnu/arm/5.4.1/bin/../lib/gcc/arm-none-eabi/5.4.1/armv7-m\libgcc.a
LOAD c:/program files (x86)/cypress/psoc creator/4.4/psoc creator/import/gnu/arm/5.4.1/bin/../lib/gcc/arm-none-eabi/5.4.1/../../../../arm-none-eabi/lib/armv7-m\libc_nano.a
END GROUP
LOAD c:/program files (x86)/cypress/psoc creator/4.4/psoc creator/import/gnu/arm/5.4.1/bin/../lib/gcc/arm-none-eabi/5.4.1/armv7-m/crtend.o
LOAD c:/program files (x86)/cypress/psoc creator/4.4/psoc creator/import/gnu/arm/5.4.1/bin/../lib/gcc/arm-none-eabi/5.4.1/armv7-m/crtn.o
START GROUP
LOAD c:/program files (x86)/cypress/psoc creator/4.4/psoc creator/import/gnu/arm/5.4.1/bin/../lib/gcc/arm-none-eabi/5.4.1/armv7-m\libgcc.a
LOAD c:/program files (x86)/cypress/psoc creator/4.4/psoc creator/import/gnu/arm/5.4.1/bin/../lib/gcc/arm-none-eabi/5.4.1/../../../../arm-none-eabi/lib/armv7-m\libc.a
LOAD c:/program files (x86)/cypress/psoc creator/4.4/psoc creator/import/gnu/arm/5.4.1/bin/../lib/gcc/arm-none-eabi/5.4.1/../../../../arm-none-eabi/lib/armv7-m\libnosys.a
END GROUP
                0x00000000                CY_APPL_ORIGIN = 0x0
                0x00000100                CY_FLASH_ROW_SIZE = 0x100
                0x00000020                CY_ECC_ROW_SIZE = 0x20
                0x00000000                CY_EE_IN_BTLDR = 0x0
                0x00000000                CY_APPL_LOADABLE = 0x0
                0x00000800                CY_EE_SIZE = 0x800
                0x00000001                CY_APPL_NUM = 0x1
                0x00000001                CY_APPL_MAX = 0x1
                0x00000040                CY_METADATA_SIZE = 0x40
                0x00000000                CY_APPL_LOADABLE = 0x0
                0x00000000                CY_CHECKSUM_EXCLUDE_SIZE = ALIGN (0x0, CY_FLASH_ROW_SIZE)
                [!provide]                PROVIDE (__cy_heap_start, _end)
                0x00000001                PROVIDE (__cy_region_num, ((__cy_regions_end - __cy_regions) / 0x10))
                0x20008000                PROVIDE (__cy_stack, (ORIGIN (ram) + LENGTH (ram)))
                [!provide]                PROVIDE (__cy_heap_end, (__cy_stack - 0x800))

.cybootloader   0x00000000        0x0
 *(.cybootloader)
                0x00000000                appl1_start = CY_APPL_ORIGIN?CY_APPL_ORIGIN:ALIGN (CY_FLASH_ROW_SIZE)
                0x0001ff00                appl2_start = (appl1_start + ALIGN ((((LENGTH (rom) - appl1_start) - (0x2 * CY_FLASH_ROW_SIZE)) / 0x2), CY_FLASH_ROW_SIZE))
                0x00000000                appl_start = (CY_APPL_NUM == 0x1)?appl1_start:appl2_start
                0x00000000                ecc_offset = ((appl_start / CY_FLASH_ROW_SIZE) * CY_ECC_ROW_SIZE)
                0x00000000                ee_offset = (CY_APPL_LOADABLE && ! (CY_EE_IN_BTLDR))?((CY_EE_SIZE / CY_APPL_MAX) * (CY_APPL_NUM - 0x1)):0x0
                0x00000800                ee_size = (CY_APPL_LOADABLE && ! (CY_EE_IN_BTLDR))?(CY_EE_SIZE / CY_APPL_MAX):CY_EE_SIZE
                [!provide]                PROVIDE (CY_ECC_OFFSET, ecc_offset)

.text           0x00000000     0x2d1a
 CREATE_OBJECT_SYMBOLS
                0x00000000                PROVIDE (__cy_interrupt_vector, RomVectors)
 *(.romvectors)
 .romvectors    0x00000000       0x10 .\CortexM3\ARM_GCC_541\Debug\Cm3Start.o
                0x00000000                RomVectors
                0x00000001                ASSERT ((. != __cy_interrupt_vector), No interrupt vector)
                0x00000001                ASSERT (CY_APPL_ORIGIN?(SIZEOF (.cybootloader) <= CY_APPL_ORIGIN):0x1, Wrong image location)
                0x00000010                PROVIDE (__cy_reset, Reset)
 *(.text.Reset)
 .text.Reset    0x00000010       0x18 .\CortexM3\ARM_GCC_541\Debug\Cm3Start.o
                0x00000010                Reset
                0x00000001                ASSERT ((. != __cy_reset), No reset code)
 *(.dma_init)
                0x00000001                ASSERT ((((appl_start + .) <= 0x10000) || 0x1), DMA Init must be within the first 64k of flash)
 *(.text .text.* .gnu.linkonce.t.*)
 .text          0x00000028       0x5c c:/program files (x86)/cypress/psoc creator/4.4/psoc creator/import/gnu/arm/5.4.1/bin/../lib/gcc/arm-none-eabi/5.4.1/armv7-m/crtbegin.o
 .text.ISR2_systick_handler
                0x00000084        0xc .\CortexM3\ARM_GCC_541\Debug\main.o
                0x00000084                ISR2_systick_handler
 .text.systick_handler
                0x00000090       0x98 .\CortexM3\ARM_GCC_541\Debug\main.o
                0x00000090                systick_handler
 .text.main     0x00000128       0x28 .\CortexM3\ARM_GCC_541\Debug\main.o
                0x00000128                main
 .text.Functsk_auto
                0x00000150       0x58 .\CortexM3\ARM_GCC_541\Debug\main.o
                0x00000150                Functsk_auto
 .text.Functsk_background
                0x000001a8        0x4 .\CortexM3\ARM_GCC_541\Debug\main.o
                0x000001a8                Functsk_background
 .text.Functsk_handleEvents
                0x000001ac      0x13c .\CortexM3\ARM_GCC_541\Debug\main.o
                0x000001ac                Functsk_handleEvents
 .text.ISR2_isr_UART_RX
                0x000002e8       0x1c .\CortexM3\ARM_GCC_541\Debug\main.o
                0x000002e8                ISR2_isr_UART_RX
 .text.isr_UART_RX
                0x00000304       0x98 .\CortexM3\ARM_GCC_541\Debug\main.o
                0x00000304                isr_UART_RX
 .text.__TFT_SPI_TX_ISR
                0x0000039c       0x58 .\CortexM3\ARM_GCC_541\Debug\tft.o
                0x0000039c                __TFT_SPI_TX_ISR
 .text.TFT_send
                0x000003f4       0x84 .\CortexM3\ARM_GCC_541\Debug\tft.o
 .text.setAddrWindow
                0x00000478       0x88 .\CortexM3\ARM_GCC_541\Debug\tft.o
 .text.TFT_setRotation
                0x00000500       0xc0 .\CortexM3\ARM_GCC_541\Debug\tft.o
                0x00000500                TFT_setRotation
 .text.TFT_getBGcolor
                0x000005c0        0xc .\CortexM3\ARM_GCC_541\Debug\tft.o
                0x000005c0                TFT_getBGcolor
 .text.TFT_fillRect
                0x000005cc       0x8c .\CortexM3\ARM_GCC_541\Debug\tft.o
                0x000005cc                TFT_fillRect
 .text.TFT_fillScreen
                0x00000658       0x24 .\CortexM3\ARM_GCC_541\Debug\tft.o
                0x00000658                TFT_fillScreen
 .text.TFT_init
                0x0000067c       0xe4 .\CortexM3\ARM_GCC_541\Debug\tft.o
                0x0000067c                TFT_init
 .text.TFT_clearScreen
                0x00000760        0xc .\CortexM3\ARM_GCC_541\Debug\tft.o
                0x00000760                TFT_clearScreen
 .text.TFT_drawPixel
                0x0000076c       0x50 .\CortexM3\ARM_GCC_541\Debug\tft.o
                0x0000076c                TFT_drawPixel
 .text.TFT_fastVLine
                0x000007bc       0x64 .\CortexM3\ARM_GCC_541\Debug\tft.o
                0x000007bc                TFT_fastVLine
 .text.TFT_writeLine
                0x00000820       0xc0 .\CortexM3\ARM_GCC_541\Debug\tft.o
                0x00000820                TFT_writeLine
 .text.TFT_drawChar
                0x000008e0      0x21c .\CortexM3\ARM_GCC_541\Debug\tft.o
                0x000008e0                TFT_drawChar
 .text.TFT_write
                0x00000afc      0x144 .\CortexM3\ARM_GCC_541\Debug\tft.o
                0x00000afc                TFT_write
 .text.TFT_print
                0x00000c40       0x14 .\CortexM3\ARM_GCC_541\Debug\tft.o
                0x00000c40                TFT_print
 .text.RB_clear
                0x00000c54       0x2c .\CortexM3\ARM_GCC_541\Debug\ringBuffer.o
                0x00000c54                RB_clear
 .text.RB_init  0x00000c80        0x8 .\CortexM3\ARM_GCC_541\Debug\ringBuffer.o
                0x00000c80                RB_init
 .text.RB_read  0x00000c88       0x44 .\CortexM3\ARM_GCC_541\Debug\ringBuffer.o
                0x00000c88                RB_read
 .text.RB_EV_clear
                0x00000ccc       0x2c .\CortexM3\ARM_GCC_541\Debug\ringBufferEV.o
                0x00000ccc                RB_EV_clear
 .text.RB_EV_init
                0x00000cf8        0x8 .\CortexM3\ARM_GCC_541\Debug\ringBufferEV.o
                0x00000cf8                RB_EV_init
 .text.RB_EV_write
                0x00000d00       0x44 .\CortexM3\ARM_GCC_541\Debug\ringBufferEV.o
                0x00000d00                RB_EV_write
 .text.RB_EV_read
                0x00000d44       0x44 .\CortexM3\ARM_GCC_541\Debug\ringBufferEV.o
                0x00000d44                RB_EV_read
 .text.UART_init
                0x00000d88       0x28 .\CortexM3\ARM_GCC_541\Debug\uart.o
                0x00000d88                UART_init
 .text.UART_clear
                0x00000db0       0x14 .\CortexM3\ARM_GCC_541\Debug\uart.o
                0x00000db0                UART_clear
 .text.UART_getJsonString
                0x00000dc4       0x40 .\CortexM3\ARM_GCC_541\Debug\uart.o
                0x00000dc4                UART_getJsonString
 .text.EVENT_init
                0x00000e04        0xc .\CortexM3\ARM_GCC_541\Debug\events.o
                0x00000e04                EVENT_init
 .text.EVENT_add
                0x00000e10       0x20 .\CortexM3\ARM_GCC_541\Debug\events.o
                0x00000e10                EVENT_add
 .text.EVENT_read
                0x00000e30       0x14 .\CortexM3\ARM_GCC_541\Debug\events.o
                0x00000e30                EVENT_read
 .text.PARSER_init
                0x00000e44       0x1c .\CortexM3\ARM_GCC_541\Debug\parser.o
                0x00000e44                PARSER_init
 .text.PARSER_setJsonString
                0x00000e60       0x14 .\CortexM3\ARM_GCC_541\Debug\parser.o
                0x00000e60                PARSER_setJsonString
 .text.PARSER_parseJSON
                0x00000e74       0x3c .\CortexM3\ARM_GCC_541\Debug\parser.o
                0x00000e74                PARSER_parseJSON
 .text.PARSER_getToken
                0x00000eb0       0x30 .\CortexM3\ARM_GCC_541\Debug\parser.o
                0x00000eb0                PARSER_getToken
 .text.jsmn_alloc_token
                0x00000ee0       0x20 .\CortexM3\ARM_GCC_541\Debug\jasmin.o
 .text.jsmn_fill_token
                0x00000f00        0xc .\CortexM3\ARM_GCC_541\Debug\jasmin.o
 .text.jsmn_parse_primitive
                0x00000f0c       0x80 .\CortexM3\ARM_GCC_541\Debug\jasmin.o
 .text.jsmn_parse_string
                0x00000f8c      0x11c .\CortexM3\ARM_GCC_541\Debug\jasmin.o
 .text.jsmn_parse
                0x000010a8      0x214 .\CortexM3\ARM_GCC_541\Debug\jasmin.o
                0x000010a8                jsmn_parse
 .text.jsmn_init
                0x000012bc       0x10 .\CortexM3\ARM_GCC_541\Debug\jasmin.o
                0x000012bc                jsmn_init
 .text.DRAWER_convertToColor
                0x000012cc       0x50 .\CortexM3\ARM_GCC_541\Debug\drawer.o
                0x000012cc                DRAWER_convertToColor
 .text.DRAWER_convertToCoordinate
                0x0000131c       0x3c .\CortexM3\ARM_GCC_541\Debug\drawer.o
                0x0000131c                DRAWER_convertToCoordinate
 .text.DRAWER_getDrawingInstructions
                0x00001358       0xec .\CortexM3\ARM_GCC_541\Debug\drawer.o
                0x00001358                DRAWER_getDrawingInstructions
 .text.DRAWER_readInstruction
                0x00001444        0x8 .\CortexM3\ARM_GCC_541\Debug\drawer.o
                0x00001444                DRAWER_readInstruction
 .text.DRAWER_drawOnTFT
                0x0000144c       0x48 .\CortexM3\ARM_GCC_541\Debug\drawer.o
                0x0000144c                DRAWER_drawOnTFT
 .text.DRAWER_sendMessage
                0x00001494       0x14 .\CortexM3\ARM_GCC_541\Debug\drawer.o
                0x00001494                DRAWER_sendMessage
 .text.DRAWER_init
                0x000014a8       0x1c .\CortexM3\ARM_GCC_541\Debug\drawer.o
                0x000014a8                DRAWER_init
 .text.RB_Draw_t_clear
                0x000014c4       0x4c .\CortexM3\ARM_GCC_541\Debug\ringBufferDrawing.o
                0x000014c4                RB_Draw_t_clear
 .text.RB_Draw_t_init
                0x00001510        0x8 .\CortexM3\ARM_GCC_541\Debug\ringBufferDrawing.o
                0x00001510                RB_Draw_t_init
 .text.RB_Draw_t_write
                0x00001518       0x4c .\CortexM3\ARM_GCC_541\Debug\ringBufferDrawing.o
                0x00001518                RB_Draw_t_write
 .text.RB_Draw_t_read
                0x00001564       0x54 .\CortexM3\ARM_GCC_541\Debug\ringBufferDrawing.o
                0x00001564                RB_Draw_t_read
 .text.LOG_send
                0x000015b8       0x2c .\CortexM3\ARM_GCC_541\Debug\logging.o
                0x000015b8                LOG_send
 .text.CyClockStartupError
                0x000015e4        0x4 .\CortexM3\ARM_GCC_541\Debug\cyfitter_cfg.o
 .text.cfg_write_bytes32
                0x000015e8       0x34 .\CortexM3\ARM_GCC_541\Debug\cyfitter_cfg.o
 .text.AnalogSetDefault
                0x0000161c       0x28 .\CortexM3\ARM_GCC_541\Debug\cyfitter_cfg.o
 .text.CYMEMZERO
                0x00001644        0xc .\CortexM3\ARM_GCC_541\Debug\cyfitter_cfg.o
 .text.ClockSetup
                0x00001650       0xe0 .\CortexM3\ARM_GCC_541\Debug\cyfitter_cfg.o
 .text.CYCONFIGCPY
                0x00001730        0x8 .\CortexM3\ARM_GCC_541\Debug\cyfitter_cfg.o
 .text.cyfitter_cfg
                0x00001738      0x110 .\CortexM3\ARM_GCC_541\Debug\cyfitter_cfg.o
                0x00001738                cyfitter_cfg
 .text.IntDefaultHandler
                0x00001848       0x10 .\CortexM3\ARM_GCC_541\Debug\Cm3Start.o
                0x00001848                IntDefaultHandler
 .text.Start_c  0x00001858       0x4c .\CortexM3\ARM_GCC_541\Debug\Cm3Start.o
                0x00001858                Start_c
 .text.initialize_psoc
                0x000018a4       0x68 .\CortexM3\ARM_GCC_541\Debug\Cm3Start.o
                0x000018a4                initialize_psoc
 .text.CyHalt   0x0000190c        0x4 .\CortexM3\ARM_GCC_541\Debug\JSON_Parser.a(CyLib.o)
                0x0000190c                CyHalt
 .text.CyDelay  0x00001910       0x2c .\CortexM3\ARM_GCC_541\Debug\JSON_Parser.a(CyLib.o)
                0x00001910                CyDelay
 .text.CyIntSetPriority
                0x0000193c       0x30 .\CortexM3\ARM_GCC_541\Debug\JSON_Parser.a(CyLib.o)
                0x0000193c                CyIntSetPriority
 .text.EE_oo_ActivateTask
                0x0000196c       0xe8 .\CortexM3\ARM_GCC_541\Debug\JSON_Parser.a(ErikaOS_ee_activate.o)
                0x0000196c                EE_oo_ActivateTask
 .text.EE_oo_handle_action_callback
                0x00001a54        0xc .\CortexM3\ARM_GCC_541\Debug\JSON_Parser.a(ErikaOS_ee_altick.o)
 .text.EE_oo_handle_action_task
                0x00001a60       0x4c .\CortexM3\ARM_GCC_541\Debug\JSON_Parser.a(ErikaOS_ee_altick.o)
 .text.EE_oo_handle_action_event
                0x00001aac       0x60 .\CortexM3\ARM_GCC_541\Debug\JSON_Parser.a(ErikaOS_ee_altick.o)
 .text.EE_oo_handle_action
                0x00001b0c       0x28 .\CortexM3\ARM_GCC_541\Debug\JSON_Parser.a(ErikaOS_ee_altick.o)
 .text.EE_oo_counter_object_insert
                0x00001b34       0x9c .\CortexM3\ARM_GCC_541\Debug\JSON_Parser.a(ErikaOS_ee_altick.o)
                0x00001b34                EE_oo_counter_object_insert
 .text.EE_oo_IncrementCounterImplementation
                0x00001bd0      0x100 .\CortexM3\ARM_GCC_541\Debug\JSON_Parser.a(ErikaOS_ee_altick.o)
                0x00001bd0                EE_oo_IncrementCounterImplementation
 .text.EE_oo_IncrementCounter
                0x00001cd0       0xb0 .\CortexM3\ARM_GCC_541\Debug\JSON_Parser.a(ErikaOS_ee_altick.o)
                0x00001cd0                EE_oo_IncrementCounter
 .text.EE_oo_ClearEvent
                0x00001d80       0x5c .\CortexM3\ARM_GCC_541\Debug\JSON_Parser.a(ErikaOS_ee_evclear.o)
                0x00001d80                EE_oo_ClearEvent
 .text.EE_oo_GetEvent
                0x00001ddc       0x40 .\CortexM3\ARM_GCC_541\Debug\JSON_Parser.a(ErikaOS_ee_evget.o)
                0x00001ddc                EE_oo_GetEvent
 .text.EE_oo_SetEvent
                0x00001e1c      0x100 .\CortexM3\ARM_GCC_541\Debug\JSON_Parser.a(ErikaOS_ee_evset.o)
                0x00001e1c                EE_oo_SetEvent
 .text.EE_oo_WaitEvent
                0x00001f1c      0x124 .\CortexM3\ARM_GCC_541\Debug\JSON_Parser.a(ErikaOS_ee_evwait.o)
                0x00001f1c                EE_oo_WaitEvent
 .text.EE_IRQ_run_next_task
                0x00002040       0x30 .\CortexM3\ARM_GCC_541\Debug\JSON_Parser.a(ErikaOS_ee_irqendin.o)
 .text.EE_IRQ_end_instance
                0x00002070       0x68 .\CortexM3\ARM_GCC_541\Debug\JSON_Parser.a(ErikaOS_ee_irqendin.o)
                0x00002070                EE_IRQ_end_instance
 .text.EE_IRQ_end_post_stub
                0x000020d8       0x14 .\CortexM3\ARM_GCC_541\Debug\JSON_Parser.a(ErikaOS_ee_irqendin.o)
                0x000020d8                EE_IRQ_end_post_stub
 .text.EE_oo_GetResource
                0x000020ec       0xa8 .\CortexM3\ARM_GCC_541\Debug\JSON_Parser.a(ErikaOS_ee_lockres.o)
                0x000020ec                EE_oo_GetResource
 .text.EE_rq2stk_exchange
                0x00002194       0x88 .\CortexM3\ARM_GCC_541\Debug\JSON_Parser.a(ErikaOS_ee_rq_exchg.o)
                0x00002194                EE_rq2stk_exchange
 .text.EE_rq_queryfirst
                0x0000221c       0x44 .\CortexM3\ARM_GCC_541\Debug\JSON_Parser.a(ErikaOS_ee_rq_first.o)
                0x0000221c                EE_rq_queryfirst
 .text.EE_rq_insert
                0x00002260       0x74 .\CortexM3\ARM_GCC_541\Debug\JSON_Parser.a(ErikaOS_ee_rq_inser.o)
                0x00002260                EE_rq_insert
 .text.compute_task_tid
                0x000022d4       0x10 .\CortexM3\ARM_GCC_541\Debug\JSON_Parser.a(ErikaOS_ee_startos.o)
 .text.EE_oo_start_os
                0x000022e4        0xc .\CortexM3\ARM_GCC_541\Debug\JSON_Parser.a(ErikaOS_ee_startos.o)
 .text.EE_oo_autostart_tasks
                0x000022f0       0x60 .\CortexM3\ARM_GCC_541\Debug\JSON_Parser.a(ErikaOS_ee_startos.o)
 .text.EE_oo_autostart_os
                0x00002350        0xc .\CortexM3\ARM_GCC_541\Debug\JSON_Parser.a(ErikaOS_ee_startos.o)
 .text.EE_oo_StartOS
                0x0000235c       0x8c .\CortexM3\ARM_GCC_541\Debug\JSON_Parser.a(ErikaOS_ee_startos.o)
                0x0000235c                EE_oo_StartOS
 .text.EE_oo_TerminateTask
                0x000023e8       0x50 .\CortexM3\ARM_GCC_541\Debug\JSON_Parser.a(ErikaOS_ee_terminat.o)
                0x000023e8                EE_oo_TerminateTask
 .text.EE_oo_ReleaseResource
                0x00002438      0x124 .\CortexM3\ARM_GCC_541\Debug\JSON_Parser.a(ErikaOS_ee_ulockres.o)
                0x00002438                EE_oo_ReleaseResource
 .text.EE_system_init
                0x0000255c       0x48 .\CortexM3\ARM_GCC_541\Debug\JSON_Parser.a(ErikaOS_cortex_mx_ee_utils.o)
                0x0000255c                EE_system_init
 .text.UART_LOG_Init
                0x000025a4       0x28 .\CortexM3\ARM_GCC_541\Debug\JSON_Parser.a(UART_LOG.o)
                0x000025a4                UART_LOG_Init
 .text.UART_LOG_Enable
                0x000025cc       0x38 .\CortexM3\ARM_GCC_541\Debug\JSON_Parser.a(UART_LOG.o)
                0x000025cc                UART_LOG_Enable
 .text.UART_LOG_Start
                0x00002604       0x1c .\CortexM3\ARM_GCC_541\Debug\JSON_Parser.a(UART_LOG.o)
                0x00002604                UART_LOG_Start
 .text.UART_LOG_ReadRxData
                0x00002620        0xc .\CortexM3\ARM_GCC_541\Debug\JSON_Parser.a(UART_LOG.o)
                0x00002620                UART_LOG_ReadRxData
 .text.UART_LOG_ReadRxStatus
                0x0000262c       0x10 .\CortexM3\ARM_GCC_541\Debug\JSON_Parser.a(UART_LOG.o)
                0x0000262c                UART_LOG_ReadRxStatus
 .text.UART_LOG_GetByte
                0x0000263c       0x14 .\CortexM3\ARM_GCC_541\Debug\JSON_Parser.a(UART_LOG.o)
                0x0000263c                UART_LOG_GetByte
 .text.UART_LOG_PutChar
                0x00002650       0x18 .\CortexM3\ARM_GCC_541\Debug\JSON_Parser.a(UART_LOG.o)
                0x00002650                UART_LOG_PutChar
 .text.UART_LOG_PutString
                0x00002668       0x24 .\CortexM3\ARM_GCC_541\Debug\JSON_Parser.a(UART_LOG.o)
                0x00002668                UART_LOG_PutString
 .text.UART_LOG_IntClock_Start
                0x0000268c       0x1c .\CortexM3\ARM_GCC_541\Debug\JSON_Parser.a(UART_LOG_IntClock.o)
                0x0000268c                UART_LOG_IntClock_Start
 .text.TFT_BackLight_Enable
                0x000026a8       0x28 .\CortexM3\ARM_GCC_541\Debug\JSON_Parser.a(TFT_BackLight.o)
                0x000026a8                TFT_BackLight_Enable
 .text.TFT_BackLight_WritePeriod
                0x000026d0        0xc .\CortexM3\ARM_GCC_541\Debug\JSON_Parser.a(TFT_BackLight.o)
                0x000026d0                TFT_BackLight_WritePeriod
 .text.TFT_BackLight_WriteCompare
                0x000026dc        0xc .\CortexM3\ARM_GCC_541\Debug\JSON_Parser.a(TFT_BackLight.o)
                0x000026dc                TFT_BackLight_WriteCompare
 .text.TFT_BackLight_SetInterruptMode
                0x000026e8        0xc .\CortexM3\ARM_GCC_541\Debug\JSON_Parser.a(TFT_BackLight.o)
                0x000026e8                TFT_BackLight_SetInterruptMode
 .text.TFT_BackLight_Init
                0x000026f4       0x74 .\CortexM3\ARM_GCC_541\Debug\JSON_Parser.a(TFT_BackLight.o)
                0x000026f4                TFT_BackLight_Init
 .text.TFT_BackLight_Start
                0x00002768       0x1c .\CortexM3\ARM_GCC_541\Debug\JSON_Parser.a(TFT_BackLight.o)
                0x00002768                TFT_BackLight_Start
 .text.TFT_RES_Write
                0x00002784       0x18 .\CortexM3\ARM_GCC_541\Debug\JSON_Parser.a(TFT_RES.o)
                0x00002784                TFT_RES_Write
 .text.TFT_DC_Write
                0x0000279c       0x18 .\CortexM3\ARM_GCC_541\Debug\JSON_Parser.a(TFT_DC.o)
                0x0000279c                TFT_DC_Write
 .text.TFT_SPI_Enable
                0x000027b4       0x34 .\CortexM3\ARM_GCC_541\Debug\JSON_Parser.a(TFT_SPI.o)
                0x000027b4                TFT_SPI_Enable
 .text.TFT_SPI_ReadTxStatus
                0x000027e8        0xc .\CortexM3\ARM_GCC_541\Debug\JSON_Parser.a(TFT_SPI.o)
                0x000027e8                TFT_SPI_ReadTxStatus
 .text.TFT_SPI_ReadRxStatus
                0x000027f4        0xc .\CortexM3\ARM_GCC_541\Debug\JSON_Parser.a(TFT_SPI.o)
                0x000027f4                TFT_SPI_ReadRxStatus
 .text.TFT_SPI_WriteTxData
                0x00002800       0x18 .\CortexM3\ARM_GCC_541\Debug\JSON_Parser.a(TFT_SPI.o)
                0x00002800                TFT_SPI_WriteTxData
 .text.TFT_SPI_ClearFIFO
                0x00002818       0x3c .\CortexM3\ARM_GCC_541\Debug\JSON_Parser.a(TFT_SPI.o)
                0x00002818                TFT_SPI_ClearFIFO
 .text.TFT_SPI_Init
                0x00002854       0x28 .\CortexM3\ARM_GCC_541\Debug\JSON_Parser.a(TFT_SPI.o)
                0x00002854                TFT_SPI_Init
 .text.TFT_SPI_Start
                0x0000287c       0x1c .\CortexM3\ARM_GCC_541\Debug\JSON_Parser.a(TFT_SPI.o)
                0x0000287c                TFT_SPI_Start
 .text.TFT_SPI_IntClock_Start
                0x00002898       0x1c .\CortexM3\ARM_GCC_541\Debug\JSON_Parser.a(TFT_SPI_IntClock.o)
                0x00002898                TFT_SPI_IntClock_Start
 *fill*         0x000028b4        0x4 
 .text          0x000028b8       0x20 .\CortexM3\ARM_GCC_541\Debug\JSON_Parser.a(CyBootAsmGnu.o)
                0x000028b8                CyDelayCycles
                0x000028c8                CyEnterCriticalSection
                0x000028d0                CyExitCriticalSection
 .text          0x000028d8       0x7c .\CortexM3\ARM_GCC_541\Debug\JSON_Parser.a(ErikaOS_ee_gnu_change_context_isr.o)
                0x000028d8                EE_set_switch_context_pri
                0x000028f2                EE_switch_context
                0x000028fc                EE_cortex_mx_pendsv_ISR
                0x00002938                EE_cortex_mx_svc_ISR
 .text          0x00002954       0x24 .\CortexM3\ARM_GCC_541\Debug\JSON_Parser.a(ErikaOS_ee_gnu_irq_stack.o)
                0x00002954                EE_cortex_mx_change_IRQ_stack
                0x00002966                EE_cortex_mx_change_IRQ_stack_back
 .text          0x00002978       0x68 .\CortexM3\ARM_GCC_541\Debug\JSON_Parser.a(ErikaOS_ee_gnu_multi_context.o)
                0x00002978                EE_cortex_mx_change_context
 .text          0x000029e0       0x80 .\CortexM3\ARM_GCC_541\Debug\JSON_Parser.a(ErikaOS_ee_gnu_oo.o)
                0x000029e0                EE_hal_terminate_savestk
                0x00002a2a                EE_hal_terminate_task
 .text.EE_thread_not_terminated
                0x00002a60       0x18 .\CortexM3\ARM_GCC_541\Debug\JSON_Parser.a(ErikaOS_ee_tnterm.o)
                0x00002a60                EE_thread_not_terminated
 .text.EE_oo_thread_stub
                0x00002a78       0x10 .\CortexM3\ARM_GCC_541\Debug\JSON_Parser.a(ErikaOS_ee_tstub.o)
                0x00002a78                EE_oo_thread_stub
 .text.EE_oo_release_all_resources
                0x00002a88       0x58 .\CortexM3\ARM_GCC_541\Debug\JSON_Parser.a(ErikaOS_ee_ulockallres.o)
                0x00002a88                EE_oo_release_all_resources
 .text.EE_std_run_task_code
                0x00002ae0       0x18 .\CortexM3\ARM_GCC_541\Debug\JSON_Parser.a(ErikaOS_cortex_mx_ee_context.o)
                0x00002ae0                EE_std_run_task_code
 .text.EE_std_need_context_change
                0x00002af8       0x28 .\CortexM3\ARM_GCC_541\Debug\JSON_Parser.a(ErikaOS_cortex_mx_ee_context.o)
                0x00002af8                EE_std_need_context_change
 .text.EE_thread_rnact_max
                0x00002b20       0x20 .\CortexM3\ARM_GCC_541\Debug\JSON_Parser.a(ErikaOS_ee_thendin.o)
 .text.EE_thread_endcycle_next
                0x00002b40       0x30 .\CortexM3\ARM_GCC_541\Debug\JSON_Parser.a(ErikaOS_ee_thendin.o)
 .text.EE_thread_end_instance
                0x00002b70      0x108 .\CortexM3\ARM_GCC_541\Debug\JSON_Parser.a(ErikaOS_ee_thendin.o)
                0x00002b70                EE_thread_end_instance
 .text.__errno  0x00002c78        0xc c:/program files (x86)/cypress/psoc creator/4.4/psoc creator/import/gnu/arm/5.4.1/bin/../lib/gcc/arm-none-eabi/5.4.1/../../../../arm-none-eabi/lib/armv7-m\libg_nano.a(lib_a-errno.o)
                0x00002c78                __errno
 .text.__libc_init_array
                0x00002c84       0x4c c:/program files (x86)/cypress/psoc creator/4.4/psoc creator/import/gnu/arm/5.4.1/bin/../lib/gcc/arm-none-eabi/5.4.1/../../../../arm-none-eabi/lib/armv7-m\libg_nano.a(lib_a-init.o)
                0x00002c84                __libc_init_array
 .text.memcpy   0x00002cd0       0x16 c:/program files (x86)/cypress/psoc creator/4.4/psoc creator/import/gnu/arm/5.4.1/bin/../lib/gcc/arm-none-eabi/5.4.1/../../../../arm-none-eabi/lib/armv7-m\libg_nano.a(lib_a-memcpy-stub.o)
                0x00002cd0                memcpy
 .text.memset   0x00002ce6       0x10 c:/program files (x86)/cypress/psoc creator/4.4/psoc creator/import/gnu/arm/5.4.1/bin/../lib/gcc/arm-none-eabi/5.4.1/../../../../arm-none-eabi/lib/armv7-m\libg_nano.a(lib_a-memset.o)
                0x00002ce6                memset
 .text          0x00002cf6       0x14 c:/program files (x86)/cypress/psoc creator/4.4/psoc creator/import/gnu/arm/5.4.1/bin/../lib/gcc/arm-none-eabi/5.4.1/../../../../arm-none-eabi/lib/armv7-m\libg_nano.a(lib_a-strcmp.o)
                0x00002cf6                strcmp
 .text          0x00002d0a       0x10 c:/program files (x86)/cypress/psoc creator/4.4/psoc creator/import/gnu/arm/5.4.1/bin/../lib/gcc/arm-none-eabi/5.4.1/../../../../arm-none-eabi/lib/armv7-m\libg_nano.a(lib_a-strlen.o)
                0x00002d0a                strlen
 *(.plt)
 *(.gnu.warning)
 *(.glue_7t)
 .glue_7t       0x00002d1a        0x0 linker stubs
 *(.glue_7)
 .glue_7        0x00002d1a        0x0 linker stubs
 *(.vfp11_veneer)
 .vfp11_veneer  0x00002d1a        0x0 linker stubs
 *(.bootloader)
 *(.ARM.extab* .gnu.linkonce.armextab.*)
 *(.gcc_except_table)

.v4_bx          0x00002d1c        0x0
 .v4_bx         0x00002d1c        0x0 linker stubs

.iplt           0x00002d1c        0x0
 .iplt          0x00002d1c        0x0 c:/program files (x86)/cypress/psoc creator/4.4/psoc creator/import/gnu/arm/5.4.1/bin/../lib/gcc/arm-none-eabi/5.4.1/armv7-m/crtbegin.o

.eh_frame_hdr
 *(.eh_frame_hdr)

.eh_frame       0x00002d1c        0x4
 *(.eh_frame)
 .eh_frame      0x00002d1c        0x0 c:/program files (x86)/cypress/psoc creator/4.4/psoc creator/import/gnu/arm/5.4.1/bin/../lib/gcc/arm-none-eabi/5.4.1/armv7-m/crtbegin.o
 .eh_frame      0x00002d1c        0x4 c:/program files (x86)/cypress/psoc creator/4.4/psoc creator/import/gnu/arm/5.4.1/bin/../lib/gcc/arm-none-eabi/5.4.1/armv7-m/crtend.o
                [!provide]                PROVIDE (__exidx_start, .)

.ARM.exidx
 *(.ARM.exidx* .gnu.linkonce.armexidx.*)
                0x00002d20                __exidx_end = .

.rodata         0x00002d20      0x918
 *(.rodata .rodata.* .gnu.linkonce.r.*)
 .rodata.str1.4
                0x00002d20       0x64 .\CortexM3\ARM_GCC_541\Debug\main.o
 .rodata        0x00002d84      0x558 .\CortexM3\ARM_GCC_541\Debug\tft.o
 .rodata.str1.4
                0x000032dc       0x14 .\CortexM3\ARM_GCC_541\Debug\tft.o
 .rodata.str1.4
                0x000032f0       0x27 .\CortexM3\ARM_GCC_541\Debug\uart.o
 *fill*         0x00003317        0x1 
 .rodata.str1.4
                0x00003318       0x45 .\CortexM3\ARM_GCC_541\Debug\drawer.o
 *fill*         0x0000335d        0x3 
 .rodata.str1.4
                0x00003360       0x18 .\CortexM3\ARM_GCC_541\Debug\logging.o
 .rodata        0x00003378       0x58 .\CortexM3\ARM_GCC_541\Debug\cyfitter_cfg.o
 .rodata        0x000033d0      0x100 .\CortexM3\ARM_GCC_541\Debug\JSON_Parser.a(ErikaOS_ee_lookup.o)
                0x000033d0                EE_rq_lookup
 .rodata        0x000034d0       0xb0 .\CortexM3\ARM_GCC_541\Debug\JSON_Parser.a(ErikaOS_eecfg.o)
                0x000034d0                EE_oo_autostart_task_data
                0x000034dc                EE_oo_action_ROM
                0x000034f0                EE_oo_counter_object_ROM
                0x000034fc                EE_ALARM_ID
                0x00003500                EE_alarm_ROM
                0x00003504                EE_counter_ROM
                0x00003510                EE_resource_ceiling
                0x00003518                EE_th_is_extended
                0x00003524                EE_th_rnact_max
                0x00003530                EE_th_dispatch_prio
                0x0000353c                EE_EVENT_ID
                0x00003544                EE_RESOURCE_ID
                0x0000354c                EE_th_ready_prio
                0x00003558                EE_terminate_real_th_body
                0x00003564                EE_hal_thread_body
                0x00003570                EE_std_thread_tos
 .rodata.str1.4
                0x00003580       0x7c .\CortexM3\ARM_GCC_541\Debug\JSON_Parser.a(ErikaOS_eecfg.o)
                                 0x79 (size before relaxing)
 .rodata.str1.1
                0x000035fc        0x2 c:/program files (x86)/cypress/psoc creator/4.4/psoc creator/import/gnu/arm/5.4.1/bin/../lib/gcc/arm-none-eabi/5.4.1/../../../../arm-none-eabi/lib/armv7-m\libg_nano.a(lib_a-impure.o)
                0x00003600                . = ALIGN (0x4)
 *fill*         0x000035fe        0x2 
 *(.init)
 .init          0x00003600        0x4 c:/program files (x86)/cypress/psoc creator/4.4/psoc creator/import/gnu/arm/5.4.1/bin/../lib/gcc/arm-none-eabi/5.4.1/armv7-m/crti.o
                0x00003600                _init
 .init          0x00003604        0x8 c:/program files (x86)/cypress/psoc creator/4.4/psoc creator/import/gnu/arm/5.4.1/bin/../lib/gcc/arm-none-eabi/5.4.1/armv7-m/crtn.o
                0x0000360c                . = ALIGN (0x4)
                0x0000360c                __preinit_array_start = .
 *(.preinit_array)
                0x0000360c                __preinit_array_end = .
                0x0000360c                . = ALIGN (0x4)
                0x0000360c                __init_array_start = .
 *(SORT(.init_array.*))
 *(.init_array)
 .init_array    0x0000360c        0x4 c:/program files (x86)/cypress/psoc creator/4.4/psoc creator/import/gnu/arm/5.4.1/bin/../lib/gcc/arm-none-eabi/5.4.1/armv7-m/crtbegin.o
 .init_array    0x00003610        0x4 .\CortexM3\ARM_GCC_541\Debug\Cm3Start.o
                0x00003614                __init_array_end = .
                0x00003614                . = ALIGN (0x4)
 *(.fini)
 .fini          0x00003614        0x4 c:/program files (x86)/cypress/psoc creator/4.4/psoc creator/import/gnu/arm/5.4.1/bin/../lib/gcc/arm-none-eabi/5.4.1/armv7-m/crti.o
                0x00003614                _fini
 .fini          0x00003618        0x8 c:/program files (x86)/cypress/psoc creator/4.4/psoc creator/import/gnu/arm/5.4.1/bin/../lib/gcc/arm-none-eabi/5.4.1/armv7-m/crtn.o
                0x00003620                . = ALIGN (0x4)
                0x00003620                __fini_array_start = .
 *(.fini_array)
 .fini_array    0x00003620        0x4 c:/program files (x86)/cypress/psoc creator/4.4/psoc creator/import/gnu/arm/5.4.1/bin/../lib/gcc/arm-none-eabi/5.4.1/armv7-m/crtbegin.o
 *(SORT(.fini_array.*))
                0x00003624                __fini_array_end = .
                0x00003624                . = ALIGN (0x4)
 *crtbegin.o(.ctors)
 *(EXCLUDE_FILE(*crtend.o) .ctors)
 *(SORT(.ctors.*))
 *crtend.o(.ctors)
                0x00003624                . = ALIGN (0x4)
 *crtbegin.o(.dtors)
 *(EXCLUDE_FILE(*crtend.o) .dtors)
 *(SORT(.dtors.*))
 *crtend.o(.dtors)
                0x00003624                . = ALIGN (0x4)
                0x00003624                __cy_regions = .
                0x00003624        0x4 LONG 0x3638 __cy_region_init_ram
                0x00003628        0x4 LONG 0x1fff80c8 __cy_region_start_data
                0x0000362c        0x4 LONG 0x190 __cy_region_init_size_ram
                0x00003630        0x4 LONG 0x1ec8 __cy_region_zero_size_ram
                0x00003634                __cy_regions_end = .
                0x00003638                . = ALIGN (0x8)
 *fill*         0x00003634        0x4 
                0x00003638                _etext = .

.cy_checksum_exclude
                0x00003638        0x0
 *(.cy_checksum_exclude)

.ramvectors     0x1fff8000       0xc0
                0x1fff8000                __cy_region_start_ram = .
 *(.ramvectors)
 .ramvectors    0x1fff8000       0xc0 .\CortexM3\ARM_GCC_541\Debug\Cm3Start.o
                0x1fff8000                CyRamVectors

.noinit         0x1fff80c0        0x1
 *(.noinit)
 .noinit        0x1fff80c0        0x1 .\CortexM3\ARM_GCC_541\Debug\JSON_Parser.a(CyLib.o)
                0x1fff80c0                CyResetStatus

.data           0x1fff80c8      0x190 load address 0x00003638
                0x1fff80c8                __cy_region_start_data = .
 *(.jcr)
 .jcr           0x1fff80c8        0x0 c:/program files (x86)/cypress/psoc creator/4.4/psoc creator/import/gnu/arm/5.4.1/bin/../lib/gcc/arm-none-eabi/5.4.1/armv7-m/crtbegin.o
 .jcr           0x1fff80c8        0x4 c:/program files (x86)/cypress/psoc creator/4.4/psoc creator/import/gnu/arm/5.4.1/bin/../lib/gcc/arm-none-eabi/5.4.1/armv7-m/crtend.o
 *(.got.plt)
 *(.got)
 *(.shdata)
 *(.data .data.* .gnu.linkonce.d.*)
 .data          0x1fff80cc       0x10 .\CortexM3\ARM_GCC_541\Debug\JSON_Parser.a(CyLib.o)
                0x1fff80cc                cydelay_32k_ms
                0x1fff80d0                cydelay_freq_khz
                0x1fff80d4                cydelay_freq_mhz
                0x1fff80d8                cydelay_freq_hz
 .data          0x1fff80dc      0x114 .\CortexM3\ARM_GCC_541\Debug\JSON_Parser.a(ErikaOS_eecfg.o)
                0x1fff80dc                EE_ALARM_NAME
                0x1fff80e0                EE_counter_RAM
                0x1fff80e8                EE_resource_stack
                0x1fff80f0                EE_th_resource_last
                0x1fff80fc                EE_th_terminate_nextask
                0x1fff8108                EE_rq_pairs_next
                0x1fff8114                EE_rq_link
                0x1fff8120                EE_th_rnact
                0x1fff812c                EE_rq_queues_tail
                0x1fff816c                EE_rq_queues_head
                0x1fff81ac                EE_stkfirst
                0x1fff81b0                EE_th_next
                0x1fff81bc                EE_th_status
                0x1fff81c8                EE_EVENT_NAME
                0x1fff81d0                EE_RESOURCE_NAME
                0x1fff81d8                EE_TASK_NAME
                0x1fff81e4                EE_cortex_mx_IRQ_tos
                0x1fff81e8                EE_cortex_mx_system_tos
 .data          0x1fff81f0        0x4 .\CortexM3\ARM_GCC_541\Debug\JSON_Parser.a(ErikaOS_ee_gnu_irq_stack.o)
 .data.impure_data
                0x1fff81f4       0x60 c:/program files (x86)/cypress/psoc creator/4.4/psoc creator/import/gnu/arm/5.4.1/bin/../lib/gcc/arm-none-eabi/5.4.1/../../../../arm-none-eabi/lib/armv7-m\libg_nano.a(lib_a-impure.o)
 .data._impure_ptr
                0x1fff8254        0x4 c:/program files (x86)/cypress/psoc creator/4.4/psoc creator/import/gnu/arm/5.4.1/bin/../lib/gcc/arm-none-eabi/5.4.1/../../../../arm-none-eabi/lib/armv7-m\libg_nano.a(lib_a-impure.o)
                0x1fff8254                _impure_ptr
                0x1fff8258                . = ALIGN (0x8)
 *(.ram)
                0x1fff8258                _edata = .

.igot.plt       0x1fff8258        0x0 load address 0x000037c8
 .igot.plt      0x1fff8258        0x0 c:/program files (x86)/cypress/psoc creator/4.4/psoc creator/import/gnu/arm/5.4.1/bin/../lib/gcc/arm-none-eabi/5.4.1/armv7-m/crtbegin.o

.bss            0x1fff8258     0x1ec8 load address 0x000037c8
                0x1fff8258                PROVIDE (__bss_start__, .)
 *(.shbss)
 *(.bss .bss.* .gnu.linkonce.b.*)
 .bss           0x1fff8258       0x1c c:/program files (x86)/cypress/psoc creator/4.4/psoc creator/import/gnu/arm/5.4.1/bin/../lib/gcc/arm-none-eabi/5.4.1/armv7-m/crtbegin.o
 .bss           0x1fff8274        0x1 .\CortexM3\ARM_GCC_541\Debug\main.o
                0x1fff8274                i
 *fill*         0x1fff8275        0x3 
 .bss           0x1fff8278       0xe6 .\CortexM3\ARM_GCC_541\Debug\tft.o
 *fill*         0x1fff835e        0x2 
 .bss           0x1fff8360       0x3c .\CortexM3\ARM_GCC_541\Debug\JSON_Parser.a(ErikaOS_eecfg.o)
                0x1fff8360                EE_resource_locked
                0x1fff8368                EE_th_waswaiting
                0x1fff8374                EE_th_event_waitmask
                0x1fff8380                EE_th_event_active
                0x1fff838c                EE_rq_free
                0x1fff8390                EE_rq_bitmask
                0x1fff8394                EE_sys_ceiling
                0x1fff8398                EE_cortex_mx_active_tos
 .bss           0x1fff839c        0x2 .\CortexM3\ARM_GCC_541\Debug\JSON_Parser.a(UART_LOG.o)
                0x1fff839c                UART_LOG_initVar
 .bss           0x1fff839e        0x1 .\CortexM3\ARM_GCC_541\Debug\JSON_Parser.a(TFT_BackLight.o)
                0x1fff839e                TFT_BackLight_initVar
 .bss           0x1fff839f        0x1 .\CortexM3\ARM_GCC_541\Debug\JSON_Parser.a(TFT_SPI.o)
                0x1fff839f                TFT_SPI_initVar
 *(COMMON)
 COMMON         0x1fff83a0     0x1364 .\CortexM3\ARM_GCC_541\Debug\main.o
                0x1fff83a0                drawer
                0x1fff9078                parsingEventHandler
                0x1fff9148                string
                0x1fff915c                UART_port
                0x1fff92fc                drawingEventHandler
                0x1fff93cc                jsonParser
 COMMON         0x1fff9704        0x8 .\CortexM3\ARM_GCC_541\Debug\JSON_Parser.a(ErikaOS_ee_lookup.o)
                0x1fff9704                EE_oo_IRQ_disable_count
                0x1fff9708                EE_oo_IRQ_suspend_status
 COMMON         0x1fff970c        0x4 .\CortexM3\ARM_GCC_541\Debug\JSON_Parser.a(ErikaOS_ee_startos.o)
                0x1fff970c                EE_oo_started
 COMMON         0x1fff9710        0x8 .\CortexM3\ARM_GCC_541\Debug\JSON_Parser.a(ErikaOS_common_ee_hal_structs.o)
                0x1fff9710                EE_IRQ_nesting_level
                0x1fff9714                EE_std_endcycle_next_tid
 COMMON         0x1fff9718      0xa04 .\CortexM3\ARM_GCC_541\Debug\JSON_Parser.a(ErikaOS_eecfg.o)
                0x1fff9718                EE_cortex_mx_stack_3
                0x1fff9ee8                EE_rq_pairs_tid
                0x1fff9ef4                EE_terminate_data
                0x1fff9f00                EE_oo_counter_object_RAM
                0x1fff9f10                EE_resource_oldceiling
                0x1fff9f18                EE_ApplicationMode
                0x1fff9f1c                EE_cortex_mx_stack_9
                0x1fffa120                . = ALIGN (0x8)
 *fill*         0x1fffa11c        0x4 
 *(.ram.b)
                0x1fffa120                _end = .
                0x1fffa120                __end = .
                0x1fffa120                PROVIDE (end, .)
                0x1fffa120                PROVIDE (__bss_end__, .)
                0x00003638                __cy_region_init_ram = LOADADDR (.data)
                0x00000190                __cy_region_init_size_ram = (_edata - ADDR (.data))
                0x00001ec8                __cy_region_zero_size_ram = (_end - _edata)

.heap           0x1fffa120       0x80 load address 0x000037c8
                0x1fffa120                . = _end
                0x1fffa1a0                . = (. + 0x80)
 *fill*         0x1fffa120       0x80 
                0x1fffa1a0                __cy_heap_limit = .

.stack          0x20007800      0x800
                0x20007800                __cy_stack_limit = .
                0x20008000                . = (. + 0x800)
 *fill*         0x20007800      0x800 
                0x00000001                ASSERT ((__cy_stack_limit >= __cy_heap_limit), region RAM overflowed with stack)
                0x00000000                cy_checksum_exclude_size = (CY_APPL_LOADABLE == 0x1)?SIZEOF (.cy_checksum_exclude):0x0
                0x00000001                ASSERT ((cy_checksum_exclude_size <= CY_CHECKSUM_EXCLUDE_SIZE), CY_BOOT: Section .cy_checksum_exclude size exceedes specified limit.)

.cyloadermeta
 *(.cyloadermeta)

.cyloadablemeta
 *(.cyloadablemeta)

.cyconfigecc    0x80000000      0x650
 *(.cyconfigecc)
 .cyconfigecc   0x80000000      0x650 .\CortexM3\ARM_GCC_541\Debug\cymetadata.o
                0x80000000                cy_meta_configecc

.cycustnvl      0x90000000        0x4
 *(.cycustnvl)
 .cycustnvl     0x90000000        0x4 .\CortexM3\ARM_GCC_541\Debug\cymetadata.o
                0x90000000                cy_meta_custnvl

.cywolatch      0x90100000        0x4
 *(.cywolatch)
 .cywolatch     0x90100000        0x4 .\CortexM3\ARM_GCC_541\Debug\cymetadata.o
                0x90100000                cy_meta_wonvl

.cyeeprom       0x90200000        0x0
 *(.cyeeprom)
                0x00000001                ASSERT ((. <= ((0x90200000 + ee_offset) + ee_size)), .cyeeprom data will not fit in EEPROM)

.cyflashprotect
                0x90400000      0x100
 *(.cyflashprotect)
 .cyflashprotect
                0x90400000      0x100 .\CortexM3\ARM_GCC_541\Debug\cymetadata.o
                0x90400000                cy_meta_flashprotect

.cymeta         0x90500000        0xc
 *(.cymeta)
 .cymeta        0x90500000        0xc .\CortexM3\ARM_GCC_541\Debug\cymetadata.o
                0x90500000                cy_metadata

.rel.dyn        0x000037c8        0x0 load address 0x9050000c
 .rel.iplt      0x000037c8        0x0 c:/program files (x86)/cypress/psoc creator/4.4/psoc creator/import/gnu/arm/5.4.1/bin/../lib/gcc/arm-none-eabi/5.4.1/armv7-m/crtbegin.o

.stab
 *(.stab)

.stabstr
 *(.stabstr)

.debug
 *(.debug)

.line
 *(.line)

.debug_srcinfo
 *(.debug_srcinfo)

.debug_sfnames
 *(.debug_sfnames)

.debug_aranges  0x00000000     0x1090
 *(.debug_aranges)
 .debug_aranges
                0x00000000       0x58 .\CortexM3\ARM_GCC_541\Debug\main.o
 .debug_aranges
                0x00000058      0x178 .\CortexM3\ARM_GCC_541\Debug\tft.o
 .debug_aranges
                0x000001d0       0x48 .\CortexM3\ARM_GCC_541\Debug\ringBuffer.o
 .debug_aranges
                0x00000218       0x48 .\CortexM3\ARM_GCC_541\Debug\ringBufferEV.o
 .debug_aranges
                0x00000260       0x50 .\CortexM3\ARM_GCC_541\Debug\uart.o
 .debug_aranges
                0x000002b0       0x30 .\CortexM3\ARM_GCC_541\Debug\events.o
 .debug_aranges
                0x000002e0       0x38 .\CortexM3\ARM_GCC_541\Debug\parser.o
 .debug_aranges
                0x00000318       0x48 .\CortexM3\ARM_GCC_541\Debug\jasmin.o
 .debug_aranges
                0x00000360       0x50 .\CortexM3\ARM_GCC_541\Debug\drawer.o
 .debug_aranges
                0x000003b0       0x48 .\CortexM3\ARM_GCC_541\Debug\ringBufferDrawing.o
 .debug_aranges
                0x000003f8       0x28 .\CortexM3\ARM_GCC_541\Debug\logging.o
 .debug_aranges
                0x00000420       0x58 .\CortexM3\ARM_GCC_541\Debug\cyfitter_cfg.o
 .debug_aranges
                0x00000478       0x18 .\CortexM3\ARM_GCC_541\Debug\cymetadata.o
 .debug_aranges
                0x00000490       0x48 .\CortexM3\ARM_GCC_541\Debug\Cm3Start.o
 .debug_aranges
                0x000004d8      0x2a0 .\CortexM3\ARM_GCC_541\Debug\JSON_Parser.a(CyLib.o)
 .debug_aranges
                0x00000778       0x98 .\CortexM3\ARM_GCC_541\Debug\JSON_Parser.a(cyPm.o)
 .debug_aranges
                0x00000810       0x20 .\CortexM3\ARM_GCC_541\Debug\JSON_Parser.a(ErikaOS_ee_activate.o)
 .debug_aranges
                0x00000830       0x58 .\CortexM3\ARM_GCC_541\Debug\JSON_Parser.a(ErikaOS_ee_altick.o)
 .debug_aranges
                0x00000888       0x20 .\CortexM3\ARM_GCC_541\Debug\JSON_Parser.a(ErikaOS_ee_evclear.o)
 .debug_aranges
                0x000008a8       0x20 .\CortexM3\ARM_GCC_541\Debug\JSON_Parser.a(ErikaOS_ee_evget.o)
 .debug_aranges
                0x000008c8       0x20 .\CortexM3\ARM_GCC_541\Debug\JSON_Parser.a(ErikaOS_ee_evset.o)
 .debug_aranges
                0x000008e8       0x20 .\CortexM3\ARM_GCC_541\Debug\JSON_Parser.a(ErikaOS_ee_evwait.o)
 .debug_aranges
                0x00000908       0x30 .\CortexM3\ARM_GCC_541\Debug\JSON_Parser.a(ErikaOS_ee_irqendin.o)
 .debug_aranges
                0x00000938       0x20 .\CortexM3\ARM_GCC_541\Debug\JSON_Parser.a(ErikaOS_ee_lockres.o)
 .debug_aranges
                0x00000958       0x18 .\CortexM3\ARM_GCC_541\Debug\JSON_Parser.a(ErikaOS_ee_lookup.o)
 .debug_aranges
                0x00000970       0x20 .\CortexM3\ARM_GCC_541\Debug\JSON_Parser.a(ErikaOS_ee_rq_exchg.o)
 .debug_aranges
                0x00000990       0x20 .\CortexM3\ARM_GCC_541\Debug\JSON_Parser.a(ErikaOS_ee_rq_first.o)
 .debug_aranges
                0x000009b0       0x20 .\CortexM3\ARM_GCC_541\Debug\JSON_Parser.a(ErikaOS_ee_rq_inser.o)
 .debug_aranges
                0x000009d0       0x40 .\CortexM3\ARM_GCC_541\Debug\JSON_Parser.a(ErikaOS_ee_startos.o)
 .debug_aranges
                0x00000a10       0x20 .\CortexM3\ARM_GCC_541\Debug\JSON_Parser.a(ErikaOS_ee_terminat.o)
 .debug_aranges
                0x00000a30       0x20 .\CortexM3\ARM_GCC_541\Debug\JSON_Parser.a(ErikaOS_ee_ulockres.o)
 .debug_aranges
                0x00000a50       0x20 .\CortexM3\ARM_GCC_541\Debug\JSON_Parser.a(ErikaOS_cortex_mx_ee_utils.o)
 .debug_aranges
                0x00000a70       0x18 .\CortexM3\ARM_GCC_541\Debug\JSON_Parser.a(ErikaOS_common_ee_hal_structs.o)
 .debug_aranges
                0x00000a88       0x18 .\CortexM3\ARM_GCC_541\Debug\JSON_Parser.a(ErikaOS_eecfg.o)
 .debug_aranges
                0x00000aa0       0xf0 .\CortexM3\ARM_GCC_541\Debug\JSON_Parser.a(UART_LOG.o)
 .debug_aranges
                0x00000b90       0x70 .\CortexM3\ARM_GCC_541\Debug\JSON_Parser.a(UART_LOG_IntClock.o)
 .debug_aranges
                0x00000c00       0x78 .\CortexM3\ARM_GCC_541\Debug\JSON_Parser.a(TFT_BackLight.o)
 .debug_aranges
                0x00000c78       0x38 .\CortexM3\ARM_GCC_541\Debug\JSON_Parser.a(TFT_RES.o)
 .debug_aranges
                0x00000cb0       0x38 .\CortexM3\ARM_GCC_541\Debug\JSON_Parser.a(TFT_DC.o)
 .debug_aranges
                0x00000ce8       0xd8 .\CortexM3\ARM_GCC_541\Debug\JSON_Parser.a(TFT_SPI.o)
 .debug_aranges
                0x00000dc0       0x70 .\CortexM3\ARM_GCC_541\Debug\JSON_Parser.a(TFT_SPI_IntClock.o)
 .debug_aranges
                0x00000e30       0x20 .\CortexM3\ARM_GCC_541\Debug\JSON_Parser.a(CyBootAsmGnu.o)
 .debug_aranges
                0x00000e50       0x20 .\CortexM3\ARM_GCC_541\Debug\JSON_Parser.a(ErikaOS_ee_gnu_change_context_isr.o)
 .debug_aranges
                0x00000e70       0x20 .\CortexM3\ARM_GCC_541\Debug\JSON_Parser.a(ErikaOS_ee_gnu_irq_stack.o)
 .debug_aranges
                0x00000e90       0x20 .\CortexM3\ARM_GCC_541\Debug\JSON_Parser.a(ErikaOS_ee_gnu_multi_context.o)
 .debug_aranges
                0x00000eb0       0x20 .\CortexM3\ARM_GCC_541\Debug\JSON_Parser.a(ErikaOS_ee_gnu_oo.o)
 .debug_aranges
                0x00000ed0       0x88 .\CortexM3\ARM_GCC_541\Debug\JSON_Parser.a(CyFlash.o)
 .debug_aranges
                0x00000f58       0x80 .\CortexM3\ARM_GCC_541\Debug\JSON_Parser.a(CySpc.o)
 .debug_aranges
                0x00000fd8       0x20 .\CortexM3\ARM_GCC_541\Debug\JSON_Parser.a(ErikaOS_ee_tnterm.o)
 .debug_aranges
                0x00000ff8       0x20 .\CortexM3\ARM_GCC_541\Debug\JSON_Parser.a(ErikaOS_ee_tstub.o)
 .debug_aranges
                0x00001018       0x20 .\CortexM3\ARM_GCC_541\Debug\JSON_Parser.a(ErikaOS_ee_ulockallres.o)
 .debug_aranges
                0x00001038       0x28 .\CortexM3\ARM_GCC_541\Debug\JSON_Parser.a(ErikaOS_cortex_mx_ee_context.o)
 .debug_aranges
                0x00001060       0x30 .\CortexM3\ARM_GCC_541\Debug\JSON_Parser.a(ErikaOS_ee_thendin.o)

.debug_pubnames
 *(.debug_pubnames)

.debug_info     0x00000000    0x1526c
 *(.debug_info .gnu.linkonce.wi.*)
 .debug_info    0x00000000     0x1055 .\CortexM3\ARM_GCC_541\Debug\main.o
 .debug_info    0x00001055     0x27a3 .\CortexM3\ARM_GCC_541\Debug\tft.o
 .debug_info    0x000037f8      0x312 .\CortexM3\ARM_GCC_541\Debug\ringBuffer.o
 .debug_info    0x00003b0a      0x337 .\CortexM3\ARM_GCC_541\Debug\ringBufferEV.o
 .debug_info    0x00003e41      0x5db .\CortexM3\ARM_GCC_541\Debug\uart.o
 .debug_info    0x0000441c      0x319 .\CortexM3\ARM_GCC_541\Debug\events.o
 .debug_info    0x00004735      0x3cb .\CortexM3\ARM_GCC_541\Debug\parser.o
 .debug_info    0x00004b00      0x51e .\CortexM3\ARM_GCC_541\Debug\jasmin.o
 .debug_info    0x0000501e      0x917 .\CortexM3\ARM_GCC_541\Debug\drawer.o
 .debug_info    0x00005935      0x47a .\CortexM3\ARM_GCC_541\Debug\ringBufferDrawing.o
 .debug_info    0x00005daf      0x3bb .\CortexM3\ARM_GCC_541\Debug\logging.o
 .debug_info    0x0000616a      0x5a8 .\CortexM3\ARM_GCC_541\Debug\cyfitter_cfg.o
 .debug_info    0x00006712      0x138 .\CortexM3\ARM_GCC_541\Debug\cymetadata.o
 .debug_info    0x0000684a      0x3bb .\CortexM3\ARM_GCC_541\Debug\Cm3Start.o
 .debug_info    0x00006c05     0x1374 .\CortexM3\ARM_GCC_541\Debug\JSON_Parser.a(CyLib.o)
 .debug_info    0x00007f79      0xa2a .\CortexM3\ARM_GCC_541\Debug\JSON_Parser.a(cyPm.o)
 .debug_info    0x000089a3      0x80d .\CortexM3\ARM_GCC_541\Debug\JSON_Parser.a(ErikaOS_ee_activate.o)
 .debug_info    0x000091b0      0xc3b .\CortexM3\ARM_GCC_541\Debug\JSON_Parser.a(ErikaOS_ee_altick.o)
 .debug_info    0x00009deb      0x5a7 .\CortexM3\ARM_GCC_541\Debug\JSON_Parser.a(ErikaOS_ee_evclear.o)
 .debug_info    0x0000a392      0x4ca .\CortexM3\ARM_GCC_541\Debug\JSON_Parser.a(ErikaOS_ee_evget.o)
 .debug_info    0x0000a85c      0x7c3 .\CortexM3\ARM_GCC_541\Debug\JSON_Parser.a(ErikaOS_ee_evset.o)
 .debug_info    0x0000b01f      0x85a .\CortexM3\ARM_GCC_541\Debug\JSON_Parser.a(ErikaOS_ee_evwait.o)
 .debug_info    0x0000b879      0x5cb .\CortexM3\ARM_GCC_541\Debug\JSON_Parser.a(ErikaOS_ee_irqendin.o)
 .debug_info    0x0000be44      0x60d .\CortexM3\ARM_GCC_541\Debug\JSON_Parser.a(ErikaOS_ee_lockres.o)
 .debug_info    0x0000c451      0x3d0 .\CortexM3\ARM_GCC_541\Debug\JSON_Parser.a(ErikaOS_ee_lookup.o)
 .debug_info    0x0000c821      0x46f .\CortexM3\ARM_GCC_541\Debug\JSON_Parser.a(ErikaOS_ee_rq_exchg.o)
 .debug_info    0x0000cc90      0x421 .\CortexM3\ARM_GCC_541\Debug\JSON_Parser.a(ErikaOS_ee_rq_first.o)
 .debug_info    0x0000d0b1      0x475 .\CortexM3\ARM_GCC_541\Debug\JSON_Parser.a(ErikaOS_ee_rq_inser.o)
 .debug_info    0x0000d526     0x2040 .\CortexM3\ARM_GCC_541\Debug\JSON_Parser.a(ErikaOS_ee_startos.o)
 .debug_info    0x0000f566      0x595 .\CortexM3\ARM_GCC_541\Debug\JSON_Parser.a(ErikaOS_ee_terminat.o)
 .debug_info    0x0000fafb      0x7fb .\CortexM3\ARM_GCC_541\Debug\JSON_Parser.a(ErikaOS_ee_ulockres.o)
 .debug_info    0x000102f6      0x513 .\CortexM3\ARM_GCC_541\Debug\JSON_Parser.a(ErikaOS_cortex_mx_ee_utils.o)
 .debug_info    0x00010809      0x3cb .\CortexM3\ARM_GCC_541\Debug\JSON_Parser.a(ErikaOS_common_ee_hal_structs.o)
 .debug_info    0x00010bd4      0x96f .\CortexM3\ARM_GCC_541\Debug\JSON_Parser.a(ErikaOS_eecfg.o)
 .debug_info    0x00011543      0x60c .\CortexM3\ARM_GCC_541\Debug\JSON_Parser.a(UART_LOG.o)
 .debug_info    0x00011b4f      0x283 .\CortexM3\ARM_GCC_541\Debug\JSON_Parser.a(UART_LOG_IntClock.o)
 .debug_info    0x00011dd2      0x27e .\CortexM3\ARM_GCC_541\Debug\JSON_Parser.a(TFT_BackLight.o)
 .debug_info    0x00012050      0x11f .\CortexM3\ARM_GCC_541\Debug\JSON_Parser.a(TFT_RES.o)
 .debug_info    0x0001216f      0x11f .\CortexM3\ARM_GCC_541\Debug\JSON_Parser.a(TFT_DC.o)
 .debug_info    0x0001228e      0x4bb .\CortexM3\ARM_GCC_541\Debug\JSON_Parser.a(TFT_SPI.o)
 .debug_info    0x00012749      0x283 .\CortexM3\ARM_GCC_541\Debug\JSON_Parser.a(TFT_SPI_IntClock.o)
 .debug_info    0x000129cc       0xcf .\CortexM3\ARM_GCC_541\Debug\JSON_Parser.a(CyBootAsmGnu.o)
 .debug_info    0x00012a9b       0xc0 .\CortexM3\ARM_GCC_541\Debug\JSON_Parser.a(ErikaOS_ee_gnu_change_context_isr.o)
 .debug_info    0x00012b5b       0xb7 .\CortexM3\ARM_GCC_541\Debug\JSON_Parser.a(ErikaOS_ee_gnu_irq_stack.o)
 .debug_info    0x00012c12       0xbb .\CortexM3\ARM_GCC_541\Debug\JSON_Parser.a(ErikaOS_ee_gnu_multi_context.o)
 .debug_info    0x00012ccd       0xb0 .\CortexM3\ARM_GCC_541\Debug\JSON_Parser.a(ErikaOS_ee_gnu_oo.o)
 .debug_info    0x00012d7d      0x64d .\CortexM3\ARM_GCC_541\Debug\JSON_Parser.a(CyFlash.o)
 .debug_info    0x000133ca      0x550 .\CortexM3\ARM_GCC_541\Debug\JSON_Parser.a(CySpc.o)
 .debug_info    0x0001391a      0x473 .\CortexM3\ARM_GCC_541\Debug\JSON_Parser.a(ErikaOS_ee_tnterm.o)
 .debug_info    0x00013d8d      0x487 .\CortexM3\ARM_GCC_541\Debug\JSON_Parser.a(ErikaOS_ee_tstub.o)
 .debug_info    0x00014214      0x45e .\CortexM3\ARM_GCC_541\Debug\JSON_Parser.a(ErikaOS_ee_ulockallres.o)
 .debug_info    0x00014672      0x501 .\CortexM3\ARM_GCC_541\Debug\JSON_Parser.a(ErikaOS_cortex_mx_ee_context.o)
 .debug_info    0x00014b73      0x6f9 .\CortexM3\ARM_GCC_541\Debug\JSON_Parser.a(ErikaOS_ee_thendin.o)

.debug_abbrev   0x00000000     0x4f2f
 *(.debug_abbrev)
 .debug_abbrev  0x00000000      0x31f .\CortexM3\ARM_GCC_541\Debug\main.o
 .debug_abbrev  0x0000031f      0x2d2 .\CortexM3\ARM_GCC_541\Debug\tft.o
 .debug_abbrev  0x000005f1      0x117 .\CortexM3\ARM_GCC_541\Debug\ringBuffer.o
 .debug_abbrev  0x00000708      0x117 .\CortexM3\ARM_GCC_541\Debug\ringBufferEV.o
 .debug_abbrev  0x0000081f      0x1a1 .\CortexM3\ARM_GCC_541\Debug\uart.o
 .debug_abbrev  0x000009c0      0x107 .\CortexM3\ARM_GCC_541\Debug\events.o
 .debug_abbrev  0x00000ac7      0x134 .\CortexM3\ARM_GCC_541\Debug\parser.o
 .debug_abbrev  0x00000bfb      0x1b8 .\CortexM3\ARM_GCC_541\Debug\jasmin.o
 .debug_abbrev  0x00000db3      0x1cc .\CortexM3\ARM_GCC_541\Debug\drawer.o
 .debug_abbrev  0x00000f7f      0x13a .\CortexM3\ARM_GCC_541\Debug\ringBufferDrawing.o
 .debug_abbrev  0x000010b9      0x14a .\CortexM3\ARM_GCC_541\Debug\logging.o
 .debug_abbrev  0x00001203      0x20d .\CortexM3\ARM_GCC_541\Debug\cyfitter_cfg.o
 .debug_abbrev  0x00001410       0x77 .\CortexM3\ARM_GCC_541\Debug\cymetadata.o
 .debug_abbrev  0x00001487      0x1e8 .\CortexM3\ARM_GCC_541\Debug\Cm3Start.o
 .debug_abbrev  0x0000166f      0x254 .\CortexM3\ARM_GCC_541\Debug\JSON_Parser.a(CyLib.o)
 .debug_abbrev  0x000018c3      0x1ab .\CortexM3\ARM_GCC_541\Debug\JSON_Parser.a(cyPm.o)
 .debug_abbrev  0x00001a6e      0x284 .\CortexM3\ARM_GCC_541\Debug\JSON_Parser.a(ErikaOS_ee_activate.o)
 .debug_abbrev  0x00001cf2      0x362 .\CortexM3\ARM_GCC_541\Debug\JSON_Parser.a(ErikaOS_ee_altick.o)
 .debug_abbrev  0x00002054      0x1e0 .\CortexM3\ARM_GCC_541\Debug\JSON_Parser.a(ErikaOS_ee_evclear.o)
 .debug_abbrev  0x00002234      0x150 .\CortexM3\ARM_GCC_541\Debug\JSON_Parser.a(ErikaOS_ee_evget.o)
 .debug_abbrev  0x00002384      0x27f .\CortexM3\ARM_GCC_541\Debug\JSON_Parser.a(ErikaOS_ee_evset.o)
 .debug_abbrev  0x00002603      0x25d .\CortexM3\ARM_GCC_541\Debug\JSON_Parser.a(ErikaOS_ee_evwait.o)
 .debug_abbrev  0x00002860      0x1da .\CortexM3\ARM_GCC_541\Debug\JSON_Parser.a(ErikaOS_ee_irqendin.o)
 .debug_abbrev  0x00002a3a      0x1ef .\CortexM3\ARM_GCC_541\Debug\JSON_Parser.a(ErikaOS_ee_lockres.o)
 .debug_abbrev  0x00002c29       0xcf .\CortexM3\ARM_GCC_541\Debug\JSON_Parser.a(ErikaOS_ee_lookup.o)
 .debug_abbrev  0x00002cf8       0xfc .\CortexM3\ARM_GCC_541\Debug\JSON_Parser.a(ErikaOS_ee_rq_exchg.o)
 .debug_abbrev  0x00002df4       0xed .\CortexM3\ARM_GCC_541\Debug\JSON_Parser.a(ErikaOS_ee_rq_first.o)
 .debug_abbrev  0x00002ee1      0x109 .\CortexM3\ARM_GCC_541\Debug\JSON_Parser.a(ErikaOS_ee_rq_inser.o)
 .debug_abbrev  0x00002fea      0x4a7 .\CortexM3\ARM_GCC_541\Debug\JSON_Parser.a(ErikaOS_ee_startos.o)
 .debug_abbrev  0x00003491      0x1de .\CortexM3\ARM_GCC_541\Debug\JSON_Parser.a(ErikaOS_ee_terminat.o)
 .debug_abbrev  0x0000366f      0x277 .\CortexM3\ARM_GCC_541\Debug\JSON_Parser.a(ErikaOS_ee_ulockres.o)
 .debug_abbrev  0x000038e6      0x1e3 .\CortexM3\ARM_GCC_541\Debug\JSON_Parser.a(ErikaOS_cortex_mx_ee_utils.o)
 .debug_abbrev  0x00003ac9       0xcf .\CortexM3\ARM_GCC_541\Debug\JSON_Parser.a(ErikaOS_common_ee_hal_structs.o)
 .debug_abbrev  0x00003b98      0x130 .\CortexM3\ARM_GCC_541\Debug\JSON_Parser.a(ErikaOS_eecfg.o)
 .debug_abbrev  0x00003cc8      0x175 .\CortexM3\ARM_GCC_541\Debug\JSON_Parser.a(UART_LOG.o)
 .debug_abbrev  0x00003e3d      0x139 .\CortexM3\ARM_GCC_541\Debug\JSON_Parser.a(UART_LOG_IntClock.o)
 .debug_abbrev  0x00003f76      0x12d .\CortexM3\ARM_GCC_541\Debug\JSON_Parser.a(TFT_BackLight.o)
 .debug_abbrev  0x000040a3       0x90 .\CortexM3\ARM_GCC_541\Debug\JSON_Parser.a(TFT_RES.o)
 .debug_abbrev  0x00004133       0x90 .\CortexM3\ARM_GCC_541\Debug\JSON_Parser.a(TFT_DC.o)
 .debug_abbrev  0x000041c3      0x146 .\CortexM3\ARM_GCC_541\Debug\JSON_Parser.a(TFT_SPI.o)
 .debug_abbrev  0x00004309      0x139 .\CortexM3\ARM_GCC_541\Debug\JSON_Parser.a(TFT_SPI_IntClock.o)
 .debug_abbrev  0x00004442       0x14 .\CortexM3\ARM_GCC_541\Debug\JSON_Parser.a(CyBootAsmGnu.o)
 .debug_abbrev  0x00004456       0x14 .\CortexM3\ARM_GCC_541\Debug\JSON_Parser.a(ErikaOS_ee_gnu_change_context_isr.o)
 .debug_abbrev  0x0000446a       0x14 .\CortexM3\ARM_GCC_541\Debug\JSON_Parser.a(ErikaOS_ee_gnu_irq_stack.o)
 .debug_abbrev  0x0000447e       0x14 .\CortexM3\ARM_GCC_541\Debug\JSON_Parser.a(ErikaOS_ee_gnu_multi_context.o)
 .debug_abbrev  0x00004492       0x14 .\CortexM3\ARM_GCC_541\Debug\JSON_Parser.a(ErikaOS_ee_gnu_oo.o)
 .debug_abbrev  0x000044a6      0x1a7 .\CortexM3\ARM_GCC_541\Debug\JSON_Parser.a(CyFlash.o)
 .debug_abbrev  0x0000464d      0x194 .\CortexM3\ARM_GCC_541\Debug\JSON_Parser.a(CySpc.o)
 .debug_abbrev  0x000047e1      0x190 .\CortexM3\ARM_GCC_541\Debug\JSON_Parser.a(ErikaOS_ee_tnterm.o)
 .debug_abbrev  0x00004971      0x143 .\CortexM3\ARM_GCC_541\Debug\JSON_Parser.a(ErikaOS_ee_tstub.o)
 .debug_abbrev  0x00004ab4       0xfc .\CortexM3\ARM_GCC_541\Debug\JSON_Parser.a(ErikaOS_ee_ulockallres.o)
 .debug_abbrev  0x00004bb0      0x156 .\CortexM3\ARM_GCC_541\Debug\JSON_Parser.a(ErikaOS_cortex_mx_ee_context.o)
 .debug_abbrev  0x00004d06      0x229 .\CortexM3\ARM_GCC_541\Debug\JSON_Parser.a(ErikaOS_ee_thendin.o)

.debug_line     0x00000000     0x646e
 *(.debug_line)
 .debug_line    0x00000000      0x57e .\CortexM3\ARM_GCC_541\Debug\main.o
 .debug_line    0x0000057e      0x7bc .\CortexM3\ARM_GCC_541\Debug\tft.o
 .debug_line    0x00000d3a       0xf4 .\CortexM3\ARM_GCC_541\Debug\ringBuffer.o
 .debug_line    0x00000e2e       0xf8 .\CortexM3\ARM_GCC_541\Debug\ringBufferEV.o
 .debug_line    0x00000f26      0x1c2 .\CortexM3\ARM_GCC_541\Debug\uart.o
 .debug_line    0x000010e8       0xa5 .\CortexM3\ARM_GCC_541\Debug\events.o
 .debug_line    0x0000118d      0x12f .\CortexM3\ARM_GCC_541\Debug\parser.o
 .debug_line    0x000012bc      0x2a3 .\CortexM3\ARM_GCC_541\Debug\jasmin.o
 .debug_line    0x0000155f      0x246 .\CortexM3\ARM_GCC_541\Debug\drawer.o
 .debug_line    0x000017a5      0x13e .\CortexM3\ARM_GCC_541\Debug\ringBufferDrawing.o
 .debug_line    0x000018e3      0x265 .\CortexM3\ARM_GCC_541\Debug\logging.o
 .debug_line    0x00001b48      0x1f8 .\CortexM3\ARM_GCC_541\Debug\cyfitter_cfg.o
 .debug_line    0x00001d40      0x141 .\CortexM3\ARM_GCC_541\Debug\cymetadata.o
 .debug_line    0x00001e81      0x234 .\CortexM3\ARM_GCC_541\Debug\Cm3Start.o
 .debug_line    0x000020b5      0x816 .\CortexM3\ARM_GCC_541\Debug\JSON_Parser.a(CyLib.o)
 .debug_line    0x000028cb      0x367 .\CortexM3\ARM_GCC_541\Debug\JSON_Parser.a(cyPm.o)
 .debug_line    0x00002c32      0x1e6 .\CortexM3\ARM_GCC_541\Debug\JSON_Parser.a(ErikaOS_ee_activate.o)
 .debug_line    0x00002e18      0x2f1 .\CortexM3\ARM_GCC_541\Debug\JSON_Parser.a(ErikaOS_ee_altick.o)
 .debug_line    0x00003109      0x1c1 .\CortexM3\ARM_GCC_541\Debug\JSON_Parser.a(ErikaOS_ee_evclear.o)
 .debug_line    0x000032ca      0x14b .\CortexM3\ARM_GCC_541\Debug\JSON_Parser.a(ErikaOS_ee_evget.o)
 .debug_line    0x00003415      0x1e3 .\CortexM3\ARM_GCC_541\Debug\JSON_Parser.a(ErikaOS_ee_evset.o)
 .debug_line    0x000035f8      0x1f1 .\CortexM3\ARM_GCC_541\Debug\JSON_Parser.a(ErikaOS_ee_evwait.o)
 .debug_line    0x000037e9      0x190 .\CortexM3\ARM_GCC_541\Debug\JSON_Parser.a(ErikaOS_ee_irqendin.o)
 .debug_line    0x00003979      0x1dd .\CortexM3\ARM_GCC_541\Debug\JSON_Parser.a(ErikaOS_ee_lockres.o)
 .debug_line    0x00003b56      0x10b .\CortexM3\ARM_GCC_541\Debug\JSON_Parser.a(ErikaOS_ee_lookup.o)
 .debug_line    0x00003c61      0x14b .\CortexM3\ARM_GCC_541\Debug\JSON_Parser.a(ErikaOS_ee_rq_exchg.o)
 .debug_line    0x00003dac      0x142 .\CortexM3\ARM_GCC_541\Debug\JSON_Parser.a(ErikaOS_ee_rq_first.o)
 .debug_line    0x00003eee      0x146 .\CortexM3\ARM_GCC_541\Debug\JSON_Parser.a(ErikaOS_ee_rq_inser.o)
 .debug_line    0x00004034      0x3e8 .\CortexM3\ARM_GCC_541\Debug\JSON_Parser.a(ErikaOS_ee_startos.o)
 .debug_line    0x0000441c      0x1b0 .\CortexM3\ARM_GCC_541\Debug\JSON_Parser.a(ErikaOS_ee_terminat.o)
 .debug_line    0x000045cc      0x201 .\CortexM3\ARM_GCC_541\Debug\JSON_Parser.a(ErikaOS_ee_ulockres.o)
 .debug_line    0x000047cd      0x174 .\CortexM3\ARM_GCC_541\Debug\JSON_Parser.a(ErikaOS_cortex_mx_ee_utils.o)
 .debug_line    0x00004941       0xed .\CortexM3\ARM_GCC_541\Debug\JSON_Parser.a(ErikaOS_common_ee_hal_structs.o)
 .debug_line    0x00004a2e      0x12c .\CortexM3\ARM_GCC_541\Debug\JSON_Parser.a(ErikaOS_eecfg.o)
 .debug_line    0x00004b5a      0x2c4 .\CortexM3\ARM_GCC_541\Debug\JSON_Parser.a(UART_LOG.o)
 .debug_line    0x00004e1e      0x180 .\CortexM3\ARM_GCC_541\Debug\JSON_Parser.a(UART_LOG_IntClock.o)
 .debug_line    0x00004f9e      0x13b .\CortexM3\ARM_GCC_541\Debug\JSON_Parser.a(TFT_BackLight.o)
 .debug_line    0x000050d9       0x94 .\CortexM3\ARM_GCC_541\Debug\JSON_Parser.a(TFT_RES.o)
 .debug_line    0x0000516d       0x93 .\CortexM3\ARM_GCC_541\Debug\JSON_Parser.a(TFT_DC.o)
 .debug_line    0x00005200      0x249 .\CortexM3\ARM_GCC_541\Debug\JSON_Parser.a(TFT_SPI.o)
 .debug_line    0x00005449      0x17f .\CortexM3\ARM_GCC_541\Debug\JSON_Parser.a(TFT_SPI_IntClock.o)
 .debug_line    0x000055c8       0x66 .\CortexM3\ARM_GCC_541\Debug\JSON_Parser.a(CyBootAsmGnu.o)
 .debug_line    0x0000562e       0xac .\CortexM3\ARM_GCC_541\Debug\JSON_Parser.a(ErikaOS_ee_gnu_change_context_isr.o)
 .debug_line    0x000056da       0x72 .\CortexM3\ARM_GCC_541\Debug\JSON_Parser.a(ErikaOS_ee_gnu_irq_stack.o)
 .debug_line    0x0000574c       0x9b .\CortexM3\ARM_GCC_541\Debug\JSON_Parser.a(ErikaOS_ee_gnu_multi_context.o)
 .debug_line    0x000057e7       0x97 .\CortexM3\ARM_GCC_541\Debug\JSON_Parser.a(ErikaOS_ee_gnu_oo.o)
 .debug_line    0x0000587e      0x21a .\CortexM3\ARM_GCC_541\Debug\JSON_Parser.a(CyFlash.o)
 .debug_line    0x00005a98      0x260 .\CortexM3\ARM_GCC_541\Debug\JSON_Parser.a(CySpc.o)
 .debug_line    0x00005cf8      0x171 .\CortexM3\ARM_GCC_541\Debug\JSON_Parser.a(ErikaOS_ee_tnterm.o)
 .debug_line    0x00005e69      0x160 .\CortexM3\ARM_GCC_541\Debug\JSON_Parser.a(ErikaOS_ee_tstub.o)
 .debug_line    0x00005fc9      0x154 .\CortexM3\ARM_GCC_541\Debug\JSON_Parser.a(ErikaOS_ee_ulockallres.o)
 .debug_line    0x0000611d      0x19a .\CortexM3\ARM_GCC_541\Debug\JSON_Parser.a(ErikaOS_cortex_mx_ee_context.o)
 .debug_line    0x000062b7      0x1b7 .\CortexM3\ARM_GCC_541\Debug\JSON_Parser.a(ErikaOS_ee_thendin.o)

.debug_frame    0x00000000     0x2824
 *(.debug_frame)
 .debug_frame   0x00000000      0x110 .\CortexM3\ARM_GCC_541\Debug\main.o
 .debug_frame   0x00000110      0x5bc .\CortexM3\ARM_GCC_541\Debug\tft.o
 .debug_frame   0x000006cc       0x88 .\CortexM3\ARM_GCC_541\Debug\ringBuffer.o
 .debug_frame   0x00000754       0x88 .\CortexM3\ARM_GCC_541\Debug\ringBufferEV.o
 .debug_frame   0x000007dc      0x100 .\CortexM3\ARM_GCC_541\Debug\uart.o
 .debug_frame   0x000008dc       0x64 .\CortexM3\ARM_GCC_541\Debug\events.o
 .debug_frame   0x00000940       0x98 .\CortexM3\ARM_GCC_541\Debug\parser.o
 .debug_frame   0x000009d8       0xbc .\CortexM3\ARM_GCC_541\Debug\jasmin.o
 .debug_frame   0x00000a94      0x108 .\CortexM3\ARM_GCC_541\Debug\drawer.o
 .debug_frame   0x00000b9c       0xb4 .\CortexM3\ARM_GCC_541\Debug\ringBufferDrawing.o
 .debug_frame   0x00000c50       0x48 .\CortexM3\ARM_GCC_541\Debug\logging.o
 .debug_frame   0x00000c98       0xe4 .\CortexM3\ARM_GCC_541\Debug\cyfitter_cfg.o
 .debug_frame   0x00000d7c       0xb8 .\CortexM3\ARM_GCC_541\Debug\Cm3Start.o
 .debug_frame   0x00000e34      0x738 .\CortexM3\ARM_GCC_541\Debug\JSON_Parser.a(CyLib.o)
 .debug_frame   0x0000156c      0x1f8 .\CortexM3\ARM_GCC_541\Debug\JSON_Parser.a(cyPm.o)
 .debug_frame   0x00001764       0x30 .\CortexM3\ARM_GCC_541\Debug\JSON_Parser.a(ErikaOS_ee_activate.o)
 .debug_frame   0x00001794      0x10c .\CortexM3\ARM_GCC_541\Debug\JSON_Parser.a(ErikaOS_ee_altick.o)
 .debug_frame   0x000018a0       0x38 .\CortexM3\ARM_GCC_541\Debug\JSON_Parser.a(ErikaOS_ee_evclear.o)
 .debug_frame   0x000018d8       0x20 .\CortexM3\ARM_GCC_541\Debug\JSON_Parser.a(ErikaOS_ee_evget.o)
 .debug_frame   0x000018f8       0x30 .\CortexM3\ARM_GCC_541\Debug\JSON_Parser.a(ErikaOS_ee_evset.o)
 .debug_frame   0x00001928       0x30 .\CortexM3\ARM_GCC_541\Debug\JSON_Parser.a(ErikaOS_ee_evwait.o)
 .debug_frame   0x00001958       0x58 .\CortexM3\ARM_GCC_541\Debug\JSON_Parser.a(ErikaOS_ee_irqendin.o)
 .debug_frame   0x000019b0       0x40 .\CortexM3\ARM_GCC_541\Debug\JSON_Parser.a(ErikaOS_ee_lockres.o)
 .debug_frame   0x000019f0       0x3c .\CortexM3\ARM_GCC_541\Debug\JSON_Parser.a(ErikaOS_ee_rq_exchg.o)
 .debug_frame   0x00001a2c       0x20 .\CortexM3\ARM_GCC_541\Debug\JSON_Parser.a(ErikaOS_ee_rq_first.o)
 .debug_frame   0x00001a4c       0x30 .\CortexM3\ARM_GCC_541\Debug\JSON_Parser.a(ErikaOS_ee_rq_inser.o)
 .debug_frame   0x00001a7c       0x90 .\CortexM3\ARM_GCC_541\Debug\JSON_Parser.a(ErikaOS_ee_startos.o)
 .debug_frame   0x00001b0c       0x2c .\CortexM3\ARM_GCC_541\Debug\JSON_Parser.a(ErikaOS_ee_terminat.o)
 .debug_frame   0x00001b38       0x30 .\CortexM3\ARM_GCC_541\Debug\JSON_Parser.a(ErikaOS_ee_ulockres.o)
 .debug_frame   0x00001b68       0x30 .\CortexM3\ARM_GCC_541\Debug\JSON_Parser.a(ErikaOS_cortex_mx_ee_utils.o)
 .debug_frame   0x00001b98      0x250 .\CortexM3\ARM_GCC_541\Debug\JSON_Parser.a(UART_LOG.o)
 .debug_frame   0x00001de8       0xe0 .\CortexM3\ARM_GCC_541\Debug\JSON_Parser.a(UART_LOG_IntClock.o)
 .debug_frame   0x00001ec8       0xe8 .\CortexM3\ARM_GCC_541\Debug\JSON_Parser.a(TFT_BackLight.o)
 .debug_frame   0x00001fb0       0x50 .\CortexM3\ARM_GCC_541\Debug\JSON_Parser.a(TFT_RES.o)
 .debug_frame   0x00002000       0x50 .\CortexM3\ARM_GCC_541\Debug\JSON_Parser.a(TFT_DC.o)
 .debug_frame   0x00002050      0x1e8 .\CortexM3\ARM_GCC_541\Debug\JSON_Parser.a(TFT_SPI.o)
 .debug_frame   0x00002238       0xe0 .\CortexM3\ARM_GCC_541\Debug\JSON_Parser.a(TFT_SPI_IntClock.o)
 .debug_frame   0x00002318      0x194 .\CortexM3\ARM_GCC_541\Debug\JSON_Parser.a(CyFlash.o)
 .debug_frame   0x000024ac      0x180 .\CortexM3\ARM_GCC_541\Debug\JSON_Parser.a(CySpc.o)
 .debug_frame   0x0000262c       0x2c .\CortexM3\ARM_GCC_541\Debug\JSON_Parser.a(ErikaOS_ee_tnterm.o)
 .debug_frame   0x00002658       0x2c .\CortexM3\ARM_GCC_541\Debug\JSON_Parser.a(ErikaOS_ee_tstub.o)
 .debug_frame   0x00002684       0x2c .\CortexM3\ARM_GCC_541\Debug\JSON_Parser.a(ErikaOS_ee_ulockallres.o)
 .debug_frame   0x000026b0       0x3c .\CortexM3\ARM_GCC_541\Debug\JSON_Parser.a(ErikaOS_cortex_mx_ee_context.o)
 .debug_frame   0x000026ec       0x5c .\CortexM3\ARM_GCC_541\Debug\JSON_Parser.a(ErikaOS_ee_thendin.o)
 .debug_frame   0x00002748       0x20 c:/program files (x86)/cypress/psoc creator/4.4/psoc creator/import/gnu/arm/5.4.1/bin/../lib/gcc/arm-none-eabi/5.4.1/../../../../arm-none-eabi/lib/armv7-m\libg_nano.a(lib_a-errno.o)
 .debug_frame   0x00002768       0x28 c:/program files (x86)/cypress/psoc creator/4.4/psoc creator/import/gnu/arm/5.4.1/bin/../lib/gcc/arm-none-eabi/5.4.1/../../../../arm-none-eabi/lib/armv7-m\libg_nano.a(lib_a-exit.o)
 .debug_frame   0x00002790       0x2c c:/program files (x86)/cypress/psoc creator/4.4/psoc creator/import/gnu/arm/5.4.1/bin/../lib/gcc/arm-none-eabi/5.4.1/../../../../arm-none-eabi/lib/armv7-m\libg_nano.a(lib_a-init.o)
 .debug_frame   0x000027bc       0x28 c:/program files (x86)/cypress/psoc creator/4.4/psoc creator/import/gnu/arm/5.4.1/bin/../lib/gcc/arm-none-eabi/5.4.1/../../../../arm-none-eabi/lib/armv7-m\libg_nano.a(lib_a-memcpy-stub.o)
 .debug_frame   0x000027e4       0x20 c:/program files (x86)/cypress/psoc creator/4.4/psoc creator/import/gnu/arm/5.4.1/bin/../lib/gcc/arm-none-eabi/5.4.1/../../../../arm-none-eabi/lib/armv7-m\libg_nano.a(lib_a-memset.o)
 .debug_frame   0x00002804       0x20 c:/program files (x86)/cypress/psoc creator/4.4/psoc creator/import/gnu/arm/5.4.1/bin/../lib/gcc/arm-none-eabi/5.4.1/../../../../arm-none-eabi/lib/armv7-m\libg_nano.a(lib_a-strcmp.o)

.debug_str      0x00000000     0x4b4e
 *(.debug_str)
 .debug_str     0x00000000      0xb49 .\CortexM3\ARM_GCC_541\Debug\main.o
                                0xc12 (size before relaxing)
 .debug_str     0x00000b49      0x871 .\CortexM3\ARM_GCC_541\Debug\tft.o
                                0xc99 (size before relaxing)
 .debug_str     0x000013ba       0x6a .\CortexM3\ARM_GCC_541\Debug\ringBuffer.o
                                0x42a (size before relaxing)
 .debug_str     0x00001424       0x7e .\CortexM3\ARM_GCC_541\Debug\ringBufferEV.o
                                0x474 (size before relaxing)
 .debug_str     0x000014a2      0x157 .\CortexM3\ARM_GCC_541\Debug\uart.o
                                0x59a (size before relaxing)
 .debug_str     0x000015f9       0x18 .\CortexM3\ARM_GCC_541\Debug\events.o
                                0x46b (size before relaxing)
 .debug_str     0x00001611       0x3d .\CortexM3\ARM_GCC_541\Debug\parser.o
                                0x4c5 (size before relaxing)
 .debug_str     0x0000164e       0xb2 .\CortexM3\ARM_GCC_541\Debug\jasmin.o
                                0x29d (size before relaxing)
 .debug_str     0x00001700       0xa5 .\CortexM3\ARM_GCC_541\Debug\drawer.o
                                0x750 (size before relaxing)
 .debug_str     0x000017a5       0x74 .\CortexM3\ARM_GCC_541\Debug\ringBufferDrawing.o
                                0x564 (size before relaxing)
 .debug_str     0x00001819       0x38 .\CortexM3\ARM_GCC_541\Debug\logging.o
                                0x52d (size before relaxing)
 .debug_str     0x00001851      0x19b .\CortexM3\ARM_GCC_541\Debug\cyfitter_cfg.o
                                0x383 (size before relaxing)
 .debug_str     0x000019ec       0x7f .\CortexM3\ARM_GCC_541\Debug\cymetadata.o
                                0x223 (size before relaxing)
 .debug_str     0x00001a6b      0x13f .\CortexM3\ARM_GCC_541\Debug\Cm3Start.o
                                0x349 (size before relaxing)
 .debug_str     0x00001baa      0x831 .\CortexM3\ARM_GCC_541\Debug\JSON_Parser.a(CyLib.o)
                                0xa86 (size before relaxing)
 .debug_str     0x000023db      0x365 .\CortexM3\ARM_GCC_541\Debug\JSON_Parser.a(cyPm.o)
                                0x772 (size before relaxing)
 .debug_str     0x00002740      0x5b8 .\CortexM3\ARM_GCC_541\Debug\JSON_Parser.a(ErikaOS_ee_activate.o)
                                0x820 (size before relaxing)
 .debug_str     0x00002cf8      0x25f .\CortexM3\ARM_GCC_541\Debug\JSON_Parser.a(ErikaOS_ee_altick.o)
                                0xa7b (size before relaxing)
 .debug_str     0x00002f57       0x2c .\CortexM3\ARM_GCC_541\Debug\JSON_Parser.a(ErikaOS_ee_evclear.o)
                                0x5f8 (size before relaxing)
 .debug_str     0x00002f83       0x5b .\CortexM3\ARM_GCC_541\Debug\JSON_Parser.a(ErikaOS_ee_evget.o)
                                0x568 (size before relaxing)
 .debug_str     0x00002fde       0x2a .\CortexM3\ARM_GCC_541\Debug\JSON_Parser.a(ErikaOS_ee_evset.o)
                                0x7f8 (size before relaxing)
 .debug_str     0x00003008       0xa1 .\CortexM3\ARM_GCC_541\Debug\JSON_Parser.a(ErikaOS_ee_evwait.o)
                                0x850 (size before relaxing)
 .debug_str     0x000030a9       0xc8 .\CortexM3\ARM_GCC_541\Debug\JSON_Parser.a(ErikaOS_ee_irqendin.o)
                                0x6d5 (size before relaxing)
 .debug_str     0x00003171       0x9b .\CortexM3\ARM_GCC_541\Debug\JSON_Parser.a(ErikaOS_ee_lockres.o)
                                0x660 (size before relaxing)
 .debug_str     0x0000320c       0x2b .\CortexM3\ARM_GCC_541\Debug\JSON_Parser.a(ErikaOS_ee_lookup.o)
                                0x4a4 (size before relaxing)
 .debug_str     0x00003237       0x8a .\CortexM3\ARM_GCC_541\Debug\JSON_Parser.a(ErikaOS_ee_rq_exchg.o)
                                0x516 (size before relaxing)
 .debug_str     0x000032c1       0x2d .\CortexM3\ARM_GCC_541\Debug\JSON_Parser.a(ErikaOS_ee_rq_first.o)
                                0x4e1 (size before relaxing)
 .debug_str     0x000032ee       0x38 .\CortexM3\ARM_GCC_541\Debug\JSON_Parser.a(ErikaOS_ee_rq_inser.o)
                                0x51b (size before relaxing)
 .debug_str     0x00003326      0x888 .\CortexM3\ARM_GCC_541\Debug\JSON_Parser.a(ErikaOS_ee_startos.o)
                               0x176b (size before relaxing)
 .debug_str     0x00003bae       0x5b .\CortexM3\ARM_GCC_541\Debug\JSON_Parser.a(ErikaOS_ee_terminat.o)
                                0x619 (size before relaxing)
 .debug_str     0x00003c09       0x2d .\CortexM3\ARM_GCC_541\Debug\JSON_Parser.a(ErikaOS_ee_ulockres.o)
                                0x837 (size before relaxing)
 .debug_str     0x00003c36       0x71 .\CortexM3\ARM_GCC_541\Debug\JSON_Parser.a(ErikaOS_cortex_mx_ee_utils.o)
                                0x597 (size before relaxing)
 .debug_str     0x00003ca7       0x37 .\CortexM3\ARM_GCC_541\Debug\JSON_Parser.a(ErikaOS_common_ee_hal_structs.o)
                                0x4b0 (size before relaxing)
 .debug_str     0x00003cde      0x1a8 .\CortexM3\ARM_GCC_541\Debug\JSON_Parser.a(ErikaOS_eecfg.o)
                                0x86d (size before relaxing)
 .debug_str     0x00003e86      0x2c6 .\CortexM3\ARM_GCC_541\Debug\JSON_Parser.a(UART_LOG.o)
                                0x530 (size before relaxing)
 .debug_str     0x0000414c      0x1ab .\CortexM3\ARM_GCC_541\Debug\JSON_Parser.a(UART_LOG_IntClock.o)
                                0x3a5 (size before relaxing)
 .debug_str     0x000042f7      0x14b .\CortexM3\ARM_GCC_541\Debug\JSON_Parser.a(TFT_BackLight.o)
                                0x37c (size before relaxing)
 .debug_str     0x00004442       0x62 .\CortexM3\ARM_GCC_541\Debug\JSON_Parser.a(TFT_RES.o)
                                0x22b (size before relaxing)
 .debug_str     0x000044a4       0x53 .\CortexM3\ARM_GCC_541\Debug\JSON_Parser.a(TFT_DC.o)
                                0x226 (size before relaxing)
 .debug_str     0x000044f7      0x249 .\CortexM3\ARM_GCC_541\Debug\JSON_Parser.a(TFT_SPI.o)
                                0x4a5 (size before relaxing)
 .debug_str     0x00004740      0x156 .\CortexM3\ARM_GCC_541\Debug\JSON_Parser.a(TFT_SPI_IntClock.o)
                                0x399 (size before relaxing)
 .debug_str     0x00004896       0x65 .\CortexM3\ARM_GCC_541\Debug\JSON_Parser.a(CyFlash.o)
                                0x3ff (size before relaxing)
 .debug_str     0x000048fb       0x64 .\CortexM3\ARM_GCC_541\Debug\JSON_Parser.a(CySpc.o)
                                0x377 (size before relaxing)
 .debug_str     0x0000495f       0x72 .\CortexM3\ARM_GCC_541\Debug\JSON_Parser.a(ErikaOS_ee_tnterm.o)
                                0x533 (size before relaxing)
 .debug_str     0x000049d1       0x55 .\CortexM3\ARM_GCC_541\Debug\JSON_Parser.a(ErikaOS_ee_tstub.o)
                                0x5ee (size before relaxing)
 .debug_str     0x00004a26       0x37 .\CortexM3\ARM_GCC_541\Debug\JSON_Parser.a(ErikaOS_ee_ulockallres.o)
                                0x522 (size before relaxing)
 .debug_str     0x00004a5d       0x8a .\CortexM3\ARM_GCC_541\Debug\JSON_Parser.a(ErikaOS_cortex_mx_ee_context.o)
                                0x5a5 (size before relaxing)
 .debug_str     0x00004ae7       0x67 .\CortexM3\ARM_GCC_541\Debug\JSON_Parser.a(ErikaOS_ee_thendin.o)
                                0x76b (size before relaxing)

.debug_loc      0x00000000     0x5e24
 *(.debug_loc)
 .debug_loc     0x00000000      0x14d .\CortexM3\ARM_GCC_541\Debug\main.o
 .debug_loc     0x0000014d     0x1924 .\CortexM3\ARM_GCC_541\Debug\tft.o
 .debug_loc     0x00001a71      0x19b .\CortexM3\ARM_GCC_541\Debug\ringBuffer.o
 .debug_loc     0x00001c0c      0x19b .\CortexM3\ARM_GCC_541\Debug\ringBufferEV.o
 .debug_loc     0x00001da7      0x223 .\CortexM3\ARM_GCC_541\Debug\uart.o
 .debug_loc     0x00001fca       0xaf .\CortexM3\ARM_GCC_541\Debug\events.o
 .debug_loc     0x00002079       0xf4 .\CortexM3\ARM_GCC_541\Debug\parser.o
 .debug_loc     0x0000216d      0x4ab .\CortexM3\ARM_GCC_541\Debug\jasmin.o
 .debug_loc     0x00002618      0x398 .\CortexM3\ARM_GCC_541\Debug\drawer.o
 .debug_loc     0x000029b0      0x1b9 .\CortexM3\ARM_GCC_541\Debug\ringBufferDrawing.o
 .debug_loc     0x00002b69       0x4d .\CortexM3\ARM_GCC_541\Debug\logging.o
 .debug_loc     0x00002bb6      0x289 .\CortexM3\ARM_GCC_541\Debug\cyfitter_cfg.o
 .debug_loc     0x00002e3f      0x144 .\CortexM3\ARM_GCC_541\Debug\Cm3Start.o
 .debug_loc     0x00002f83      0xa11 .\CortexM3\ARM_GCC_541\Debug\JSON_Parser.a(CyLib.o)
 .debug_loc     0x00003994      0x1e4 .\CortexM3\ARM_GCC_541\Debug\JSON_Parser.a(cyPm.o)
 .debug_loc     0x00003b78      0x12d .\CortexM3\ARM_GCC_541\Debug\JSON_Parser.a(ErikaOS_ee_activate.o)
 .debug_loc     0x00003ca5      0x46c .\CortexM3\ARM_GCC_541\Debug\JSON_Parser.a(ErikaOS_ee_altick.o)
 .debug_loc     0x00004111       0xbc .\CortexM3\ARM_GCC_541\Debug\JSON_Parser.a(ErikaOS_ee_evclear.o)
 .debug_loc     0x000041cd       0xa4 .\CortexM3\ARM_GCC_541\Debug\JSON_Parser.a(ErikaOS_ee_evget.o)
 .debug_loc     0x00004271      0x16b .\CortexM3\ARM_GCC_541\Debug\JSON_Parser.a(ErikaOS_ee_evset.o)
 .debug_loc     0x000043dc      0x158 .\CortexM3\ARM_GCC_541\Debug\JSON_Parser.a(ErikaOS_ee_evwait.o)
 .debug_loc     0x00004534       0x62 .\CortexM3\ARM_GCC_541\Debug\JSON_Parser.a(ErikaOS_ee_irqendin.o)
 .debug_loc     0x00004596      0x117 .\CortexM3\ARM_GCC_541\Debug\JSON_Parser.a(ErikaOS_ee_lockres.o)
 .debug_loc     0x000046ad       0x4a .\CortexM3\ARM_GCC_541\Debug\JSON_Parser.a(ErikaOS_ee_rq_exchg.o)
 .debug_loc     0x000046f7       0x36 .\CortexM3\ARM_GCC_541\Debug\JSON_Parser.a(ErikaOS_ee_rq_first.o)
 .debug_loc     0x0000472d       0x1e .\CortexM3\ARM_GCC_541\Debug\JSON_Parser.a(ErikaOS_ee_rq_inser.o)
 .debug_loc     0x0000474b      0x1d8 .\CortexM3\ARM_GCC_541\Debug\JSON_Parser.a(ErikaOS_ee_startos.o)
 .debug_loc     0x00004923       0x50 .\CortexM3\ARM_GCC_541\Debug\JSON_Parser.a(ErikaOS_ee_terminat.o)
 .debug_loc     0x00004973      0x18f .\CortexM3\ARM_GCC_541\Debug\JSON_Parser.a(ErikaOS_ee_ulockres.o)
 .debug_loc     0x00004b02       0x13 .\CortexM3\ARM_GCC_541\Debug\JSON_Parser.a(ErikaOS_cortex_mx_ee_utils.o)
 .debug_loc     0x00004b15      0x258 .\CortexM3\ARM_GCC_541\Debug\JSON_Parser.a(UART_LOG.o)
 .debug_loc     0x00004d6d      0x128 .\CortexM3\ARM_GCC_541\Debug\JSON_Parser.a(UART_LOG_IntClock.o)
 .debug_loc     0x00004e95       0x13 .\CortexM3\ARM_GCC_541\Debug\JSON_Parser.a(TFT_BackLight.o)
 .debug_loc     0x00004ea8       0x42 .\CortexM3\ARM_GCC_541\Debug\JSON_Parser.a(TFT_RES.o)
 .debug_loc     0x00004eea       0x42 .\CortexM3\ARM_GCC_541\Debug\JSON_Parser.a(TFT_DC.o)
 .debug_loc     0x00004f2c       0xfe .\CortexM3\ARM_GCC_541\Debug\JSON_Parser.a(TFT_SPI.o)
 .debug_loc     0x0000502a      0x12c .\CortexM3\ARM_GCC_541\Debug\JSON_Parser.a(TFT_SPI_IntClock.o)
 .debug_loc     0x00005156      0x3b2 .\CortexM3\ARM_GCC_541\Debug\JSON_Parser.a(CyFlash.o)
 .debug_loc     0x00005508      0x705 .\CortexM3\ARM_GCC_541\Debug\JSON_Parser.a(CySpc.o)
 .debug_loc     0x00005c0d       0x75 .\CortexM3\ARM_GCC_541\Debug\JSON_Parser.a(ErikaOS_ee_ulockallres.o)
 .debug_loc     0x00005c82       0xc5 .\CortexM3\ARM_GCC_541\Debug\JSON_Parser.a(ErikaOS_cortex_mx_ee_context.o)
 .debug_loc     0x00005d47       0xdd .\CortexM3\ARM_GCC_541\Debug\JSON_Parser.a(ErikaOS_ee_thendin.o)

.debug_macinfo
 *(.debug_macinfo)

.debug_ranges   0x00000000      0xe88
 *(.debug_ranges)
 .debug_ranges  0x00000000       0x48 .\CortexM3\ARM_GCC_541\Debug\main.o
 .debug_ranges  0x00000048      0x168 .\CortexM3\ARM_GCC_541\Debug\tft.o
 .debug_ranges  0x000001b0       0x50 .\CortexM3\ARM_GCC_541\Debug\ringBuffer.o
 .debug_ranges  0x00000200       0x50 .\CortexM3\ARM_GCC_541\Debug\ringBufferEV.o
 .debug_ranges  0x00000250       0x70 .\CortexM3\ARM_GCC_541\Debug\uart.o
 .debug_ranges  0x000002c0       0x20 .\CortexM3\ARM_GCC_541\Debug\events.o
 .debug_ranges  0x000002e0       0x28 .\CortexM3\ARM_GCC_541\Debug\parser.o
 .debug_ranges  0x00000308       0x68 .\CortexM3\ARM_GCC_541\Debug\jasmin.o
 .debug_ranges  0x00000370       0x60 .\CortexM3\ARM_GCC_541\Debug\drawer.o
 .debug_ranges  0x000003d0       0x50 .\CortexM3\ARM_GCC_541\Debug\ringBufferDrawing.o
 .debug_ranges  0x00000420       0x18 .\CortexM3\ARM_GCC_541\Debug\logging.o
 .debug_ranges  0x00000438       0x48 .\CortexM3\ARM_GCC_541\Debug\cyfitter_cfg.o
 .debug_ranges  0x00000480       0x38 .\CortexM3\ARM_GCC_541\Debug\Cm3Start.o
 .debug_ranges  0x000004b8      0x290 .\CortexM3\ARM_GCC_541\Debug\JSON_Parser.a(CyLib.o)
 .debug_ranges  0x00000748       0x88 .\CortexM3\ARM_GCC_541\Debug\JSON_Parser.a(cyPm.o)
 .debug_ranges  0x000007d0       0x40 .\CortexM3\ARM_GCC_541\Debug\JSON_Parser.a(ErikaOS_ee_activate.o)
 .debug_ranges  0x00000810       0x78 .\CortexM3\ARM_GCC_541\Debug\JSON_Parser.a(ErikaOS_ee_altick.o)
 .debug_ranges  0x00000888       0x28 .\CortexM3\ARM_GCC_541\Debug\JSON_Parser.a(ErikaOS_ee_evclear.o)
 .debug_ranges  0x000008b0       0x10 .\CortexM3\ARM_GCC_541\Debug\JSON_Parser.a(ErikaOS_ee_evget.o)
 .debug_ranges  0x000008c0       0x40 .\CortexM3\ARM_GCC_541\Debug\JSON_Parser.a(ErikaOS_ee_evset.o)
 .debug_ranges  0x00000900       0x10 .\CortexM3\ARM_GCC_541\Debug\JSON_Parser.a(ErikaOS_ee_evwait.o)
 .debug_ranges  0x00000910       0x20 .\CortexM3\ARM_GCC_541\Debug\JSON_Parser.a(ErikaOS_ee_irqendin.o)
 .debug_ranges  0x00000930       0x28 .\CortexM3\ARM_GCC_541\Debug\JSON_Parser.a(ErikaOS_ee_lockres.o)
 .debug_ranges  0x00000958       0x10 .\CortexM3\ARM_GCC_541\Debug\JSON_Parser.a(ErikaOS_ee_rq_exchg.o)
 .debug_ranges  0x00000968       0x10 .\CortexM3\ARM_GCC_541\Debug\JSON_Parser.a(ErikaOS_ee_rq_first.o)
 .debug_ranges  0x00000978       0x10 .\CortexM3\ARM_GCC_541\Debug\JSON_Parser.a(ErikaOS_ee_rq_inser.o)
 .debug_ranges  0x00000988       0x30 .\CortexM3\ARM_GCC_541\Debug\JSON_Parser.a(ErikaOS_ee_startos.o)
 .debug_ranges  0x000009b8       0x10 .\CortexM3\ARM_GCC_541\Debug\JSON_Parser.a(ErikaOS_ee_terminat.o)
 .debug_ranges  0x000009c8       0x40 .\CortexM3\ARM_GCC_541\Debug\JSON_Parser.a(ErikaOS_ee_ulockres.o)
 .debug_ranges  0x00000a08       0x10 .\CortexM3\ARM_GCC_541\Debug\JSON_Parser.a(ErikaOS_cortex_mx_ee_utils.o)
 .debug_ranges  0x00000a18       0xe0 .\CortexM3\ARM_GCC_541\Debug\JSON_Parser.a(UART_LOG.o)
 .debug_ranges  0x00000af8       0x60 .\CortexM3\ARM_GCC_541\Debug\JSON_Parser.a(UART_LOG_IntClock.o)
 .debug_ranges  0x00000b58       0x68 .\CortexM3\ARM_GCC_541\Debug\JSON_Parser.a(TFT_BackLight.o)
 .debug_ranges  0x00000bc0       0x28 .\CortexM3\ARM_GCC_541\Debug\JSON_Parser.a(TFT_RES.o)
 .debug_ranges  0x00000be8       0x28 .\CortexM3\ARM_GCC_541\Debug\JSON_Parser.a(TFT_DC.o)
 .debug_ranges  0x00000c10       0xc8 .\CortexM3\ARM_GCC_541\Debug\JSON_Parser.a(TFT_SPI.o)
 .debug_ranges  0x00000cd8       0x60 .\CortexM3\ARM_GCC_541\Debug\JSON_Parser.a(TFT_SPI_IntClock.o)
 .debug_ranges  0x00000d38       0x78 .\CortexM3\ARM_GCC_541\Debug\JSON_Parser.a(CyFlash.o)
 .debug_ranges  0x00000db0       0x70 .\CortexM3\ARM_GCC_541\Debug\JSON_Parser.a(CySpc.o)
 .debug_ranges  0x00000e20       0x10 .\CortexM3\ARM_GCC_541\Debug\JSON_Parser.a(ErikaOS_ee_tnterm.o)
 .debug_ranges  0x00000e30       0x10 .\CortexM3\ARM_GCC_541\Debug\JSON_Parser.a(ErikaOS_ee_tstub.o)
 .debug_ranges  0x00000e40       0x10 .\CortexM3\ARM_GCC_541\Debug\JSON_Parser.a(ErikaOS_ee_ulockallres.o)
 .debug_ranges  0x00000e50       0x18 .\CortexM3\ARM_GCC_541\Debug\JSON_Parser.a(ErikaOS_cortex_mx_ee_context.o)
 .debug_ranges  0x00000e68       0x20 .\CortexM3\ARM_GCC_541\Debug\JSON_Parser.a(ErikaOS_ee_thendin.o)

.comment        0x00000000       0x6e
 .comment       0x00000000       0x6e .\CortexM3\ARM_GCC_541\Debug\main.o
                                 0x6f (size before relaxing)
 .comment       0x0000006e       0x6f .\CortexM3\ARM_GCC_541\Debug\tft.o
 .comment       0x0000006e       0x6f .\CortexM3\ARM_GCC_541\Debug\ringBuffer.o
 .comment       0x0000006e       0x6f .\CortexM3\ARM_GCC_541\Debug\ringBufferEV.o
 .comment       0x0000006e       0x6f .\CortexM3\ARM_GCC_541\Debug\uart.o
 .comment       0x0000006e       0x6f .\CortexM3\ARM_GCC_541\Debug\events.o
 .comment       0x0000006e       0x6f .\CortexM3\ARM_GCC_541\Debug\parser.o
 .comment       0x0000006e       0x6f .\CortexM3\ARM_GCC_541\Debug\jasmin.o
 .comment       0x0000006e       0x6f .\CortexM3\ARM_GCC_541\Debug\drawer.o
 .comment       0x0000006e       0x6f .\CortexM3\ARM_GCC_541\Debug\ringBufferDrawing.o
 .comment       0x0000006e       0x6f .\CortexM3\ARM_GCC_541\Debug\logging.o
 .comment       0x0000006e       0x6f .\CortexM3\ARM_GCC_541\Debug\cyfitter_cfg.o
 .comment       0x0000006e       0x6f .\CortexM3\ARM_GCC_541\Debug\cymetadata.o
 .comment       0x0000006e       0x6f .\CortexM3\ARM_GCC_541\Debug\Cm3Start.o
 .comment       0x0000006e       0x6f .\CortexM3\ARM_GCC_541\Debug\JSON_Parser.a(CyLib.o)
 .comment       0x0000006e       0x6f .\CortexM3\ARM_GCC_541\Debug\JSON_Parser.a(cyPm.o)
 .comment       0x0000006e       0x6f .\CortexM3\ARM_GCC_541\Debug\JSON_Parser.a(ErikaOS_ee_activate.o)
 .comment       0x0000006e       0x6f .\CortexM3\ARM_GCC_541\Debug\JSON_Parser.a(ErikaOS_ee_altick.o)
 .comment       0x0000006e       0x6f .\CortexM3\ARM_GCC_541\Debug\JSON_Parser.a(ErikaOS_ee_evclear.o)
 .comment       0x0000006e       0x6f .\CortexM3\ARM_GCC_541\Debug\JSON_Parser.a(ErikaOS_ee_evget.o)
 .comment       0x0000006e       0x6f .\CortexM3\ARM_GCC_541\Debug\JSON_Parser.a(ErikaOS_ee_evset.o)
 .comment       0x0000006e       0x6f .\CortexM3\ARM_GCC_541\Debug\JSON_Parser.a(ErikaOS_ee_evwait.o)
 .comment       0x0000006e       0x6f .\CortexM3\ARM_GCC_541\Debug\JSON_Parser.a(ErikaOS_ee_irqendin.o)
 .comment       0x0000006e       0x6f .\CortexM3\ARM_GCC_541\Debug\JSON_Parser.a(ErikaOS_ee_lockres.o)
 .comment       0x0000006e       0x6f .\CortexM3\ARM_GCC_541\Debug\JSON_Parser.a(ErikaOS_ee_lookup.o)
 .comment       0x0000006e       0x6f .\CortexM3\ARM_GCC_541\Debug\JSON_Parser.a(ErikaOS_ee_rq_exchg.o)
 .comment       0x0000006e       0x6f .\CortexM3\ARM_GCC_541\Debug\JSON_Parser.a(ErikaOS_ee_rq_first.o)
 .comment       0x0000006e       0x6f .\CortexM3\ARM_GCC_541\Debug\JSON_Parser.a(ErikaOS_ee_rq_inser.o)
 .comment       0x0000006e       0x6f .\CortexM3\ARM_GCC_541\Debug\JSON_Parser.a(ErikaOS_ee_startos.o)
 .comment       0x0000006e       0x6f .\CortexM3\ARM_GCC_541\Debug\JSON_Parser.a(ErikaOS_ee_terminat.o)
 .comment       0x0000006e       0x6f .\CortexM3\ARM_GCC_541\Debug\JSON_Parser.a(ErikaOS_ee_ulockres.o)
 .comment       0x0000006e       0x6f .\CortexM3\ARM_GCC_541\Debug\JSON_Parser.a(ErikaOS_cortex_mx_ee_utils.o)
 .comment       0x0000006e       0x6f .\CortexM3\ARM_GCC_541\Debug\JSON_Parser.a(ErikaOS_common_ee_hal_structs.o)
 .comment       0x0000006e       0x6f .\CortexM3\ARM_GCC_541\Debug\JSON_Parser.a(ErikaOS_eecfg.o)
 .comment       0x0000006e       0x6f .\CortexM3\ARM_GCC_541\Debug\JSON_Parser.a(UART_LOG.o)
 .comment       0x0000006e       0x6f .\CortexM3\ARM_GCC_541\Debug\JSON_Parser.a(UART_LOG_IntClock.o)
 .comment       0x0000006e       0x6f .\CortexM3\ARM_GCC_541\Debug\JSON_Parser.a(TFT_BackLight.o)
 .comment       0x0000006e       0x6f .\CortexM3\ARM_GCC_541\Debug\JSON_Parser.a(TFT_RES.o)
 .comment       0x0000006e       0x6f .\CortexM3\ARM_GCC_541\Debug\JSON_Parser.a(TFT_DC.o)
 .comment       0x0000006e       0x6f .\CortexM3\ARM_GCC_541\Debug\JSON_Parser.a(TFT_SPI.o)
 .comment       0x0000006e       0x6f .\CortexM3\ARM_GCC_541\Debug\JSON_Parser.a(TFT_SPI_IntClock.o)
 .comment       0x0000006e       0x6f .\CortexM3\ARM_GCC_541\Debug\JSON_Parser.a(CyFlash.o)
 .comment       0x0000006e       0x6f .\CortexM3\ARM_GCC_541\Debug\JSON_Parser.a(CySpc.o)
 .comment       0x0000006e       0x6f .\CortexM3\ARM_GCC_541\Debug\JSON_Parser.a(ErikaOS_ee_tnterm.o)
 .comment       0x0000006e       0x6f .\CortexM3\ARM_GCC_541\Debug\JSON_Parser.a(ErikaOS_ee_tstub.o)
 .comment       0x0000006e       0x6f .\CortexM3\ARM_GCC_541\Debug\JSON_Parser.a(ErikaOS_ee_ulockallres.o)
 .comment       0x0000006e       0x6f .\CortexM3\ARM_GCC_541\Debug\JSON_Parser.a(ErikaOS_cortex_mx_ee_context.o)
 .comment       0x0000006e       0x6f .\CortexM3\ARM_GCC_541\Debug\JSON_Parser.a(ErikaOS_ee_thendin.o)

.debug_weaknames
 *(.debug_weaknames)

.debug_funcnames
 *(.debug_funcnames)

.debug_typenames
 *(.debug_typenames)

.debug_varnames
 *(.debug_varnames)

.note.gnu.arm.ident
 *(.note.gnu.arm.ident)

.ARM.attributes
                0x00000000       0x2f
 *(.ARM.attributes)
 .ARM.attributes
                0x00000000       0x1d c:/program files (x86)/cypress/psoc creator/4.4/psoc creator/import/gnu/arm/5.4.1/bin/../lib/gcc/arm-none-eabi/5.4.1/armv7-m/crti.o
 .ARM.attributes
                0x0000001d       0x2d c:/program files (x86)/cypress/psoc creator/4.4/psoc creator/import/gnu/arm/5.4.1/bin/../lib/gcc/arm-none-eabi/5.4.1/armv7-m/crtbegin.o
 .ARM.attributes
                0x0000004a       0x1b c:/program files (x86)/cypress/psoc creator/4.4/psoc creator/import/gnu/arm/5.4.1/bin/../lib/gcc/arm-none-eabi/5.4.1/../../../../arm-none-eabi/lib/armv7-m/crt0.o
 .ARM.attributes
                0x00000065       0x33 .\CortexM3\ARM_GCC_541\Debug\main.o
 .ARM.attributes