Archive member included to satisfy reference by file (symbol)

.\CortexM3\ARM_GCC_541\Debug\JSON_Parser.a(CyLib.o)
                              .\CortexM3\ARM_GCC_541\Debug\Cm3Start.o (CyHalt)
.\CortexM3\ARM_GCC_541\Debug\JSON_Parser.a(cyPm.o)
                              .\CortexM3\ARM_GCC_541\Debug\JSON_Parser.a(CyLib.o) (CyPmReadStatus)
.\CortexM3\ARM_GCC_541\Debug\JSON_Parser.a(ErikaOS_ee_activate.o)
                              .\CortexM3\ARM_GCC_541\Debug\main.o (EE_oo_ActivateTask)
.\CortexM3\ARM_GCC_541\Debug\JSON_Parser.a(ErikaOS_ee_altick.o)
                              .\CortexM3\ARM_GCC_541\Debug\main.o (EE_oo_IncrementCounter)
.\CortexM3\ARM_GCC_541\Debug\JSON_Parser.a(ErikaOS_ee_evclear.o)
                              .\CortexM3\ARM_GCC_541\Debug\main.o (EE_oo_ClearEvent)
.\CortexM3\ARM_GCC_541\Debug\JSON_Parser.a(ErikaOS_ee_evget.o)
                              .\CortexM3\ARM_GCC_541\Debug\main.o (EE_oo_GetEvent)
.\CortexM3\ARM_GCC_541\Debug\JSON_Parser.a(ErikaOS_ee_evset.o)
                              .\CortexM3\ARM_GCC_541\Debug\main.o (EE_oo_SetEvent)
.\CortexM3\ARM_GCC_541\Debug\JSON_Parser.a(ErikaOS_ee_evwait.o)
                              .\CortexM3\ARM_GCC_541\Debug\main.o (EE_oo_WaitEvent)
.\CortexM3\ARM_GCC_541\Debug\JSON_Parser.a(ErikaOS_ee_irqendin.o)
                              .\CortexM3\ARM_GCC_541\Debug\main.o (EE_IRQ_end_post_stub)
.\CortexM3\ARM_GCC_541\Debug\JSON_Parser.a(ErikaOS_ee_lockres.o)
                              .\CortexM3\ARM_GCC_541\Debug\main.o (EE_oo_GetResource)
.\CortexM3\ARM_GCC_541\Debug\JSON_Parser.a(ErikaOS_ee_lookup.o)
                              .\CortexM3\ARM_GCC_541\Debug\JSON_Parser.a(ErikaOS_ee_irqendin.o) (EE_oo_IRQ_disable_count)
.\CortexM3\ARM_GCC_541\Debug\JSON_Parser.a(ErikaOS_ee_rq_exchg.o)
                              .\CortexM3\ARM_GCC_541\Debug\JSON_Parser.a(ErikaOS_ee_activate.o) (EE_rq2stk_exchange)
.\CortexM3\ARM_GCC_541\Debug\JSON_Parser.a(ErikaOS_ee_rq_first.o)
                              .\CortexM3\ARM_GCC_541\Debug\JSON_Parser.a(ErikaOS_ee_activate.o) (EE_rq_queryfirst)
.\CortexM3\ARM_GCC_541\Debug\JSON_Parser.a(ErikaOS_ee_rq_inser.o)
                              .\CortexM3\ARM_GCC_541\Debug\JSON_Parser.a(ErikaOS_ee_activate.o) (EE_rq_insert)
.\CortexM3\ARM_GCC_541\Debug\JSON_Parser.a(ErikaOS_ee_startos.o)
                              .\CortexM3\ARM_GCC_541\Debug\main.o (EE_oo_StartOS)
.\CortexM3\ARM_GCC_541\Debug\JSON_Parser.a(ErikaOS_ee_terminat.o)
                              .\CortexM3\ARM_GCC_541\Debug\main.o (EE_oo_TerminateTask)
.\CortexM3\ARM_GCC_541\Debug\JSON_Parser.a(ErikaOS_ee_ulockres.o)
                              .\CortexM3\ARM_GCC_541\Debug\main.o (EE_oo_ReleaseResource)
.\CortexM3\ARM_GCC_541\Debug\JSON_Parser.a(ErikaOS_cortex_mx_ee_utils.o)
                              .\CortexM3\ARM_GCC_541\Debug\main.o (EE_system_init)
.\CortexM3\ARM_GCC_541\Debug\JSON_Parser.a(ErikaOS_common_ee_hal_structs.o)
                              .\CortexM3\ARM_GCC_541\Debug\JSON_Parser.a(ErikaOS_ee_irqendin.o) (EE_std_endcycle_next_tid)
.\CortexM3\ARM_GCC_541\Debug\JSON_Parser.a(ErikaOS_eecfg.o)
                              .\CortexM3\ARM_GCC_541\Debug\JSON_Parser.a(ErikaOS_ee_startos.o) (EE_oo_autostart_task_data)
.\CortexM3\ARM_GCC_541\Debug\JSON_Parser.a(UART_LOG.o)
                              .\CortexM3\ARM_GCC_541\Debug\uart.o (UART_LOG_Start)
.\CortexM3\ARM_GCC_541\Debug\JSON_Parser.a(UART_LOG_IntClock.o)
                              .\CortexM3\ARM_GCC_541\Debug\JSON_Parser.a(UART_LOG.o) (UART_LOG_IntClock_Start)
.\CortexM3\ARM_GCC_541\Debug\JSON_Parser.a(TFT_BackLight.o)
                              .\CortexM3\ARM_GCC_541\Debug\tft.o (TFT_BackLight_WriteCompare)
.\CortexM3\ARM_GCC_541\Debug\JSON_Parser.a(TFT_RES.o)
                              .\CortexM3\ARM_GCC_541\Debug\tft.o (TFT_RES_Write)
.\CortexM3\ARM_GCC_541\Debug\JSON_Parser.a(TFT_DC.o)
                              .\CortexM3\ARM_GCC_541\Debug\tft.o (TFT_DC_Write)
.\CortexM3\ARM_GCC_541\Debug\JSON_Parser.a(TFT_SPI.o)
                              .\CortexM3\ARM_GCC_541\Debug\tft.o (TFT_SPI_WriteTxData)
.\CortexM3\ARM_GCC_541\Debug\JSON_Parser.a(TFT_SPI_IntClock.o)
                              .\CortexM3\ARM_GCC_541\Debug\JSON_Parser.a(TFT_SPI.o) (TFT_SPI_IntClock_Start)
.\CortexM3\ARM_GCC_541\Debug\JSON_Parser.a(CyBootAsmGnu.o)
                              .\CortexM3\ARM_GCC_541\Debug\cyfitter_cfg.o (CyDelayCycles)
.\CortexM3\ARM_GCC_541\Debug\JSON_Parser.a(ErikaOS_ee_gnu_change_context_isr.o)
                              .\CortexM3\ARM_GCC_541\Debug\main.o (EE_switch_context)
.\CortexM3\ARM_GCC_541\Debug\JSON_Parser.a(ErikaOS_ee_gnu_irq_stack.o)
                              .\CortexM3\ARM_GCC_541\Debug\main.o (EE_cortex_mx_change_IRQ_stack)
.\CortexM3\ARM_GCC_541\Debug\JSON_Parser.a(ErikaOS_ee_gnu_multi_context.o)
[...]
Memory Configuration

Name             Origin             Length             Attributes
rom              0x00000000         0x00040000         xr
ram              0x1fff8000         0x00010000         xrw
*default*        0x00000000         0xffffffff

Linker script and memory map

LOAD c:/program files (x86)/cypress/psoc creator/4.4/psoc creator/import/gnu/arm/5.4.1/bin/../lib/gcc/arm-none-eabi/5.4.1/armv7-m/crti.o
LOAD c:/program files (x86)/cypress/psoc creator/4.4/psoc creator/import/gnu/arm/5.4.1/bin/../lib/gcc/arm-none-eabi/5.4.1/armv7-m/crtbegin.o
LOAD c:/program files (x86)/cypress/psoc creator/4.4/psoc creator/import/gnu/arm/5.4.1/bin/../lib/gcc/arm-none-eabi/5.4.1/../../../../arm-none-eabi/lib/armv7-m/crt0.o
START GROUP
LOAD .\CortexM3\ARM_GCC_541\Debug\main.o
LOAD .\CortexM3\ARM_GCC_541\Debug\tft.o
LOAD .\CortexM3\ARM_GCC_541\Debug\ringBuffer.o
LOAD .\CortexM3\ARM_GCC_541\Debug\ringBufferEV.o
LOAD .\CortexM3\ARM_GCC_541\Debug\uart.o
LOAD .\CortexM3\ARM_GCC_541\Debug\events.o
LOAD .\CortexM3\ARM_GCC_541\Debug\parser.o
LOAD .\CortexM3\ARM_GCC_541\Debug\jasmin.o
LOAD .\CortexM3\ARM_GCC_541\Debug\drawer.o
LOAD .\CortexM3\ARM_GCC_541\Debug\ringBufferDrawing.o
LOAD .\CortexM3\ARM_GCC_541\Debug\logging.o
LOAD .\CortexM3\ARM_GCC_541\Debug\cyfitter_cfg.o
LOAD .\CortexM3\ARM_GCC_541\Debug\cymetadata.o
LOAD .\CortexM3\ARM_GCC_541\Debug\Cm3Start.o
LOAD .\CortexM3\ARM_GCC_541\Debug\JSON_Parser.a
LOAD C:\Program Files (x86)\Cypress\PSoC Creator\4.4\PSoC Creator\psoc\content\cycomponentlibrary\CyComponentLibrary.cylib\CortexM3\ARM_GCC_541\Debug\CyComponentLibrary.a
END GROUP
START GROUP
LOAD c:/program files (x86)/cypress/psoc creator/4.4/psoc creator/import/gnu/arm/5.4.1/bin/../lib/gcc/arm-none-eabi/5.4.1/armv7-m\libgcc.a
LOAD c:/program files (x86)/cypress/psoc creator/4.4/psoc creator/import/gnu/arm/5.4.1/bin/../lib/gcc/arm-none-eabi/5.4.1/../../../../arm-none-eabi/lib/armv7-m\libg_nano.a
LOAD c:/program files (x86)/cypress/psoc creator/4.4/psoc creator/import/gnu/arm/5.4.1/bin/../lib/gcc/arm-none-eabi/5.4.1/../../../../arm-none-eabi/lib/armv7-m\libc_nano.a
END GROUP
START GROUP
LOAD c:/program files (x86)/cypress/psoc creator/4.4/psoc creator/import/gnu/arm/5.4.1/bin/../lib/gcc/arm-none-eabi/5.4.1/armv7-m\libgcc.a
LOAD c:/program files (x86)/cypress/psoc creator/4.4/psoc creator/import/gnu/arm/5.4.1/bin/../lib/gcc/arm-none-eabi/5.4.1/../../../../arm-none-eabi/lib/armv7-m\libc_nano.a
END GROUP
LOAD c:/program files (x86)/cypress/psoc creator/4.4/psoc creator/import/gnu/arm/5.4.1/bin/../lib/gcc/arm-none-eabi/5.4.1/armv7-m/crtend.o
LOAD c:/program files (x86)/cypress/psoc creator/4.4/psoc creator/import/gnu/arm/5.4.1/bin/../lib/gcc/arm-none-eabi/5.4.1/armv7-m/crtn.o
START GROUP
LOAD c:/program files (x86)/cypress/psoc creator/4.4/psoc creator/import/gnu/arm/5.4.1/bin/../lib/gcc/arm-none-eabi/5.4.1/armv7-m\libgcc.a
LOAD c:/program files (x86)/cypress/psoc creator/4.4/psoc creator/import/gnu/arm/5.4.1/bin/../lib/gcc/arm-none-eabi/5.4.1/../../../../arm-none-eabi/lib/armv7-m\libc.a
LOAD c:/program files (x86)/cypress/psoc creator/4.4/psoc creator/import/gnu/arm/5.4.1/bin/../lib/gcc/arm-none-eabi/5.4.1/../../../../arm-none-eabi/lib/armv7-m\libnosys.a
END GROUP
                0x00000000                CY_APPL_ORIGIN = 0x0
                0x00000100                CY_FLASH_ROW_SIZE = 0x100
                0x00000020                CY_ECC_ROW_SIZE = 0x20
                0x00000000                CY_EE_IN_BTLDR = 0x0
                0x00000000                CY_APPL_LOADABLE = 0x0
                0x00000800                CY_EE_SIZE = 0x800
                0x00000001                CY_APPL_NUM = 0x1
                0x00000001                CY_APPL_MAX = 0x1
                0x00000040                CY_METADATA_SIZE = 0x40
                0x00000000                CY_APPL_LOADABLE = 0x0
                0x00000000                CY_CHECKSUM_EXCLUDE_SIZE = ALIGN (0x0, CY_FLASH_ROW_SIZE)
                [!provide]                PROVIDE (__cy_heap_start, _end)
                0x00000001                PROVIDE (__cy_region_num, ((__cy_regions_end - __cy_regions) / 0x10))
                0x20008000                PROVIDE (__cy_stack, (ORIGIN (ram) + LENGTH (ram)))
                [!provide]                PROVIDE (__cy_heap_end, (__cy_stack - 0x800))

.cybootloader   0x00000000        0x0
 *(.cybootloader)
                0x00000000                appl1_start = CY_APPL_ORIGIN?CY_APPL_ORIGIN:ALIGN (CY_FLASH_ROW_SIZE)
                0x0001ff00                appl2_start = (appl1_start + ALIGN ((((LENGTH (rom) - appl1_start) - (0x2 * CY_FLASH_ROW_SIZE)) / 0x2), CY_FLASH_ROW_SIZE))
                0x00000000                appl_start = (CY_APPL_NUM == 0x1)?appl1_start:appl2_start
                0x00000000                ecc_offset = ((appl_start / CY_FLASH_ROW_SIZE) * CY_ECC_ROW_SIZE)
                0x00000000                ee_offset = (CY_APPL_LOADABLE && ! (CY_EE_IN_BTLDR))?((CY_EE_SIZE / CY_APPL_MAX) * (CY_APPL_NUM - 0x1)):0x0
                0x00000800                ee_size = (CY_APPL_LOADABLE && ! (CY_EE_IN_BTLDR))?(CY_EE_SIZE / CY_APPL_MAX):CY_EE_SIZE
                [!provide]                PROVIDE (CY_ECC_OFFSET, ecc_offset)

.text           0x00000000     0x2db2
 CREATE_OBJECT_SYMBOLS
                0x00000000                PROVIDE (__cy_interrupt_vector, RomVectors)
 *(.romvectors)
 .romvectors    0x00000000       0x10 .\CortexM3\ARM_GCC_541\Debug\Cm3Start.o
                0x00000000                RomVectors
                0x00000001                ASSERT ((. != __cy_interrupt_vector), No interrupt vector)
                0x00000001                ASSERT (CY_APPL_ORIGIN?(SIZEOF (.cybootloader) <= CY_APPL_ORIGIN):0x1, Wrong image location)
                0x00000010                PROVIDE (__cy_reset, Reset)
 *(.text.Reset)
 .text.Reset    0x00000010       0x18 .\CortexM3\ARM_GCC_541\Debug\Cm3Start.o
                0x00000010                Reset
                0x00000001                ASSERT ((. != __cy_reset), No reset code)
 *(.dma_init)
                0x00000001                ASSERT ((((appl_start + .) <= 0x10000) || 0x1), DMA Init must be within the first 64k of flash)
 *(.text .text.* .gnu.linkonce.t.*)
 .text          0x00000028       0x5c c:/program files (x86)/cypress/psoc creator/4.4/psoc creator/import/gnu/arm/5.4.1/bin/../lib/gcc/arm-none-eabi/5.4.1/armv7-m/crtbegin.o
 .text.ISR2_systick_handler
                0x00000084        0xc .\CortexM3\ARM_GCC_541\Debug\main.o
                0x00000084                ISR2_systick_handler
 .text.systick_handler
                0x00000090       0x98 .\CortexM3\ARM_GCC_541\Debug\main.o
                0x00000090                systick_handler
 .text.main     0x00000128       0x28 .\CortexM3\ARM_GCC_541\Debug\main.o
                0x00000128                main
 .text.Functsk_auto
                0x00000150       0x58 .\CortexM3\ARM_GCC_541\Debug\main.o
                0x00000150                Functsk_auto
 .text.Functsk_background
                0x000001a8        0x4 .\CortexM3\ARM_GCC_541\Debug\main.o
                0x000001a8                Functsk_background
 .text.Functsk_handleEvents
                0x000001ac      0x128 .\CortexM3\ARM_GCC_541\Debug\main.o
                0x000001ac                Functsk_handleEvents
 .text.ISR2_isr_UART_RX
                0x000002d4       0x44 .\CortexM3\ARM_GCC_541\Debug\main.o
                0x000002d4                ISR2_isr_UART_RX
 .text.isr_UART_RX
                0x00000318       0x98 .\CortexM3\ARM_GCC_541\Debug\main.o
                0x00000318                isr_UART_RX
 .text.__TFT_SPI_TX_ISR
                0x000003b0       0x58 .\CortexM3\ARM_GCC_541\Debug\tft.o
                0x000003b0                __TFT_SPI_TX_ISR
 .text.TFT_send
                0x00000408       0x84 .\CortexM3\ARM_GCC_541\Debug\tft.o
 .text.setAddrWindow
                0x0000048c       0x88 .\CortexM3\ARM_GCC_541\Debug\tft.o
 .text.TFT_setRotation
                0x00000514       0xc0 .\CortexM3\ARM_GCC_541\Debug\tft.o
                0x00000514                TFT_setRotation
 .text.TFT_getBGcolor
                0x000005d4        0xc .\CortexM3\ARM_GCC_541\Debug\tft.o
                0x000005d4                TFT_getBGcolor
 .text.TFT_fillRect
                0x000005e0       0x8c .\CortexM3\ARM_GCC_541\Debug\tft.o
                0x000005e0                TFT_fillRect
 .text.TFT_fillScreen
                0x0000066c       0x24 .\CortexM3\ARM_GCC_541\Debug\tft.o
                0x0000066c                TFT_fillScreen
 .text.TFT_init
                0x00000690       0xe4 .\CortexM3\ARM_GCC_541\Debug\tft.o
                0x00000690                TFT_init
 .text.TFT_clearScreen
                0x00000774        0xc .\CortexM3\ARM_GCC_541\Debug\tft.o
                0x00000774                TFT_clearScreen
 .text.TFT_drawPixel
                0x00000780       0x50 .\CortexM3\ARM_GCC_541\Debug\tft.o
                0x00000780                TFT_drawPixel
 .text.TFT_fastVLine
                0x000007d0       0x64 .\CortexM3\ARM_GCC_541\Debug\tft.o
                0x000007d0                TFT_fastVLine
 .text.TFT_writeLine
                0x00000834       0xc0 .\CortexM3\ARM_GCC_541\Debug\tft.o
                0x00000834                TFT_writeLine
 .text.TFT_drawChar
                0x000008f4      0x21c .\CortexM3\ARM_GCC_541\Debug\tft.o
                0x000008f4                TFT_drawChar
 .text.TFT_write
                0x00000b10      0x144 .\CortexM3\ARM_GCC_541\Debug\tft.o
                0x00000b10                TFT_write
 .text.TFT_print
                0x00000c54       0x14 .\CortexM3\ARM_GCC_541\Debug\tft.o
                0x00000c54                TFT_print
 .text.RB_clear
                0x00000c68       0x2c .\CortexM3\ARM_GCC_541\Debug\ringBuffer.o
                0x00000c68                RB_clear
 .text.RB_init  0x00000c94        0x8 .\CortexM3\ARM_GCC_541\Debug\ringBuffer.o
                0x00000c94                RB_init
 .text.RB_write
                0x00000c9c       0x44 .\CortexM3\ARM_GCC_541\Debug\ringBuffer.o
                0x00000c9c                RB_write
 .text.RB_read  0x00000ce0       0x44 .\CortexM3\ARM_GCC_541\Debug\ringBuffer.o
                0x00000ce0                RB_read
 .text.RB_EV_clear
                0x00000d24       0x2c .\CortexM3\ARM_GCC_541\Debug\ringBufferEV.o
                0x00000d24                RB_EV_clear
 .text.RB_EV_init
                0x00000d50        0x8 .\CortexM3\ARM_GCC_541\Debug\ringBufferEV.o
                0x00000d50                RB_EV_init
 .text.RB_EV_write
                0x00000d58       0x44 .\CortexM3\ARM_GCC_541\Debug\ringBufferEV.o
                0x00000d58                RB_EV_write
 .text.RB_EV_read
                0x00000d9c       0x44 .\CortexM3\ARM_GCC_541\Debug\ringBufferEV.o
                0x00000d9c                RB_EV_read
 .text.UART_init
                0x00000de0       0x28 .\CortexM3\ARM_GCC_541\Debug\uart.o
                0x00000de0                UART_init
 .text.UART_clear
                0x00000e08       0x14 .\CortexM3\ARM_GCC_541\Debug\uart.o
                0x00000e08                UART_clear
 .text.UART_RX_isrHandler
                0x00000e1c       0x38 .\CortexM3\ARM_GCC_541\Debug\uart.o
                0x00000e1c                UART_RX_isrHandler
 .text.UART_getJsonString
                0x00000e54       0x40 .\CortexM3\ARM_GCC_541\Debug\uart.o
                0x00000e54                UART_getJsonString
 .text.EVENT_init
                0x00000e94        0xc .\CortexM3\ARM_GCC_541\Debug\events.o
                0x00000e94                EVENT_init
 .text.EVENT_add
                0x00000ea0       0x20 .\CortexM3\ARM_GCC_541\Debug\events.o
                0x00000ea0                EVENT_add
 .text.EVENT_read
                0x00000ec0       0x14 .\CortexM3\ARM_GCC_541\Debug\events.o
                0x00000ec0                EVENT_read
 .text.EVENT_clear
                0x00000ed4        0xc .\CortexM3\ARM_GCC_541\Debug\events.o
                0x00000ed4                EVENT_clear
 .text.PARSER_init
                0x00000ee0       0x1c .\CortexM3\ARM_GCC_541\Debug\parser.o
                0x00000ee0                PARSER_init
 .text.PARSER_setJsonString
                0x00000efc       0x14 .\CortexM3\ARM_GCC_541\Debug\parser.o
                0x00000efc                PARSER_setJsonString
 .text.PARSER_parseJSON
                0x00000f10       0x3c .\CortexM3\ARM_GCC_541\Debug\parser.o
                0x00000f10                PARSER_parseJSON
 .text.PARSER_getToken
                0x00000f4c       0x30 .\CortexM3\ARM_GCC_541\Debug\parser.o
                0x00000f4c                PARSER_getToken
 .text.jsmn_alloc_token
                0x00000f7c       0x20 .\CortexM3\ARM_GCC_541\Debug\jasmin.o
 .text.jsmn_fill_token
                0x00000f9c        0xc .\CortexM3\ARM_GCC_541\Debug\jasmin.o
 .text.jsmn_parse_primitive
                0x00000fa8       0x80 .\CortexM3\ARM_GCC_541\Debug\jasmin.o
 .text.jsmn_parse_string
                0x00001028      0x11c .\CortexM3\ARM_GCC_541\Debug\jasmin.o
 .text.jsmn_parse
                0x00001144      0x214 .\CortexM3\ARM_GCC_541\Debug\jasmin.o
                0x00001144                jsmn_parse
 .text.jsmn_init
                0x00001358       0x10 .\CortexM3\ARM_GCC_541\Debug\jasmin.o
                0x00001358                jsmn_init
 .text.DRAWER_convertToColor
                0x00001368       0x50 .\CortexM3\ARM_GCC_541\Debug\drawer.o
                0x00001368                DRAWER_convertToColor
 .text.DRAWER_convertToCoordinate
                0x000013b8       0x3c .\CortexM3\ARM_GCC_541\Debug\drawer.o
                0x000013b8                DRAWER_convertToCoordinate
 .text.DRAWER_getDrawingInstructions
                0x000013f4       0xec .\CortexM3\ARM_GCC_541\Debug\drawer.o
                0x000013f4                DRAWER_getDrawingInstructions
 .text.DRAWER_readInstruction
                0x000014e0        0x8 .\CortexM3\ARM_GCC_541\Debug\drawer.o
                0x000014e0                DRAWER_readInstruction
 .text.DRAWER_drawOnTFT
                0x000014e8       0x48 .\CortexM3\ARM_GCC_541\Debug\drawer.o
                0x000014e8                DRAWER_drawOnTFT
 .text.DRAWER_sendMessage
                0x00001530       0x14 .\CortexM3\ARM_GCC_541\Debug\drawer.o
                0x00001530                DRAWER_sendMessage
 .text.DRAWER_init
                0x00001544       0x1c .\CortexM3\ARM_GCC_541\Debug\drawer.o
                0x00001544                DRAWER_init
 .text.RB_Draw_t_clear
                0x00001560       0x4c .\CortexM3\ARM_GCC_541\Debug\ringBufferDrawing.o
                0x00001560                RB_Draw_t_clear
 .text.RB_Draw_t_init
                0x000015ac        0x8 .\CortexM3\ARM_GCC_541\Debug\ringBufferDrawing.o
                0x000015ac                RB_Draw_t_init
 .text.RB_Draw_t_write
                0x000015b4       0x4c .\CortexM3\ARM_GCC_541\Debug\ringBufferDrawing.o
                0x000015b4                RB_Draw_t_write
 .text.RB_Draw_t_read
                0x00001600       0x54 .\CortexM3\ARM_GCC_541\Debug\ringBufferDrawing.o
                0x00001600                RB_Draw_t_read
 .text.LOG_send
                0x00001654       0x2c .\CortexM3\ARM_GCC_541\Debug\logging.o
                0x00001654                LOG_send
 .text.CyClockStartupError
                0x00001680        0x4 .\CortexM3\ARM_GCC_541\Debug\cyfitter_cfg.o
 .text.cfg_write_bytes32
                0x00001684       0x34 .\CortexM3\ARM_GCC_541\Debug\cyfitter_cfg.o
 .text.AnalogSetDefault
                0x000016b8       0x28 .\CortexM3\ARM_GCC_541\Debug\cyfitter_cfg.o
 .text.CYMEMZERO
                0x000016e0        0xc .\CortexM3\ARM_GCC_541\Debug\cyfitter_cfg.o
 .text.ClockSetup
                0x000016ec       0xe0 .\CortexM3\ARM_GCC_541\Debug\cyfitter_cfg.o
 .text.CYCONFIGCPY
                0x000017cc        0x8 .\CortexM3\ARM_GCC_541\Debug\cyfitter_cfg.o
 .text.cyfitter_cfg
                0x000017d4      0x110 .\CortexM3\ARM_GCC_541\Debug\cyfitter_cfg.o
                0x000017d4                cyfitter_cfg
 .text.IntDefaultHandler
                0x000018e4       0x10 .\CortexM3\ARM_GCC_541\Debug\Cm3Start.o
                0x000018e4                IntDefaultHandler
 .text.Start_c  0x000018f4       0x4c .\CortexM3\ARM_GCC_541\Debug\Cm3Start.o
                0x000018f4                Start_c
 .text.initialize_psoc
                0x00001940       0x68 .\CortexM3\ARM_GCC_541\Debug\Cm3Start.o
                0x00001940                initialize_psoc
 .text.CyHalt   0x000019a8        0x4 .\CortexM3\ARM_GCC_541\Debug\JSON_Parser.a(CyLib.o)
                0x000019a8                CyHalt
 .text.CyDelay  0x000019ac       0x2c .\CortexM3\ARM_GCC_541\Debug\JSON_Parser.a(CyLib.o)
                0x000019ac                CyDelay
 .text.CyIntSetPriority
                0x000019d8       0x30 .\CortexM3\ARM_GCC_541\Debug\JSON_Parser.a(CyLib.o)
                0x000019d8                CyIntSetPriority
 .text.EE_oo_ActivateTask
                0x00001a08       0xe8 .\CortexM3\ARM_GCC_541\Debug\JSON_Parser.a(ErikaOS_ee_activate.o)
                0x00001a08                EE_oo_ActivateTask
 .text.EE_oo_handle_action_callback
                0x00001af0        0xc .\CortexM3\ARM_GCC_541\Debug\JSON_Parser.a(ErikaOS_ee_altick.o)
 .text.EE_oo_handle_action_task
                0x00001afc       0x4c .\CortexM3\ARM_GCC_541\Debug\JSON_Parser.a(ErikaOS_ee_altick.o)
 .text.EE_oo_handle_action_event
                0x00001b48       0x60 .\CortexM3\ARM_GCC_541\Debug\JSON_Parser.a(ErikaOS_ee_altick.o)
 .text.EE_oo_handle_action
                0x00001ba8       0x28 .\CortexM3\ARM_GCC_541\Debug\JSON_Parser.a(ErikaOS_ee_altick.o)
 .text.EE_oo_counter_object_insert
                0x00001bd0       0x9c .\CortexM3\ARM_GCC_541\Debug\JSON_Parser.a(ErikaOS_ee_altick.o)
                0x00001bd0                EE_oo_counter_object_insert
 .text.EE_oo_IncrementCounterImplementation
                0x00001c6c      0x100 .\CortexM3\ARM_GCC_541\Debug\JSON_Parser.a(ErikaOS_ee_altick.o)
                0x00001c6c                EE_oo_IncrementCounterImplementation
 .text.EE_oo_IncrementCounter
                0x00001d6c       0xb0 .\CortexM3\ARM_GCC_541\Debug\JSON_Parser.a(ErikaOS_ee_altick.o)
                0x00001d6c                EE_oo_IncrementCounter
 .text.EE_oo_ClearEvent
                0x00001e1c       0x5c .\CortexM3\ARM_GCC_541\Debug\JSON_Parser.a(ErikaOS_ee_evclear.o)
                0x00001e1c                EE_oo_ClearEvent
 .text.EE_oo_GetEvent
                0x00001e78       0x40 .\CortexM3\ARM_GCC_541\Debug\JSON_Parser.a(ErikaOS_ee_evget.o)
                0x00001e78                EE_oo_GetEvent
 .text.EE_oo_SetEvent
                0x00001eb8      0x100 .\CortexM3\ARM_GCC_541\Debug\JSON_Parser.a(ErikaOS_ee_evset.o)
                0x00001eb8                EE_oo_SetEvent
 .text.EE_oo_WaitEvent
                0x00001fb8      0x124 .\CortexM3\ARM_GCC_541\Debug\JSON_Parser.a(ErikaOS_ee_evwait.o)
                0x00001fb8                EE_oo_WaitEvent
 .text.EE_IRQ_run_next_task
                0x000020dc       0x30 .\CortexM3\ARM_GCC_541\Debug\JSON_Parser.a(ErikaOS_ee_irqendin.o)
 .text.EE_IRQ_end_instance
                0x0000210c       0x68 .\CortexM3\ARM_GCC_541\Debug\JSON_Parser.a(ErikaOS_ee_irqendin.o)
                0x0000210c                EE_IRQ_end_instance
 .text.EE_IRQ_end_post_stub
                0x00002174       0x14 .\CortexM3\ARM_GCC_541\Debug\JSON_Parser.a(ErikaOS_ee_irqendin.o)
                0x00002174                EE_IRQ_end_post_stub
 .text.EE_oo_GetResource
                0x00002188       0xa8 .\CortexM3\ARM_GCC_541\Debug\JSON_Parser.a(ErikaOS_ee_lockres.o)
                0x00002188                EE_oo_GetResource
 .text.EE_rq2stk_exchange
                0x00002230       0x88 .\CortexM3\ARM_GCC_541\Debug\JSON_Parser.a(ErikaOS_ee_rq_exchg.o)
                0x00002230                EE_rq2stk_exchange
 .text.EE_rq_queryfirst
                0x000022b8       0x44 .\CortexM3\ARM_GCC_541\Debug\JSON_Parser.a(ErikaOS_ee_rq_first.o)
                0x000022b8                EE_rq_queryfirst
 .text.EE_rq_insert
                0x000022fc       0x74 .\CortexM3\ARM_GCC_541\Debug\JSON_Parser.a(ErikaOS_ee_rq_inser.o)
                0x000022fc                EE_rq_insert
 .text.compute_task_tid
                0x00002370       0x10 .\CortexM3\ARM_GCC_541\Debug\JSON_Parser.a(ErikaOS_ee_startos.o)
 .text.EE_oo_start_os
                0x00002380        0xc .\CortexM3\ARM_GCC_541\Debug\JSON_Parser.a(ErikaOS_ee_startos.o)
 .text.EE_oo_autostart_tasks
                0x0000238c       0x60 .\CortexM3\ARM_GCC_541\Debug\JSON_Parser.a(ErikaOS_ee_startos.o)
 .text.EE_oo_autostart_os
                0x000023ec        0xc .\CortexM3\ARM_GCC_541\Debug\JSON_Parser.a(ErikaOS_ee_startos.o)
 .text.EE_oo_StartOS
                0x000023f8       0x8c .\CortexM3\ARM_GCC_541\Debug\JSON_Parser.a(ErikaOS_ee_startos.o)
                0x000023f8                EE_oo_StartOS
 .text.EE_oo_TerminateTask
                0x00002484       0x50 .\CortexM3\ARM_GCC_541\Debug\JSON_Parser.a(ErikaOS_ee_terminat.o)
                0x00002484                EE_oo_TerminateTask
 .text.EE_oo_ReleaseResource
                0x000024d4      0x124 .\CortexM3\ARM_GCC_541\Debug\JSON_Parser.a(ErikaOS_ee_ulockres.o)
                0x000024d4                EE_oo_ReleaseResource
 .text.EE_system_init
                0x000025f8       0x48 .\CortexM3\ARM_GCC_541\Debug\JSON_Parser.a(ErikaOS_cortex_mx_ee_utils.o)
                0x000025f8                EE_system_init
 .text.UART_LOG_Init
                0x00002640       0x28 .\CortexM3\ARM_GCC_541\Debug\JSON_Parser.a(UART_LOG.o)
                0x00002640                UART_LOG_Init
 .text.UART_LOG_Enable
                0x00002668       0x38 .\CortexM3\ARM_GCC_541\Debug\JSON_Parser.a(UART_LOG.o)
                0x00002668                UART_LOG_Enable
 .text.UART_LOG_Start
                0x000026a0       0x1c .\CortexM3\ARM_GCC_541\Debug\JSON_Parser.a(UART_LOG.o)
                0x000026a0                UART_LOG_Start
 .text.UART_LOG_ReadRxData
                0x000026bc        0xc .\CortexM3\ARM_GCC_541\Debug\JSON_Parser.a(UART_LOG.o)
                0x000026bc                UART_LOG_ReadRxData
 .text.UART_LOG_ReadRxStatus
                0x000026c8       0x10 .\CortexM3\ARM_GCC_541\Debug\JSON_Parser.a(UART_LOG.o)
                0x000026c8                UART_LOG_ReadRxStatus
 .text.UART_LOG_GetByte
                0x000026d8       0x14 .\CortexM3\ARM_GCC_541\Debug\JSON_Parser.a(UART_LOG.o)
                0x000026d8                UART_LOG_GetByte
 .text.UART_LOG_PutChar
                0x000026ec       0x18 .\CortexM3\ARM_GCC_541\Debug\JSON_Parser.a(UART_LOG.o)
                0x000026ec                UART_LOG_PutChar
 .text.UART_LOG_PutString
                0x00002704       0x24 .\CortexM3\ARM_GCC_541\Debug\JSON_Parser.a(UART_LOG.o)
                0x00002704                UART_LOG_PutString
 .text.UART_LOG_IntClock_Start
                0x00002728       0x1c .\CortexM3\ARM_GCC_541\Debug\JSON_Parser.a(UART_LOG_IntClock.o)
                0x00002728                UART_LOG_IntClock_Start
 .text.TFT_BackLight_Enable
                0x00002744       0x28 .\CortexM3\ARM_GCC_541\Debug\JSON_Parser.a(TFT_BackLight.o)
                0x00002744                TFT_BackLight_Enable
 .text.TFT_BackLight_WritePeriod
                0x0000276c        0xc .\CortexM3\ARM_GCC_541\Debug\JSON_Parser.a(TFT_BackLight.o)
                0x0000276c                TFT_BackLight_WritePeriod
 .text.TFT_BackLight_WriteCompare
                0x00002778        0xc .\CortexM3\ARM_GCC_541\Debug\JSON_Parser.a(TFT_BackLight.o)
                0x00002778                TFT_BackLight_WriteCompare
 .text.TFT_BackLight_SetInterruptMode
                0x00002784        0xc .\CortexM3\ARM_GCC_541\Debug\JSON_Parser.a(TFT_BackLight.o)
                0x00002784                TFT_BackLight_SetInterruptMode
 .text.TFT_BackLight_Init
                0x00002790       0x74 .\CortexM3\ARM_GCC_541\Debug\JSON_Parser.a(TFT_BackLight.o)
                0x00002790                TFT_BackLight_Init
 .text.TFT_BackLight_Start
                0x00002804       0x1c .\CortexM3\ARM_GCC_541\Debug\JSON_Parser.a(TFT_BackLight.o)
                0x00002804                TFT_BackLight_Start
 .text.TFT_RES_Write
                0x00002820       0x18 .\CortexM3\ARM_GCC_541\Debug\JSON_Parser.a(TFT_RES.o)
                0x00002820                TFT_RES_Write
 .text.TFT_DC_Write
                0x00002838       0x18 .\CortexM3\ARM_GCC_541\Debug\JSON_Parser.a(TFT_DC.o)
                0x00002838                TFT_DC_Write
 .text.TFT_SPI_Enable
                0x00002850       0x34 .\CortexM3\ARM_GCC_541\Debug\JSON_Parser.a(TFT_SPI.o)
                0x00002850                TFT_SPI_Enable
 .text.TFT_SPI_ReadTxStatus
                0x00002884        0xc .\CortexM3\ARM_GCC_541\Debug\JSON_Parser.a(TFT_SPI.o)
                0x00002884                TFT_SPI_ReadTxStatus
 .text.TFT_SPI_ReadRxStatus
                0x00002890        0xc .\CortexM3\ARM_GCC_541\Debug\JSON_Parser.a(TFT_SPI.o)
                0x00002890                TFT_SPI_ReadRxStatus
 .text.TFT_SPI_WriteTxData
                0x0000289c       0x18 .\CortexM3\ARM_GCC_541\Debug\JSON_Parser.a(TFT_SPI.o)
                0x0000289c                TFT_SPI_WriteTxData
 .text.TFT_SPI_ClearFIFO
                0x000028b4       0x3c .\CortexM3\ARM_GCC_541\Debug\JSON_Parser.a(TFT_SPI.o)
                0x000028b4                TFT_SPI_ClearFIFO
 .text.TFT_SPI_Init
                0x000028f0       0x28 .\CortexM3\ARM_GCC_541\Debug\JSON_Parser.a(TFT_SPI.o)
                0x000028f0                TFT_SPI_Init
 .text.TFT_SPI_Start
                0x00002918       0x1c .\CortexM3\ARM_GCC_541\Debug\JSON_Parser.a(TFT_SPI.o)
                0x00002918                TFT_SPI_Start
 .text.TFT_SPI_IntClock_Start
                0x00002934       0x1c .\CortexM3\ARM_GCC_541\Debug\JSON_Parser.a(TFT_SPI_IntClock.o)
                0x00002934                TFT_SPI_IntClock_Start
 .text          0x00002950       0x20 .\CortexM3\ARM_GCC_541\Debug\JSON_Parser.a(CyBootAsmGnu.o)
                0x00002950                CyDelayCycles
                0x00002960                CyEnterCriticalSection
                0x00002968                CyExitCriticalSection
 .text          0x00002970       0x7c .\CortexM3\ARM_GCC_541\Debug\JSON_Parser.a(ErikaOS_ee_gnu_change_context_isr.o)
                0x00002970                EE_set_switch_context_pri
                0x0000298a                EE_switch_context
                0x00002994                EE_cortex_mx_pendsv_ISR
                0x000029d0                EE_cortex_mx_svc_ISR
 .text          0x000029ec       0x24 .\CortexM3\ARM_GCC_541\Debug\JSON_Parser.a(ErikaOS_ee_gnu_irq_stack.o)
                0x000029ec                EE_cortex_mx_change_IRQ_stack
                0x000029fe                EE_cortex_mx_change_IRQ_stack_back
 .text          0x00002a10       0x68 .\CortexM3\ARM_GCC_541\Debug\JSON_Parser.a(ErikaOS_ee_gnu_multi_context.o)
                0x00002a10                EE_cortex_mx_change_context
 .text          0x00002a78       0x80 .\CortexM3\ARM_GCC_541\Debug\JSON_Parser.a(ErikaOS_ee_gnu_oo.o)
                0x00002a78                EE_hal_terminate_savestk
                0x00002ac2                EE_hal_terminate_task
 .text.EE_thread_not_terminated
                0x00002af8       0x18 .\CortexM3\ARM_GCC_541\Debug\JSON_Parser.a(ErikaOS_ee_tnterm.o)
                0x00002af8                EE_thread_not_terminated
 .text.EE_oo_thread_stub
                0x00002b10       0x10 .\CortexM3\ARM_GCC_541\Debug\JSON_Parser.a(ErikaOS_ee_tstub.o)
                0x00002b10                EE_oo_thread_stub
 .text.EE_oo_release_all_resources
                0x00002b20       0x58 .\CortexM3\ARM_GCC_541\Debug\JSON_Parser.a(ErikaOS_ee_ulockallres.o)
                0x00002b20                EE_oo_release_all_resources
 .text.EE_std_run_task_code
                0x00002b78       0x18 .\CortexM3\ARM_GCC_541\Debug\JSON_Parser.a(ErikaOS_cortex_mx_ee_context.o)
                0x00002b78                EE_std_run_task_code
 .text.EE_std_need_context_change
                0x00002b90       0x28 .\CortexM3\ARM_GCC_541\Debug\JSON_Parser.a(ErikaOS_cortex_mx_ee_context.o)
                0x00002b90                EE_std_need_context_change
 .text.EE_thread_rnact_max
                0x00002bb8       0x20 .\CortexM3\ARM_GCC_541\Debug\JSON_Parser.a(ErikaOS_ee_thendin.o)
 .text.EE_thread_endcycle_next
                0x00002bd8       0x30 .\CortexM3\ARM_GCC_541\Debug\JSON_Parser.a(ErikaOS_ee_thendin.o)
 .text.EE_thread_end_instance
                0x00002c08      0x108 .\CortexM3\ARM_GCC_541\Debug\JSON_Parser.a(ErikaOS_ee_thendin.o)
                0x00002c08                EE_thread_end_instance
 .text.__errno  0x00002d10        0xc c:/program files (x86)/cypress/psoc creator/4.4/psoc creator/import/gnu/arm/5.4.1/bin/../lib/gcc/arm-none-eabi/5.4.1/../../../../arm-none-eabi/lib/armv7-m\libg_nano.a(lib_a-errno.o)
                0x00002d10                __errno
 .text.__libc_init_array
                0x00002d1c       0x4c c:/program files (x86)/cypress/psoc creator/4.4/psoc creator/import/gnu/arm/5.4.1/bin/../lib/gcc/arm-none-eabi/5.4.1/../../../../arm-none-eabi/lib/armv7-m\libg_nano.a(lib_a-init.o)
                0x00002d1c                __libc_init_array
 .text.memcpy   0x00002d68       0x16 c:/program files (x86)/cypress/psoc creator/4.4/psoc creator/import/gnu/arm/5.4.1/bin/../lib/gcc/arm-none-eabi/5.4.1/../../../../arm-none-eabi/lib/armv7-m\libg_nano.a(lib_a-memcpy-stub.o)
                0x00002d68                memcpy
 .text.memset   0x00002d7e       0x10 c:/program files (x86)/cypress/psoc creator/4.4/psoc creator/import/gnu/arm/5.4.1/bin/../lib/gcc/arm-none-eabi/5.4.1/../../../../arm-none-eabi/lib/armv7-m\libg_nano.a(lib_a-memset.o)
                0x00002d7e                memset
 .text          0x00002d8e       0x14 c:/program files (x86)/cypress/psoc creator/4.4/psoc creator/import/gnu/arm/5.4.1/bin/../lib/gcc/arm-none-eabi/5.4.1/../../../../arm-none-eabi/lib/armv7-m\libg_nano.a(lib_a-strcmp.o)
                0x00002d8e                strcmp
 .text          0x00002da2       0x10 c:/program files (x86)/cypress/psoc creator/4.4/psoc creator/import/gnu/arm/5.4.1/bin/../lib/gcc/arm-none-eabi/5.4.1/../../../../arm-none-eabi/lib/armv7-m\libg_nano.a(lib_a-strlen.o)
                0x00002da2                strlen
 *(.plt)
 *(.gnu.warning)
 *(.glue_7t)
 .glue_7t       0x00002db2        0x0 linker stubs
 *(.glue_7)
 .glue_7        0x00002db2        0x0 linker stubs
 *(.vfp11_veneer)
 .vfp11_veneer  0x00002db2        0x0 linker stubs
 *(.bootloader)
 *(.ARM.extab* .gnu.linkonce.armextab.*)
 *(.gcc_except_table)

.v4_bx          0x00002db4        0x0
 .v4_bx         0x00002db4        0x0 linker stubs

.iplt           0x00002db4        0x0
 .iplt          0x00002db4        0x0 c:/program files (x86)/cypress/psoc creator/4.4/psoc creator/import/gnu/arm/5.4.1/bin/../lib/gcc/arm-none-eabi/5.4.1/armv7-m/crtbegin.o

.eh_frame_hdr
 *(.eh_frame_hdr)

.eh_frame       0x00002db4        0x4
 *(.eh_frame)
 .eh_frame      0x00002db4        0x0 c:/program files (x86)/cypress/psoc creator/4.4/psoc creator/import/gnu/arm/5.4.1/bin/../lib/gcc/arm-none-eabi/5.4.1/armv7-m/crtbegin.o
 .eh_frame      0x00002db4        0x4 c:/program files (x86)/cypress/psoc creator/4.4/psoc creator/import/gnu/arm/5.4.1/bin/../lib/gcc/arm-none-eabi/5.4.1/armv7-m/crtend.o
                [!provide]                PROVIDE (__exidx_start, .)

.ARM.exidx
 *(.ARM.exidx* .gnu.linkonce.armexidx.*)
                0x00002db8                __exidx_end = .

.rodata         0x00002db8      0x928
 *(.rodata .rodata.* .gnu.linkonce.r.*)
 .rodata.str1.4
                0x00002db8       0x74 .\CortexM3\ARM_GCC_541\Debug\main.o
 .rodata        0x00002e2c      0x558 .\CortexM3\ARM_GCC_541\Debug\tft.o
 .rodata.str1.4
                0x00003384       0x14 .\CortexM3\ARM_GCC_541\Debug\tft.o
 .rodata.str1.4
                0x00003398       0x27 .\CortexM3\ARM_GCC_541\Debug\uart.o
 *fill*         0x000033bf        0x1 
 .rodata.str1.4
                0x000033c0       0x45 .\CortexM3\ARM_GCC_541\Debug\drawer.o
 *fill*         0x00003405        0x3 
 .rodata.str1.4
                0x00003408       0x18 .\CortexM3\ARM_GCC_541\Debug\logging.o
 .rodata        0x00003420       0x58 .\CortexM3\ARM_GCC_541\Debug\cyfitter_cfg.o
 .rodata        0x00003478      0x100 .\CortexM3\ARM_GCC_541\Debug\JSON_Parser.a(ErikaOS_ee_lookup.o)
                0x00003478                EE_rq_lookup
 .rodata        0x00003578       0xb0 .\CortexM3\ARM_GCC_541\Debug\JSON_Parser.a(ErikaOS_eecfg.o)
                0x00003578                EE_oo_autostart_task_data
                0x00003584                EE_oo_action_ROM
                0x00003598                EE_oo_counter_object_ROM
                0x000035a4                EE_ALARM_ID
                0x000035a8                EE_alarm_ROM
                0x000035ac                EE_counter_ROM
                0x000035b8                EE_resource_ceiling
                0x000035c0                EE_th_is_extended
                0x000035cc                EE_th_rnact_max
                0x000035d8                EE_th_dispatch_prio
                0x000035e4                EE_EVENT_ID
                0x000035ec                EE_RESOURCE_ID
                0x000035f4                EE_th_ready_prio
                0x00003600                EE_terminate_real_th_body
                0x0000360c                EE_hal_thread_body
                0x00003618                EE_std_thread_tos
 .rodata.str1.4
                0x00003628       0x7c .\CortexM3\ARM_GCC_541\Debug\JSON_Parser.a(ErikaOS_eecfg.o)
                                 0x79 (size before relaxing)
 .rodata.str1.1
                0x000036a4        0x2 c:/program files (x86)/cypress/psoc creator/4.4/psoc creator/import/gnu/arm/5.4.1/bin/../lib/gcc/arm-none-eabi/5.4.1/../../../../arm-none-eabi/lib/armv7-m\libg_nano.a(lib_a-impure.o)
                0x000036a8                . = ALIGN (0x4)
 *fill*         0x000036a6        0x2 
 *(.init)
 .init          0x000036a8        0x4 c:/program files (x86)/cypress/psoc creator/4.4/psoc creator/import/gnu/arm/5.4.1/bin/../lib/gcc/arm-none-eabi/5.4.1/armv7-m/crti.o
                0x000036a8                _init
 .init          0x000036ac        0x8 c:/program files (x86)/cypress/psoc creator/4.4/psoc creator/import/gnu/arm/5.4.1/bin/../lib/gcc/arm-none-eabi/5.4.1/armv7-m/crtn.o
                0x000036b4                . = ALIGN (0x4)
                0x000036b4                __preinit_array_start = .
 *(.preinit_array)
                0x000036b4                __preinit_array_end = .
                0x000036b4                . = ALIGN (0x4)
                0x000036b4                __init_array_start = .
 *(SORT(.init_array.*))
 *(.init_array)
 .init_array    0x000036b4        0x4 c:/program files (x86)/cypress/psoc creator/4.4/psoc creator/import/gnu/arm/5.4.1/bin/../lib/gcc/arm-none-eabi/5.4.1/armv7-m/crtbegin.o
 .init_array    0x000036b8        0x4 .\CortexM3\ARM_GCC_541\Debug\Cm3Start.o
                0x000036bc                __init_array_end = .
                0x000036bc                . = ALIGN (0x4)
 *(.fini)
 .fini          0x000036bc        0x4 c:/program files (x86)/cypress/psoc creator/4.4/psoc creator/import/gnu/arm/5.4.1/bin/../lib/gcc/arm-none-eabi/5.4.1/armv7-m/crti.o
                0x000036bc                _fini
 .fini          0x000036c0        0x8 c:/program files (x86)/cypress/psoc creator/4.4/psoc creator/import/gnu/arm/5.4.1/bin/../lib/gcc/arm-none-eabi/5.4.1/armv7-m/crtn.o
                0x000036c8                . = ALIGN (0x4)
                0x000036c8                __fini_array_start = .
 *(.fini_array)
 .fini_array    0x000036c8        0x4 c:/program files (x86)/cypress/psoc creator/4.4/psoc creator/import/gnu/arm/5.4.1/bin/../lib/gcc/arm-none-eabi/5.4.1/armv7-m/crtbegin.o
 *(SORT(.fini_array.*))
                0x000036cc                __fini_array_end = .
                0x000036cc                . = ALIGN (0x4)
 *crtbegin.o(.ctors)
 *(EXCLUDE_FILE(*crtend.o) .ctors)
 *(SORT(.ctors.*))
 *crtend.o(.ctors)
                0x000036cc                . = ALIGN (0x4)
 *crtbegin.o(.dtors)
 *(EXCLUDE_FILE(*crtend.o) .dtors)
 *(SORT(.dtors.*))
 *crtend.o(.dtors)
                0x000036cc                . = ALIGN (0x4)
                0x000036cc                __cy_regions = .
                0x000036cc        0x4 LONG 0x36e0 __cy_region_init_ram
                0x000036d0        0x4 LONG 0x1fff80c8 __cy_region_start_data
                0x000036d4        0x4 LONG 0x190 __cy_region_init_size_ram
                0x000036d8        0x4 LONG 0x1eb0 __cy_region_zero_size_ram
                0x000036dc                __cy_regions_end = .
                0x000036e0                . = ALIGN (0x8)
 *fill*         0x000036dc        0x4 
                0x000036e0                _etext = .

.cy_checksum_exclude
                0x000036e0        0x0
 *(.cy_checksum_exclude)

.ramvectors     0x1fff8000       0xc0
                0x1fff8000                __cy_region_start_ram = .
 *(.ramvectors)
 .ramvectors    0x1fff8000       0xc0 .\CortexM3\ARM_GCC_541\Debug\Cm3Start.o
                0x1fff8000                CyRamVectors

.noinit         0x1fff80c0        0x1
 *(.noinit)
 .noinit        0x1fff80c0        0x1 .\CortexM3\ARM_GCC_541\Debug\JSON_Parser.a(CyLib.o)
                0x1fff80c0                CyResetStatus

.data           0x1fff80c8      0x190 load address 0x000036e0
                0x1fff80c8                __cy_region_start_data = .
 *(.jcr)
 .jcr           0x1fff80c8        0x0 c:/program files (x86)/cypress/psoc creator/4.4/psoc creator/import/gnu/arm/5.4.1/bin/../lib/gcc/arm-none-eabi/5.4.1/armv7-m/crtbegin.o
 .jcr           0x1fff80c8        0x4 c:/program files (x86)/cypress/psoc creator/4.4/psoc creator/import/gnu/arm/5.4.1/bin/../lib/gcc/arm-none-eabi/5.4.1/armv7-m/crtend.o
 *(.got.plt)
 *(.got)
 *(.shdata)
 *(.data .data.* .gnu.linkonce.d.*)
 .data          0x1fff80cc       0x10 .\CortexM3\ARM_GCC_541\Debug\JSON_Parser.a(CyLib.o)
                0x1fff80cc                cydelay_32k_ms
                0x1fff80d0                cydelay_freq_khz
                0x1fff80d4                cydelay_freq_mhz
                0x1fff80d8                cydelay_freq_hz
 .data          0x1fff80dc      0x114 .\CortexM3\ARM_GCC_541\Debug\JSON_Parser.a(ErikaOS_eecfg.o)
                0x1fff80dc                EE_ALARM_NAME
                0x1fff80e0                EE_counter_RAM
                0x1fff80e8                EE_resource_stack
                0x1fff80f0                EE_th_resource_last
                0x1fff80fc                EE_th_terminate_nextask
                0x1fff8108                EE_rq_pairs_next
                0x1fff8114                EE_rq_link
                0x1fff8120                EE_th_rnact
                0x1fff812c                EE_rq_queues_tail
                0x1fff816c                EE_rq_queues_head
                0x1fff81ac                EE_stkfirst
                0x1fff81b0                EE_th_next
                0x1fff81bc                EE_th_status
                0x1fff81c8                EE_EVENT_NAME
                0x1fff81d0                EE_RESOURCE_NAME
                0x1fff81d8                EE_TASK_NAME
                0x1fff81e4                EE_cortex_mx_IRQ_tos
                0x1fff81e8                EE_cortex_mx_system_tos
 .data          0x1fff81f0        0x4 .\CortexM3\ARM_GCC_541\Debug\JSON_Parser.a(ErikaOS_ee_gnu_irq_stack.o)
 .data.impure_data
                0x1fff81f4       0x60 c:/program files (x86)/cypress/psoc creator/4.4/psoc creator/import/gnu/arm/5.4.1/bin/../lib/gcc/arm-none-eabi/5.4.1/../../../../arm-none-eabi/lib/armv7-m\libg_nano.a(lib_a-impure.o)
 .data._impure_ptr
                0x1fff8254        0x4 c:/program files (x86)/cypress/psoc creator/4.4/psoc creator/import/gnu/arm/5.4.1/bin/../lib/gcc/arm-none-eabi/5.4.1/../../../../arm-none-eabi/lib/armv7-m\libg_nano.a(lib_a-impure.o)
                0x1fff8254                _impure_ptr
                0x1fff8258                . = ALIGN (0x8)
 *(.ram)
                0x1fff8258                _edata = .

.igot.plt       0x1fff8258        0x0 load address 0x00003870
 .igot.plt      0x1fff8258        0x0 c:/program files (x86)/cypress/psoc creator/4.4/psoc creator/import/gnu/arm/5.4.1/bin/../lib/gcc/arm-none-eabi/5.4.1/armv7-m/crtbegin.o

.bss            0x1fff8258     0x1eb0 load address 0x00003870
                0x1fff8258                PROVIDE (__bss_start__, .)
 *(.shbss)
 *(.bss .bss.* .gnu.linkonce.b.*)
 .bss           0x1fff8258       0x1c c:/program files (x86)/cypress/psoc creator/4.4/psoc creator/import/gnu/arm/5.4.1/bin/../lib/gcc/arm-none-eabi/5.4.1/armv7-m/crtbegin.o
 .bss           0x1fff8274       0xe6 .\CortexM3\ARM_GCC_541\Debug\tft.o
 *fill*         0x1fff835a        0x2 
 .bss           0x1fff835c       0x3c .\CortexM3\ARM_GCC_541\Debug\JSON_Parser.a(ErikaOS_eecfg.o)
                0x1fff835c                EE_resource_locked
                0x1fff8364                EE_th_waswaiting
                0x1fff8370                EE_th_event_waitmask
                0x1fff837c                EE_th_event_active
                0x1fff8388                EE_rq_free
                0x1fff838c                EE_rq_bitmask
                0x1fff8390                EE_sys_ceiling
                0x1fff8394                EE_cortex_mx_active_tos
 .bss           0x1fff8398        0x2 .\CortexM3\ARM_GCC_541\Debug\JSON_Parser.a(UART_LOG.o)
                0x1fff8398                UART_LOG_initVar
 .bss           0x1fff839a        0x1 .\CortexM3\ARM_GCC_541\Debug\JSON_Parser.a(TFT_BackLight.o)
                0x1fff839a                TFT_BackLight_initVar
 .bss           0x1fff839b        0x1 .\CortexM3\ARM_GCC_541\Debug\JSON_Parser.a(TFT_SPI.o)
                0x1fff839b                TFT_SPI_initVar
 *(COMMON)
 COMMON         0x1fff839c     0x1350 .\CortexM3\ARM_GCC_541\Debug\main.o
                0x1fff839c                drawer
                0x1fff9074                parsingEventHandler
                0x1fff9144                UART_port
                0x1fff92e4                drawingEventHandler
                0x1fff93b4                jsonParser
 COMMON         0x1fff96ec        0x8 .\CortexM3\ARM_GCC_541\Debug\JSON_Parser.a(ErikaOS_ee_lookup.o)
                0x1fff96ec                EE_oo_IRQ_disable_count
                0x1fff96f0                EE_oo_IRQ_suspend_status
 COMMON         0x1fff96f4        0x4 .\CortexM3\ARM_GCC_541\Debug\JSON_Parser.a(ErikaOS_ee_startos.o)
                0x1fff96f4                EE_oo_started
 COMMON         0x1fff96f8        0x8 .\CortexM3\ARM_GCC_541\Debug\JSON_Parser.a(ErikaOS_common_ee_hal_structs.o)
                0x1fff96f8                EE_IRQ_nesting_level
                0x1fff96fc                EE_std_endcycle_next_tid
 COMMON         0x1fff9700      0xa04 .\CortexM3\ARM_GCC_541\Debug\JSON_Parser.a(ErikaOS_eecfg.o)
                0x1fff9700                EE_cortex_mx_stack_3
                0x1fff9ed0                EE_rq_pairs_tid
                0x1fff9edc                EE_terminate_data
                0x1fff9ee8                EE_oo_counter_object_RAM
                0x1fff9ef8                EE_resource_oldceiling
                0x1fff9f00                EE_ApplicationMode
                0x1fff9f04                EE_cortex_mx_stack_9
                0x1fffa108                . = ALIGN (0x8)
 *fill*         0x1fffa104        0x4 
 *(.ram.b)
                0x1fffa108                _end = .
                0x1fffa108                __end = .
                0x1fffa108                PROVIDE (end, .)
                0x1fffa108                PROVIDE (__bss_end__, .)
                0x000036e0                __cy_region_init_ram = LOADADDR (.data)
                0x00000190                __cy_region_init_size_ram = (_edata - ADDR (.data))
                0x00001eb0                __cy_region_zero_size_ram = (_end - _edata)

.heap           0x1fffa108       0x80 load address 0x00003870
                0x1fffa108                . = _end
                0x1fffa188                . = (. + 0x80)
 *fill*         0x1fffa108       0x80 
                0x1fffa188                __cy_heap_limit = .

.stack          0x20007800      0x800
                0x20007800                __cy_stack_limit = .
                0x20008000                . = (. + 0x800)
 *fill*         0x20007800      0x800 
                0x00000001                ASSERT ((__cy_stack_limit >= __cy_heap_limit), region RAM overflowed with stack)
                0x00000000                cy_checksum_exclude_size = (CY_APPL_LOADABLE == 0x1)?SIZEOF (.cy_checksum_exclude):0x0
                0x00000001                ASSERT ((cy_checksum_exclude_size <= CY_CHECKSUM_EXCLUDE_SIZE), CY_BOOT: Section .cy_checksum_exclude size exceedes specified limit.)

.cyloadermeta
 *(.cyloadermeta)

.cyloadablemeta
 *(.cyloadablemeta)

.cyconfigecc    0x80000000      0x650
 *(.cyconfigecc)
 .cyconfigecc   0x80000000      0x650 .\CortexM3\ARM_GCC_541\Debug\cymetadata.o
                0x80000000                cy_meta_configecc

.cycustnvl      0x90000000        0x4
 *(.cycustnvl)
 .cycustnvl     0x90000000        0x4 .\CortexM3\ARM_GCC_541\Debug\cymetadata.o
                0x90000000                cy_meta_custnvl

.cywolatch      0x90100000        0x4
 *(.cywolatch)
 .cywolatch     0x90100000        0x4 .\CortexM3\ARM_GCC_541\Debug\cymetadata.o
                0x90100000                cy_meta_wonvl

.cyeeprom       0x90200000        0x0
 *(.cyeeprom)
                0x00000001                ASSERT ((. <= ((0x90200000 + ee_offset) + ee_size)), .cyeeprom data will not fit in EEPROM)

.cyflashprotect
                0x90400000      0x100
 *(.cyflashprotect)
 .cyflashprotect
                0x90400000      0x100 .\CortexM3\ARM_GCC_541\Debug\cymetadata.o
                0x90400000                cy_meta_flashprotect

.cymeta         0x90500000        0xc
 *(.cymeta)
 .cymeta        0x90500000        0xc .\CortexM3\ARM_GCC_541\Debug\cymetadata.o
                0x90500000                cy_metadata

.rel.dyn        0x00003870        0x0 load address 0x9050000c
 .rel.iplt      0x00003870        0x0 c:/program files (x86)/cypress/psoc creator/4.4/psoc creator/import/gnu/arm/5.4.1/bin/../lib/gcc/arm-none-eabi/5.4.1/armv7-m/crtbegin.o

.stab
 *(.stab)

.stabstr
 *(.stabstr)

.debug
 *(.debug)

.line
 *(.line)

.debug_srcinfo
 *(.debug_srcinfo)

.debug_sfnames
 *(.debug_sfnames)

.debug_aranges  0x00000000     0x1098
 *(.debug_aranges)
 .debug_aranges
                0x00000000       0x58 .\CortexM3\ARM_GCC_541\Debug\main.o
 .debug_aranges
                0x00000058      0x178 .\CortexM3\ARM_GCC_541\Debug\tft.o
 .debug_aranges
                0x000001d0       0x48 .\CortexM3\ARM_GCC_541\Debug\ringBuffer.o
 .debug_aranges
                0x00000218       0x48 .\CortexM3\ARM_GCC_541\Debug\ringBufferEV.o
 .debug_aranges
                0x00000260       0x50 .\CortexM3\ARM_GCC_541\Debug\uart.o
 .debug_aranges
                0x000002b0       0x38 .\CortexM3\ARM_GCC_541\Debug\events.o
 .debug_aranges
                0x000002e8       0x38 .\CortexM3\ARM_GCC_541\Debug\parser.o
 .debug_aranges
                0x00000320       0x48 .\CortexM3\ARM_GCC_541\Debug\jasmin.o
 .debug_aranges
                0x00000368       0x50 .\CortexM3\ARM_GCC_541\Debug\drawer.o
 .debug_aranges
                0x000003b8       0x48 .\CortexM3\ARM_GCC_541\Debug\ringBufferDrawing.o
 .debug_aranges
                0x00000400       0x28 .\CortexM3\ARM_GCC_541\Debug\logging.o
 .debug_aranges
                0x00000428       0x58 .\CortexM3\ARM_GCC_541\Debug\cyfitter_cfg.o
 .debug_aranges
                0x00000480       0x18 .\CortexM3\ARM_GCC_541\Debug\cymetadata.o
 .debug_aranges
                0x00000498       0x48 .\CortexM3\ARM_GCC_541\Debug\Cm3Start.o
 .debug_aranges
                0x000004e0      0x2a0 .\CortexM3\ARM_GCC_541\Debug\JSON_Parser.a(CyLib.o)
 .debug_aranges
                0x00000780       0x98 .\CortexM3\ARM_GCC_541\Debug\JSON_Parser.a(cyPm.o)
 .debug_aranges
                0x00000818       0x20 .\CortexM3\ARM_GCC_541\Debug\JSON_Parser.a(ErikaOS_ee_activate.o)
 .debug_aranges
                0x00000838       0x58 .\CortexM3\ARM_GCC_541\Debug\JSON_Parser.a(ErikaOS_ee_altick.o)
 .debug_aranges
                0x00000890       0x20 .\CortexM3\ARM_GCC_541\Debug\JSON_Parser.a(ErikaOS_ee_evclear.o)
 .debug_aranges
                0x000008b0       0x20 .\CortexM3\ARM_GCC_541\Debug\JSON_Parser.a(ErikaOS_ee_evget.o)
 .debug_aranges
                0x000008d0       0x20 .\CortexM3\ARM_GCC_541\Debug\JSON_Parser.a(ErikaOS_ee_evset.o)
 .debug_aranges
                0x000008f0       0x20 .\CortexM3\ARM_GCC_541\Debug\JSON_Parser.a(ErikaOS_ee_evwait.o)
 .debug_aranges
                0x00000910       0x30 .\CortexM3\ARM_GCC_541\Debug\JSON_Parser.a(ErikaOS_ee_irqendin.o)
 .debug_aranges
                0x00000940       0x20 .\CortexM3\ARM_GCC_541\Debug\JSON_Parser.a(ErikaOS_ee_lockres.o)
 .debug_aranges
                0x00000960       0x18 .\CortexM3\ARM_GCC_541\Debug\JSON_Parser.a(ErikaOS_ee_lookup.o)
 .debug_aranges
                0x00000978       0x20 .\CortexM3\ARM_GCC_541\Debug\JSON_Parser.a(ErikaOS_ee_rq_exchg.o)
 .debug_aranges
                0x00000998       0x20 .\CortexM3\ARM_GCC_541\Debug\JSON_Parser.a(ErikaOS_ee_rq_first.o)
 .debug_aranges
                0x000009b8       0x20 .\CortexM3\ARM_GCC_541\Debug\JSON_Parser.a(ErikaOS_ee_rq_inser.o)
 .debug_aranges
                0x000009d8       0x40 .\CortexM3\ARM_GCC_541\Debug\JSON_Parser.a(ErikaOS_ee_startos.o)
 .debug_aranges
                0x00000a18       0x20 .\CortexM3\ARM_GCC_541\Debug\JSON_Parser.a(ErikaOS_ee_terminat.o)
 .debug_aranges
                0x00000a38       0x20 .\CortexM3\ARM_GCC_541\Debug\JSON_Parser.a(ErikaOS_ee_ulockres.o)
 .debug_aranges
                0x00000a58       0x20 .\CortexM3\ARM_GCC_541\Debug\JSON_Parser.a(ErikaOS_cortex_mx_ee_utils.o)
 .debug_aranges
                0x00000a78       0x18 .\CortexM3\ARM_GCC_541\Debug\JSON_Parser.a(ErikaOS_common_ee_hal_structs.o)
 .debug_aranges
                0x00000a90       0x18 .\CortexM3\ARM_GCC_541\Debug\JSON_Parser.a(ErikaOS_eecfg.o)
 .debug_aranges
                0x00000aa8       0xf0 .\CortexM3\ARM_GCC_541\Debug\JSON_Parser.a(UART_LOG.o)
 .debug_aranges
                0x00000b98       0x70 .\CortexM3\ARM_GCC_541\Debug\JSON_Parser.a(UART_LOG_IntClock.o)
 .debug_aranges
                0x00000c08       0x78 .\CortexM3\ARM_GCC_541\Debug\JSON_Parser.a(TFT_BackLight.o)
 .debug_aranges
                0x00000c80       0x38 .\CortexM3\ARM_GCC_541\Debug\JSON_Parser.a(TFT_RES.o)
 .debug_aranges
                0x00000cb8       0x38 .\CortexM3\ARM_GCC_541\Debug\JSON_Parser.a(TFT_DC.o)
 .debug_aranges
                0x00000cf0       0xd8 .\CortexM3\ARM_GCC_541\Debug\JSON_Parser.a(TFT_SPI.o)
 .debug_aranges
                0x00000dc8       0x70 .\CortexM3\ARM_GCC_541\Debug\JSON_Parser.a(TFT_SPI_IntClock.o)
 .debug_aranges
                0x00000e38       0x20 .\CortexM3\ARM_GCC_541\Debug\JSON_Parser.a(CyBootAsmGnu.o)
 .debug_aranges
                0x00000e58       0x20 .\CortexM3\ARM_GCC_541\Debug\JSON_Parser.a(ErikaOS_ee_gnu_change_context_isr.o)
 .debug_aranges
                0x00000e78       0x20 .\CortexM3\ARM_GCC_541\Debug\JSON_Parser.a(ErikaOS_ee_gnu_irq_stack.o)
 .debug_aranges
                0x00000e98       0x20 .\CortexM3\ARM_GCC_541\Debug\JSON_Parser.a(ErikaOS_ee_gnu_multi_context.o)
 .debug_aranges
                0x00000eb8       0x20 .\CortexM3\ARM_GCC_541\Debug\JSON_Parser.a(ErikaOS_ee_gnu_oo.o)
 .debug_aranges
                0x00000ed8       0x88 .\CortexM3\ARM_GCC_541\Debug\JSON_Parser.a(CyFlash.o)
 .debug_aranges
                0x00000f60       0x80 .\CortexM3\ARM_GCC_541\Debug\JSON_Parser.a(CySpc.o)
 .debug_aranges
                0x00000fe0       0x20 .\CortexM3\ARM_GCC_541\Debug\JSON_Parser.a(ErikaOS_ee_tnterm.o)
 .debug_aranges
                0x00001000       0x20 .\CortexM3\ARM_GCC_541\Debug\JSON_Parser.a(ErikaOS_ee_tstub.o)
 .debug_aranges
                0x00001020       0x20 .\CortexM3\ARM_GCC_541\Debug\JSON_Parser.a(ErikaOS_ee_ulockallres.o)
 .debug_aranges
                0x00001040       0x28 .\CortexM3\ARM_GCC_541\Debug\JSON_Parser.a(ErikaOS_cortex_mx_ee_context.o)
 .debug_aranges
                0x00001068       0x30 .\CortexM3\ARM_GCC_541\Debug\JSON_Parser.a(ErikaOS_ee_thendin.o)

.debug_pubnames
 *(.debug_pubnames)

.debug_info     0x00000000    0x15308
 *(.debug_info .gnu.linkonce.wi.*)
 .debug_info    0x00000000     0x10a0 .\CortexM3\ARM_GCC_541\Debug\main.o
 .debug_info    0x000010a0     0x27a3 .\CortexM3\ARM_GCC_541\Debug\tft.o
 .debug_info    0x00003843      0x312 .\CortexM3\ARM_GCC_541\Debug\ringBuffer.o
 .debug_info    0x00003b55      0x337 .\CortexM3\ARM_GCC_541\Debug\ringBufferEV.o
 .debug_info    0x00003e8c      0x5f3 .\CortexM3\ARM_GCC_541\Debug\uart.o
 .debug_info    0x0000447f      0x352 .\CortexM3\ARM_GCC_541\Debug\events.o
 .debug_info    0x000047d1      0x3cb .\CortexM3\ARM_GCC_541\Debug\parser.o
 .debug_info    0x00004b9c      0x51e .\CortexM3\ARM_GCC_541\Debug\jasmin.o
 .debug_info    0x000050ba      0x917 .\CortexM3\ARM_GCC_541\Debug\drawer.o
 .debug_info    0x000059d1      0x47a .\CortexM3\ARM_GCC_541\Debug\ringBufferDrawing.o
 .debug_info    0x00005e4b      0x3bb .\CortexM3\ARM_GCC_541\Debug\logging.o
 .debug_info    0x00006206      0x5a8 .\CortexM3\ARM_GCC_541\Debug\cyfitter_cfg.o
 .debug_info    0x000067ae      0x138 .\CortexM3\ARM_GCC_541\Debug\cymetadata.o
 .debug_info    0x000068e6      0x3bb .\CortexM3\ARM_GCC_541\Debug\Cm3Start.o
 .debug_info    0x00006ca1     0x1374 .\CortexM3\ARM_GCC_541\Debug\JSON_Parser.a(CyLib.o)
 .debug_info    0x00008015      0xa2a .\CortexM3\ARM_GCC_541\Debug\JSON_Parser.a(cyPm.o)
 .debug_info    0x00008a3f      0x80d .\CortexM3\ARM_GCC_541\Debug\JSON_Parser.a(ErikaOS_ee_activate.o)
 .debug_info    0x0000924c      0xc3b .\CortexM3\ARM_GCC_541\Debug\JSON_Parser.a(ErikaOS_ee_altick.o)
 .debug_info    0x00009e87      0x5a7 .\CortexM3\ARM_GCC_541\Debug\JSON_Parser.a(ErikaOS_ee_evclear.o)
 .debug_info    0x0000a42e      0x4ca .\CortexM3\ARM_GCC_541\Debug\JSON_Parser.a(ErikaOS_ee_evget.o)
 .debug_info    0x0000a8f8      0x7c3 .\CortexM3\ARM_GCC_541\Debug\JSON_Parser.a(ErikaOS_ee_evset.o)
 .debug_info    0x0000b0bb      0x85a .\CortexM3\ARM_GCC_541\Debug\JSON_Parser.a(ErikaOS_ee_evwait.o)
 .debug_info    0x0000b915      0x5cb .\CortexM3\ARM_GCC_541\Debug\JSON_Parser.a(ErikaOS_ee_irqendin.o)
 .debug_info    0x0000bee0      0x60d .\CortexM3\ARM_GCC_541\Debug\JSON_Parser.a(ErikaOS_ee_lockres.o)
 .debug_info    0x0000c4ed      0x3d0 .\CortexM3\ARM_GCC_541\Debug\JSON_Parser.a(ErikaOS_ee_lookup.o)
 .debug_info    0x0000c8bd      0x46f .\CortexM3\ARM_GCC_541\Debug\JSON_Parser.a(ErikaOS_ee_rq_exchg.o)
 .debug_info    0x0000cd2c      0x421 .\CortexM3\ARM_GCC_541\Debug\JSON_Parser.a(ErikaOS_ee_rq_first.o)
 .debug_info    0x0000d14d      0x475 .\CortexM3\ARM_GCC_541\Debug\JSON_Parser.a(ErikaOS_ee_rq_inser.o)
 .debug_info    0x0000d5c2     0x2040 .\CortexM3\ARM_GCC_541\Debug\JSON_Parser.a(ErikaOS_ee_startos.o)
 .debug_info    0x0000f602      0x595 .\CortexM3\ARM_GCC_541\Debug\JSON_Parser.a(ErikaOS_ee_terminat.o)
 .debug_info    0x0000fb97      0x7fb .\CortexM3\ARM_GCC_541\Debug\JSON_Parser.a(ErikaOS_ee_ulockres.o)
 .debug_info    0x00010392      0x513 .\CortexM3\ARM_GCC_541\Debug\JSON_Parser.a(ErikaOS_cortex_mx_ee_utils.o)
 .debug_info    0x000108a5      0x3cb .\CortexM3\ARM_GCC_541\Debug\JSON_Parser.a(ErikaOS_common_ee_hal_structs.o)
 .debug_info    0x00010c70      0x96f .\CortexM3\ARM_GCC_541\Debug\JSON_Parser.a(ErikaOS_eecfg.o)
 .debug_info    0x000115df      0x60c .\CortexM3\ARM_GCC_541\Debug\JSON_Parser.a(UART_LOG.o)
 .debug_info    0x00011beb      0x283 .\CortexM3\ARM_GCC_541\Debug\JSON_Parser.a(UART_LOG_IntClock.o)
 .debug_info    0x00011e6e      0x27e .\CortexM3\ARM_GCC_541\Debug\JSON_Parser.a(TFT_BackLight.o)
 .debug_info    0x000120ec      0x11f .\CortexM3\ARM_GCC_541\Debug\JSON_Parser.a(TFT_RES.o)
 .debug_info    0x0001220b      0x11f .\CortexM3\ARM_GCC_541\Debug\JSON_Parser.a(TFT_DC.o)
 .debug_info    0x0001232a      0x4bb .\CortexM3\ARM_GCC_541\Debug\JSON_Parser.a(TFT_SPI.o)
 .debug_info    0x000127e5      0x283 .\CortexM3\ARM_GCC_541\Debug\JSON_Parser.a(TFT_SPI_IntClock.o)
 .debug_info    0x00012a68       0xcf .\CortexM3\ARM_GCC_541\Debug\JSON_Parser.a(CyBootAsmGnu.o)
 .debug_info    0x00012b37       0xc0 .\CortexM3\ARM_GCC_541\Debug\JSON_Parser.a(ErikaOS_ee_gnu_change_context_isr.o)
 .debug_info    0x00012bf7       0xb7 .\CortexM3\ARM_GCC_541\Debug\JSON_Parser.a(ErikaOS_ee_gnu_irq_stack.o)
 .debug_info    0x00012cae       0xbb .\CortexM3\ARM_GCC_541\Debug\JSON_Parser.a(ErikaOS_ee_gnu_multi_context.o)
 .debug_info    0x00012d69       0xb0 .\CortexM3\ARM_GCC_541\Debug\JSON_Parser.a(ErikaOS_ee_gnu_oo.o)
 .debug_info    0x00012e19      0x64d .\CortexM3\ARM_GCC_541\Debug\JSON_Parser.a(CyFlash.o)
 .debug_info    0x00013466      0x550 .\CortexM3\ARM_GCC_541\Debug\JSON_Parser.a(CySpc.o)
 .debug_info    0x000139b6      0x473 .\CortexM3\ARM_GCC_541\Debug\JSON_Parser.a(ErikaOS_ee_tnterm.o)
 .debug_info    0x00013e29      0x487 .\CortexM3\ARM_GCC_541\Debug\JSON_Parser.a(ErikaOS_ee_tstub.o)
 .debug_info    0x000142b0      0x45e .\CortexM3\ARM_GCC_541\Debug\JSON_Parser.a(ErikaOS_ee_ulockallres.o)
 .debug_info    0x0001470e      0x501 .\CortexM3\ARM_GCC_541\Debug\JSON_Parser.a(ErikaOS_cortex_mx_ee_context.o)
 .debug_info    0x00014c0f      0x6f9 .\CortexM3\ARM_GCC_541\Debug\JSON_Parser.a(ErikaOS_ee_thendin.o)

.debug_abbrev   0x00000000     0x4f2d
 *(.debug_abbrev)
 .debug_abbrev  0x00000000      0x30e .\CortexM3\ARM_GCC_541\Debug\main.o
 .debug_abbrev  0x0000030e      0x2d2 .\CortexM3\ARM_GCC_541\Debug\tft.o
 .debug_abbrev  0x000005e0      0x117 .\CortexM3\ARM_GCC_541\Debug\ringBuffer.o
 .debug_abbrev  0x000006f7      0x117 .\CortexM3\ARM_GCC_541\Debug\ringBufferEV.o
 .debug_abbrev  0x0000080e      0x1b0 .\CortexM3\ARM_GCC_541\Debug\uart.o
 .debug_abbrev  0x000009be      0x107 .\CortexM3\ARM_GCC_541\Debug\events.o
 .debug_abbrev  0x00000ac5      0x134 .\CortexM3\ARM_GCC_541\Debug\parser.o
 .debug_abbrev  0x00000bf9      0x1b8 .\CortexM3\ARM_GCC_541\Debug\jasmin.o
 .debug_abbrev  0x00000db1      0x1cc .\CortexM3\ARM_GCC_541\Debug\drawer.o
 .debug_abbrev  0x00000f7d      0x13a .\CortexM3\ARM_GCC_541\Debug\ringBufferDrawing.o
 .debug_abbrev  0x000010b7      0x14a .\CortexM3\ARM_GCC_541\Debug\logging.o
 .debug_abbrev  0x00001201      0x20d .\CortexM3\ARM_GCC_541\Debug\cyfitter_cfg.o
 .debug_abbrev  0x0000140e       0x77 .\CortexM3\ARM_GCC_541\Debug\cymetadata.o
 .debug_abbrev  0x00001485      0x1e8 .\CortexM3\ARM_GCC_541\Debug\Cm3Start.o
 .debug_abbrev  0x0000166d      0x254 .\CortexM3\ARM_GCC_541\Debug\JSON_Parser.a(CyLib.o)
 .debug_abbrev  0x000018c1      0x1ab .\CortexM3\ARM_GCC_541\Debug\JSON_Parser.a(cyPm.o)
 .debug_abbrev  0x00001a6c      0x284 .\CortexM3\ARM_GCC_541\Debug\JSON_Parser.a(ErikaOS_ee_activate.o)
 .debug_abbrev  0x00001cf0      0x362 .\CortexM3\ARM_GCC_541\Debug\JSON_Parser.a(ErikaOS_ee_altick.o)
 .debug_abbrev  0x00002052      0x1e0 .\CortexM3\ARM_GCC_541\Debug\JSON_Parser.a(ErikaOS_ee_evclear.o)
 .debug_abbrev  0x00002232      0x150 .\CortexM3\ARM_GCC_541\Debug\JSON_Parser.a(ErikaOS_ee_evget.o)
 .debug_abbrev  0x00002382      0x27f .\CortexM3\ARM_GCC_541\Debug\JSON_Parser.a(ErikaOS_ee_evset.o)
 .debug_abbrev  0x00002601      0x25d .\CortexM3\ARM_GCC_541\Debug\JSON_Parser.a(ErikaOS_ee_evwait.o)
 .debug_abbrev  0x0000285e      0x1da .\CortexM3\ARM_GCC_541\Debug\JSON_Parser.a(ErikaOS_ee_irqendin.o)
 .debug_abbrev  0x00002a38      0x1ef .\CortexM3\ARM_GCC_541\Debug\JSON_Parser.a(ErikaOS_ee_lockres.o)
 .debug_abbrev  0x00002c27       0xcf .\CortexM3\ARM_GCC_541\Debug\JSON_Parser.a(ErikaOS_ee_lookup.o)
 .debug_abbrev  0x00002cf6       0xfc .\CortexM3\ARM_GCC_541\Debug\JSON_Parser.a(ErikaOS_ee_rq_exchg.o)
 .debug_abbrev  0x00002df2       0xed .\CortexM3\ARM_GCC_541\Debug\JSON_Parser.a(ErikaOS_ee_rq_first.o)
 .debug_abbrev  0x00002edf      0x109 .\CortexM3\ARM_GCC_541\Debug\JSON_Parser.a(ErikaOS_ee_rq_inser.o)
 .debug_abbrev  0x00002fe8      0x4a7 .\CortexM3\ARM_GCC_541\Debug\JSON_Parser.a(ErikaOS_ee_startos.o)
 .debug_abbrev  0x0000348f      0x1de .\CortexM3\ARM_GCC_541\Debug\JSON_Parser.a(ErikaOS_ee_terminat.o)
 .debug_abbrev  0x0000366d      0x277 .\CortexM3\ARM_GCC_541\Debug\JSON_Parser.a(ErikaOS_ee_ulockres.o)
 .debug_abbrev  0x000038e4      0x1e3 .\CortexM3\ARM_GCC_541\Debug\JSON_Parser.a(ErikaOS_cortex_mx_ee_utils.o)
 .debug_abbrev  0x00003ac7       0xcf .\CortexM3\ARM_GCC_541\Debug\JSON_Parser.a(ErikaOS_common_ee_hal_structs.o)
 .debug_abbrev  0x00003b96      0x130 .\CortexM3\ARM_GCC_541\Debug\JSON_Parser.a(ErikaOS_eecfg.o)
 .debug_abbrev  0x00003cc6      0x175 .\CortexM3\ARM_GCC_541\Debug\JSON_Parser.a(UART_LOG.o)
 .debug_abbrev  0x00003e3b      0x139 .\CortexM3\ARM_GCC_541\Debug\JSON_Parser.a(UART_LOG_IntClock.o)
 .debug_abbrev  0x00003f74      0x12d .\CortexM3\ARM_GCC_541\Debug\JSON_Parser.a(TFT_BackLight.o)
 .debug_abbrev  0x000040a1       0x90 .\CortexM3\ARM_GCC_541\Debug\JSON_Parser.a(TFT_RES.o)
 .debug_abbrev  0x00004131       0x90 .\CortexM3\ARM_GCC_541\Debug\JSON_Parser.a(TFT_DC.o)
 .debug_abbrev  0x000041c1      0x146 .\CortexM3\ARM_GCC_541\Debug\JSON_Parser.a(TFT_SPI.o)
 .debug_abbrev  0x00004307      0x139 .\CortexM3\ARM_GCC_541\Debug\JSON_Parser.a(TFT_SPI_IntClock.o)
 .debug_abbrev  0x00004440       0x14 .\CortexM3\ARM_GCC_541\Debug\JSON_Parser.a(CyBootAsmGnu.o)
 .debug_abbrev  0x00004454       0x14 .\CortexM3\ARM_GCC_541\Debug\JSON_Parser.a(ErikaOS_ee_gnu_change_context_isr.o)
 .debug_abbrev  0x00004468       0x14 .\CortexM3\ARM_GCC_541\Debug\JSON_Parser.a(ErikaOS_ee_gnu_irq_stack.o)
 .debug_abbrev  0x0000447c       0x14 .\CortexM3\ARM_GCC_541\Debug\JSON_Parser.a(ErikaOS_ee_gnu_multi_context.o)
 .debug_abbrev  0x00004490       0x14 .\CortexM3\ARM_GCC_541\Debug\JSON_Parser.a(ErikaOS_ee_gnu_oo.o)
 .debug_abbrev  0x000044a4      0x1a7 .\CortexM3\ARM_GCC_541\Debug\JSON_Parser.a(CyFlash.o)
 .debug_abbrev  0x0000464b      0x194 .\CortexM3\ARM_GCC_541\Debug\JSON_Parser.a(CySpc.o)
 .debug_abbrev  0x000047df      0x190 .\CortexM3\ARM_GCC_541\Debug\JSON_Parser.a(ErikaOS_ee_tnterm.o)
 .debug_abbrev  0x0000496f      0x143 .\CortexM3\ARM_GCC_541\Debug\JSON_Parser.a(ErikaOS_ee_tstub.o)
 .debug_abbrev  0x00004ab2       0xfc .\CortexM3\ARM_GCC_541\Debug\JSON_Parser.a(ErikaOS_ee_ulockallres.o)
 .debug_abbrev  0x00004bae      0x156 .\CortexM3\ARM_GCC_541\Debug\JSON_Parser.a(ErikaOS_cortex_mx_ee_context.o)
 .debug_abbrev  0x00004d04      0x229 .\CortexM3\ARM_GCC_541\Debug\JSON_Parser.a(ErikaOS_ee_thendin.o)

.debug_line     0x00000000     0x6489
 *(.debug_line)
 .debug_line    0x00000000      0x587 .\CortexM3\ARM_GCC_541\Debug\main.o
 .debug_line    0x00000587      0x7bc .\CortexM3\ARM_GCC_541\Debug\tft.o
 .debug_line    0x00000d43       0xf4 .\CortexM3\ARM_GCC_541\Debug\ringBuffer.o
 .debug_line    0x00000e37       0xf8 .\CortexM3\ARM_GCC_541\Debug\ringBufferEV.o
 .debug_line    0x00000f2f      0x1c2 .\CortexM3\ARM_GCC_541\Debug\uart.o
 .debug_line    0x000010f1       0xb7 .\CortexM3\ARM_GCC_541\Debug\events.o
 .debug_line    0x000011a8      0x12f .\CortexM3\ARM_GCC_541\Debug\parser.o
 .debug_line    0x000012d7      0x2a3 .\CortexM3\ARM_GCC_541\Debug\jasmin.o
 .debug_line    0x0000157a      0x246 .\CortexM3\ARM_GCC_541\Debug\drawer.o
 .debug_line    0x000017c0      0x13e .\CortexM3\ARM_GCC_541\Debug\ringBufferDrawing.o
 .debug_line    0x000018fe      0x265 .\CortexM3\ARM_GCC_541\Debug\logging.o
 .debug_line    0x00001b63      0x1f8 .\CortexM3\ARM_GCC_541\Debug\cyfitter_cfg.o
 .debug_line    0x00001d5b      0x141 .\CortexM3\ARM_GCC_541\Debug\cymetadata.o
 .debug_line    0x00001e9c      0x234 .\CortexM3\ARM_GCC_541\Debug\Cm3Start.o
 .debug_line    0x000020d0      0x816 .\CortexM3\ARM_GCC_541\Debug\JSON_Parser.a(CyLib.o)
 .debug_line    0x000028e6      0x367 .\CortexM3\ARM_GCC_541\Debug\JSON_Parser.a(cyPm.o)
 .debug_line    0x00002c4d      0x1e6 .\CortexM3\ARM_GCC_541\Debug\JSON_Parser.a(ErikaOS_ee_activate.o)
 .debug_line    0x00002e33      0x2f1 .\CortexM3\ARM_GCC_541\Debug\JSON_Parser.a(ErikaOS_ee_altick.o)
 .debug_line    0x00003124      0x1c1 .\CortexM3\ARM_GCC_541\Debug\JSON_Parser.a(ErikaOS_ee_evclear.o)
 .debug_line    0x000032e5      0x14b .\CortexM3\ARM_GCC_541\Debug\JSON_Parser.a(ErikaOS_ee_evget.o)
 .debug_line    0x00003430      0x1e3 .\CortexM3\ARM_GCC_541\Debug\JSON_Parser.a(ErikaOS_ee_evset.o)
 .debug_line    0x00003613      0x1f1 .\CortexM3\ARM_GCC_541\Debug\JSON_Parser.a(ErikaOS_ee_evwait.o)
 .debug_line    0x00003804      0x190 .\CortexM3\ARM_GCC_541\Debug\JSON_Parser.a(ErikaOS_ee_irqendin.o)
 .debug_line    0x00003994      0x1dd .\CortexM3\ARM_GCC_541\Debug\JSON_Parser.a(ErikaOS_ee_lockres.o)
 .debug_line    0x00003b71      0x10b .\CortexM3\ARM_GCC_541\Debug\JSON_Parser.a(ErikaOS_ee_lookup.o)
 .debug_line    0x00003c7c      0x14b .\CortexM3\ARM_GCC_541\Debug\JSON_Parser.a(ErikaOS_ee_rq_exchg.o)
 .debug_line    0x00003dc7      0x142 .\CortexM3\ARM_GCC_541\Debug\JSON_Parser.a(ErikaOS_ee_rq_first.o)
 .debug_line    0x00003f09      0x146 .\CortexM3\ARM_GCC_541\Debug\JSON_Parser.a(ErikaOS_ee_rq_inser.o)
 .debug_line    0x0000404f      0x3e8 .\CortexM3\ARM_GCC_541\Debug\JSON_Parser.a(ErikaOS_ee_startos.o)
 .debug_line    0x00004437      0x1b0 .\CortexM3\ARM_GCC_541\Debug\JSON_Parser.a(ErikaOS_ee_terminat.o)
 .debug_line    0x000045e7      0x201 .\CortexM3\ARM_GCC_541\Debug\JSON_Parser.a(ErikaOS_ee_ulockres.o)
 .debug_line    0x000047e8      0x174 .\CortexM3\ARM_GCC_541\Debug\JSON_Parser.a(ErikaOS_cortex_mx_ee_utils.o)
 .debug_line    0x0000495c       0xed .\CortexM3\ARM_GCC_541\Debug\JSON_Parser.a(ErikaOS_common_ee_hal_structs.o)
 .debug_line    0x00004a49      0x12c .\CortexM3\ARM_GCC_541\Debug\JSON_Parser.a(ErikaOS_eecfg.o)
 .debug_line    0x00004b75      0x2c4 .\CortexM3\ARM_GCC_541\Debug\JSON_Parser.a(UART_LOG.o)
 .debug_line    0x00004e39      0x180 .\CortexM3\ARM_GCC_541\Debug\JSON_Parser.a(UART_LOG_IntClock.o)
 .debug_line    0x00004fb9      0x13b .\CortexM3\ARM_GCC_541\Debug\JSON_Parser.a(TFT_BackLight.o)
 .debug_line    0x000050f4       0x94 .\CortexM3\ARM_GCC_541\Debug\JSON_Parser.a(TFT_RES.o)
 .debug_line    0x00005188       0x93 .\CortexM3\ARM_GCC_541\Debug\JSON_Parser.a(TFT_DC.o)
 .debug_line    0x0000521b      0x249 .\CortexM3\ARM_GCC_541\Debug\JSON_Parser.a(TFT_SPI.o)
 .debug_line    0x00005464      0x17f .\CortexM3\ARM_GCC_541\Debug\JSON_Parser.a(TFT_SPI_IntClock.o)
 .debug_line    0x000055e3       0x66 .\CortexM3\ARM_GCC_541\Debug\JSON_Parser.a(CyBootAsmGnu.o)
 .debug_line    0x00005649       0xac .\CortexM3\ARM_GCC_541\Debug\JSON_Parser.a(ErikaOS_ee_gnu_change_context_isr.o)
 .debug_line    0x000056f5       0x72 .\CortexM3\ARM_GCC_541\Debug\JSON_Parser.a(ErikaOS_ee_gnu_irq_stack.o)
 .debug_line    0x00005767       0x9b .\CortexM3\ARM_GCC_541\Debug\JSON_Parser.a(ErikaOS_ee_gnu_multi_context.o)
 .debug_line    0x00005802       0x97 .\CortexM3\ARM_GCC_541\Debug\JSON_Parser.a(ErikaOS_ee_gnu_oo.o)
 .debug_line    0x00005899      0x21a .\CortexM3\ARM_GCC_541\Debug\JSON_Parser.a(CyFlash.o)
 .debug_line    0x00005ab3      0x260 .\CortexM3\ARM_GCC_541\Debug\JSON_Parser.a(CySpc.o)
 .debug_line    0x00005d13      0x171 .\CortexM3\ARM_GCC_541\Debug\JSON_Parser.a(ErikaOS_ee_tnterm.o)
 .debug_line    0x00005e84      0x160 .\CortexM3\ARM_GCC_541\Debug\JSON_Parser.a(ErikaOS_ee_tstub.o)
 .debug_line    0x00005fe4      0x154 .\CortexM3\ARM_GCC_541\Debug\JSON_Parser.a(ErikaOS_ee_ulockallres.o)
 .debug_line    0x00006138      0x19a .\CortexM3\ARM_GCC_541\Debug\JSON_Parser.a(ErikaOS_cortex_mx_ee_context.o)
 .debug_line    0x000062d2      0x1b7 .\CortexM3\ARM_GCC_541\Debug\JSON_Parser.a(ErikaOS_ee_thendin.o)

.debug_frame    0x00000000     0x2840
 *(.debug_frame)
 .debug_frame   0x00000000      0x110 .\CortexM3\ARM_GCC_541\Debug\main.o
 .debug_frame   0x00000110      0x5bc .\CortexM3\ARM_GCC_541\Debug\tft.o
 .debug_frame   0x000006cc       0x88 .\CortexM3\ARM_GCC_541\Debug\ringBuffer.o
 .debug_frame   0x00000754       0x88 .\CortexM3\ARM_GCC_541\Debug\ringBufferEV.o
 .debug_frame   0x000007dc      0x100 .\CortexM3\ARM_GCC_541\Debug\uart.o
 .debug_frame   0x000008dc       0x80 .\CortexM3\ARM_GCC_541\Debug\events.o
 .debug_frame   0x0000095c       0x98 .\CortexM3\ARM_GCC_541\Debug\parser.o
 .debug_frame   0x000009f4       0xbc .\CortexM3\ARM_GCC_541\Debug\jasmin.o
 .debug_frame   0x00000ab0      0x108 .\CortexM3\ARM_GCC_541\Debug\drawer.o
 .debug_frame   0x00000bb8       0xb4 .\CortexM3\ARM_GCC_541\Debug\ringBufferDrawing.o
 .debug_frame   0x00000c6c       0x48 .\CortexM3\ARM_GCC_541\Debug\logging.o
 .debug_frame   0x00000cb4       0xe4 .\CortexM3\ARM_GCC_541\Debug\cyfitter_cfg.o
 .debug_frame   0x00000d98       0xb8 .\CortexM3\ARM_GCC_541\Debug\Cm3Start.o
 .debug_frame   0x00000e50      0x738 .\CortexM3\ARM_GCC_541\Debug\JSON_Parser.a(CyLib.o)
 .debug_frame   0x00001588      0x1f8 .\CortexM3\ARM_GCC_541\Debug\JSON_Parser.a(cyPm.o)
 .debug_frame   0x00001780       0x30 .\CortexM3\ARM_GCC_541\Debug\JSON_Parser.a(ErikaOS_ee_activate.o)
 .debug_frame   0x000017b0      0x10c .\CortexM3\ARM_GCC_541\Debug\JSON_Parser.a(ErikaOS_ee_altick.o)
 .debug_frame   0x000018bc       0x38 .\CortexM3\ARM_GCC_541\Debug\JSON_Parser.a(ErikaOS_ee_evclear.o)
 .debug_frame   0x000018f4       0x20 .\CortexM3\ARM_GCC_541\Debug\JSON_Parser.a(ErikaOS_ee_evget.o)
 .debug_frame   0x00001914       0x30 .\CortexM3\ARM_GCC_541\Debug\JSON_Parser.a(ErikaOS_ee_evset.o)
 .debug_frame   0x00001944       0x30 .\CortexM3\ARM_GCC_541\Debug\JSON_Parser.a(ErikaOS_ee_evwait.o)
 .debug_frame   0x00001974       0x58 .\CortexM3\ARM_GCC_541\Debug\JSON_Parser.a(ErikaOS_ee_irqendin.o)
 .debug_frame   0x000019cc       0x40 .\CortexM3\ARM_GCC_541\Debug\JSON_Parser.a(ErikaOS_ee_lockres.o)
 .debug_frame   0x00001a0c       0x3c .\CortexM3\ARM_GCC_541\Debug\JSON_Parser.a(ErikaOS_ee_rq_exchg.o)
 .debug_frame   0x00001a48       0x20 .\CortexM3\ARM_GCC_541\Debug\JSON_Parser.a(ErikaOS_ee_rq_first.o)
 .debug_frame   0x00001a68       0x30 .\CortexM3\ARM_GCC_541\Debug\JSON_Parser.a(ErikaOS_ee_rq_inser.o)
 .debug_frame   0x00001a98       0x90 .\CortexM3\ARM_GCC_541\Debug\JSON_Parser.a(ErikaOS_ee_startos.o)
 .debug_frame   0x00001b28       0x2c .\CortexM3\ARM_GCC_541\Debug\JSON_Parser.a(ErikaOS_ee_terminat.o)
 .debug_frame   0x00001b54       0x30 .\CortexM3\ARM_GCC_541\Debug\JSON_Parser.a(ErikaOS_ee_ulockres.o)
 .debug_frame   0x00001b84       0x30 .\CortexM3\ARM_GCC_541\Debug\JSON_Parser.a(ErikaOS_cortex_mx_ee_utils.o)
 .debug_frame   0x00001bb4      0x250 .\CortexM3\ARM_GCC_541\Debug\JSON_Parser.a(UART_LOG.o)
 .debug_frame   0x00001e04       0xe0 .\CortexM3\ARM_GCC_541\Debug\JSON_Parser.a(UART_LOG_IntClock.o)
 .debug_frame   0x00001ee4       0xe8 .\CortexM3\ARM_GCC_541\Debug\JSON_Parser.a(TFT_BackLight.o)
 .debug_frame   0x00001fcc       0x50 .\CortexM3\ARM_GCC_541\Debug\JSON_Parser.a(TFT_RES.o)
 .debug_frame   0x0000201c       0x50 .\CortexM3\ARM_GCC_541\Debug\JSON_Parser.a(TFT_DC.o)
 .debug_frame   0x0000206c      0x1e8 .\CortexM3\ARM_GCC_541\Debug\JSON_Parser.a(TFT_SPI.o)
 .debug_frame   0x00002254       0xe0 .\CortexM3\ARM_GCC_541\Debug\JSON_Parser.a(TFT_SPI_IntClock.o)
 .debug_frame   0x00002334      0x194 .\CortexM3\ARM_GCC_541\Debug\JSON_Parser.a(CyFlash.o)
 .debug_frame   0x000024c8      0x180 .\CortexM3\ARM_GCC_541\Debug\JSON_Parser.a(CySpc.o)
 .debug_frame   0x00002648       0x2c .\CortexM3\ARM_GCC_541\Debug\JSON_Parser.a(ErikaOS_ee_tnterm.o)
 .debug_frame   0x00002674       0x2c .\CortexM3\ARM_GCC_541\Debug\JSON_Parser.a(ErikaOS_ee_tstub.o)
 .debug_frame   0x000026a0       0x2c .\CortexM3\ARM_GCC_541\Debug\JSON_Parser.a(ErikaOS_ee_ulockallres.o)
 .debug_frame   0x000026cc       0x3c .\CortexM3\ARM_GCC_541\Debug\JSON_Parser.a(ErikaOS_cortex_mx_ee_context.o)
 .debug_frame   0x00002708       0x5c .\CortexM3\ARM_GCC_541\Debug\JSON_Parser.a(ErikaOS_ee_thendin.o)
 .debug_frame   0x00002764       0x20 c:/program files (x86)/cypress/psoc creator/4.4/psoc creator/import/gnu/arm/5.4.1/bin/../lib/gcc/arm-none-eabi/5.4.1/../../../../arm-none-eabi/lib/armv7-m\libg_nano.a(lib_a-errno.o)
 .debug_frame   0x00002784       0x28 c:/program files (x86)/cypress/psoc creator/4.4/psoc creator/import/gnu/arm/5.4.1/bin/../lib/gcc/arm-none-eabi/5.4.1/../../../../arm-none-eabi/lib/armv7-m\libg_nano.a(lib_a-exit.o)
 .debug_frame   0x000027ac       0x2c c:/program files (x86)/cypress/psoc creator/4.4/psoc creator/import/gnu/arm/5.4.1/bin/../lib/gcc/arm-none-eabi/5.4.1/../../../../arm-none-eabi/lib/armv7-m\libg_nano.a(lib_a-init.o)
 .debug_frame   0x000027d8       0x28 c:/program files (x86)/cypress/psoc creator/4.4/psoc creator/import/gnu/arm/5.4.1/bin/../lib/gcc/arm-none-eabi/5.4.1/../../../../arm-none-eabi/lib/armv7-m\libg_nano.a(lib_a-memcpy-stub.o)
 .debug_frame   0x00002800       0x20 c:/program files (x86)/cypress/psoc creator/4.4/psoc creator/import/gnu/arm/5.4.1/bin/../lib/gcc/arm-none-eabi/5.4.1/../../../../arm-none-eabi/lib/armv7-m\libg_nano.a(lib_a-memset.o)
 .debug_frame   0x00002820       0x20 c:/program files (x86)/cypress/psoc creator/4.4/psoc creator/import/gnu/arm/5.4.1/bin/../lib/gcc/arm-none-eabi/5.4.1/../../../../arm-none-eabi/lib/armv7-m\libg_nano.a(lib_a-strcmp.o)

.debug_str      0x00000000     0x4aa3
 *(.debug_str)
 .debug_str     0x00000000      0xb01 .\CortexM3\ARM_GCC_541\Debug\main.o
                                0xbc3 (size before relaxing)
 .debug_str     0x00000b01      0x871 .\CortexM3\ARM_GCC_541\Debug\tft.o
                                0xc99 (size before relaxing)
 .debug_str     0x00001372       0x6a .\CortexM3\ARM_GCC_541\Debug\ringBuffer.o
                                0x44e (size before relaxing)
 .debug_str     0x000013dc       0x7e .\CortexM3\ARM_GCC_541\Debug\ringBufferEV.o
                                0x498 (size before relaxing)
 .debug_str     0x0000145a       0xe1 .\CortexM3\ARM_GCC_541\Debug\uart.o
                                0x59a (size before relaxing)
 .debug_str     0x0000153b       0x18 .\CortexM3\ARM_GCC_541\Debug\events.o
                                0x49b (size before relaxing)
 .debug_str     0x00001553       0x3d .\CortexM3\ARM_GCC_541\Debug\parser.o
                                0x4e9 (size before relaxing)
 .debug_str     0x00001590       0xb2 .\CortexM3\ARM_GCC_541\Debug\jasmin.o
                                0x29d (size before relaxing)
 .debug_str     0x00001642       0xb8 .\CortexM3\ARM_GCC_541\Debug\drawer.o
                                0x750 (size before relaxing)
 .debug_str     0x000016fa       0x74 .\CortexM3\ARM_GCC_541\Debug\ringBufferDrawing.o
                                0x588 (size before relaxing)
 .debug_str     0x0000176e       0x38 .\CortexM3\ARM_GCC_541\Debug\logging.o
                                0x52d (size before relaxing)
 .debug_str     0x000017a6      0x19b .\CortexM3\ARM_GCC_541\Debug\cyfitter_cfg.o
                                0x383 (size before relaxing)
 .debug_str     0x00001941       0x7f .\CortexM3\ARM_GCC_541\Debug\cymetadata.o
                                0x223 (size before relaxing)
 .debug_str     0x000019c0      0x13f .\CortexM3\ARM_GCC_541\Debug\Cm3Start.o
                                0x349 (size before relaxing)
 .debug_str     0x00001aff      0x831 .\CortexM3\ARM_GCC_541\Debug\JSON_Parser.a(CyLib.o)
                                0xa86 (size before relaxing)
 .debug_str     0x00002330      0x365 .\CortexM3\ARM_GCC_541\Debug\JSON_Parser.a(cyPm.o)
                                0x772 (size before relaxing)
 .debug_str     0x00002695      0x5b8 .\CortexM3\ARM_GCC_541\Debug\JSON_Parser.a(ErikaOS_ee_activate.o)
                                0x820 (size before relaxing)
 .debug_str     0x00002c4d      0x25f .\CortexM3\ARM_GCC_541\Debug\JSON_Parser.a(ErikaOS_ee_altick.o)
                                0xa7b (size before relaxing)
 .debug_str     0x00002eac       0x2c .\CortexM3\ARM_GCC_541\Debug\JSON_Parser.a(ErikaOS_ee_evclear.o)
                                0x5f8 (size before relaxing)
 .debug_str     0x00002ed8       0x5b .\CortexM3\ARM_GCC_541\Debug\JSON_Parser.a(ErikaOS_ee_evget.o)
                                0x568 (size before relaxing)
 .debug_str     0x00002f33       0x2a .\CortexM3\ARM_GCC_541\Debug\JSON_Parser.a(ErikaOS_ee_evset.o)
                                0x7f8 (size before relaxing)
 .debug_str     0x00002f5d       0xa1 .\CortexM3\ARM_GCC_541\Debug\JSON_Parser.a(ErikaOS_ee_evwait.o)
                                0x850 (size before relaxing)
 .debug_str     0x00002ffe       0xc8 .\CortexM3\ARM_GCC_541\Debug\JSON_Parser.a(ErikaOS_ee_irqendin.o)
                                0x6d5 (size before relaxing)
 .debug_str     0x000030c6       0x9b .\CortexM3\ARM_GCC_541\Debug\JSON_Parser.a(ErikaOS_ee_lockres.o)
                                0x660 (size before relaxing)
 .debug_str     0x00003161       0x2b .\CortexM3\ARM_GCC_541\Debug\JSON_Parser.a(ErikaOS_ee_lookup.o)
                                0x4a4 (size before relaxing)
 .debug_str     0x0000318c       0x8a .\CortexM3\ARM_GCC_541\Debug\JSON_Parser.a(ErikaOS_ee_rq_exchg.o)
                                0x516 (size before relaxing)
 .debug_str     0x00003216       0x2d .\CortexM3\ARM_GCC_541\Debug\JSON_Parser.a(ErikaOS_ee_rq_first.o)
                                0x4e1 (size before relaxing)
 .debug_str     0x00003243       0x38 .\CortexM3\ARM_GCC_541\Debug\JSON_Parser.a(ErikaOS_ee_rq_inser.o)
                                0x51b (size before relaxing)
 .debug_str     0x0000327b      0x888 .\CortexM3\ARM_GCC_541\Debug\JSON_Parser.a(ErikaOS_ee_startos.o)
                               0x176b (size before relaxing)
 .debug_str     0x00003b03       0x5b .\CortexM3\ARM_GCC_541\Debug\JSON_Parser.a(ErikaOS_ee_terminat.o)
                                0x619 (size before relaxing)
 .debug_str     0x00003b5e       0x2d .\CortexM3\ARM_GCC_541\Debug\JSON_Parser.a(ErikaOS_ee_ulockres.o)
                                0x837 (size before relaxing)
 .debug_str     0x00003b8b       0x71 .\CortexM3\ARM_GCC_541\Debug\JSON_Parser.a(ErikaOS_cortex_mx_ee_utils.o)
                                0x597 (size before relaxing)
 .debug_str     0x00003bfc       0x37 .\CortexM3\ARM_GCC_541\Debug\JSON_Parser.a(ErikaOS_common_ee_hal_structs.o)
                                0x4b0 (size before relaxing)
 .debug_str     0x00003c33      0x1a8 .\CortexM3\ARM_GCC_541\Debug\JSON_Parser.a(ErikaOS_eecfg.o)
                                0x86d (size before relaxing)
 .debug_str     0x00003ddb      0x2c6 .\CortexM3\ARM_GCC_541\Debug\JSON_Parser.a(UART_LOG.o)
                                0x530 (size before relaxing)
 .debug_str     0x000040a1      0x1ab .\CortexM3\ARM_GCC_541\Debug\JSON_Parser.a(UART_LOG_IntClock.o)
                                0x3a5 (size before relaxing)
 .debug_str     0x0000424c      0x14b .\CortexM3\ARM_GCC_541\Debug\JSON_Parser.a(TFT_BackLight.o)
                                0x37c (size before relaxing)
 .debug_str     0x00004397       0x62 .\CortexM3\ARM_GCC_541\Debug\JSON_Parser.a(TFT_RES.o)
                                0x22b (size before relaxing)
 .debug_str     0x000043f9       0x53 .\CortexM3\ARM_GCC_541\Debug\JSON_Parser.a(TFT_DC.o)
                                0x226 (size before relaxing)
 .debug_str     0x0000444c      0x249 .\CortexM3\ARM_GCC_541\Debug\JSON_Parser.a(TFT_SPI.o)
                                0x4a5 (size before relaxing)
 .debug_str     0x00004695      0x156 .\CortexM3\ARM_GCC_541\Debug\JSON_Parser.a(TFT_SPI_IntClock.o)
                                0x399 (size before relaxing)
 .debug_str     0x000047eb       0x65 .\CortexM3\ARM_GCC_541\Debug\JSON_Parser.a(CyFlash.o)
                                0x3ff (size before relaxing)
 .debug_str     0x00004850       0x64 .\CortexM3\ARM_GCC_541\Debug\JSON_Parser.a(CySpc.o)
                                0x377 (size before relaxing)
 .debug_str     0x000048b4       0x72 .\CortexM3\ARM_GCC_541\Debug\JSON_Parser.a(ErikaOS_ee_tnterm.o)
                                0x533 (size before relaxing)
 .debug_str     0x00004926       0x55 .\CortexM3\ARM_GCC_541\Debug\JSON_Parser.a(ErikaOS_ee_tstub.o)
                                0x5ee (size before relaxing)
 .debug_str     0x0000497b       0x37 .\CortexM3\ARM_GCC_541\Debug\JSON_Parser.a(ErikaOS_ee_ulockallres.o)
                                0x522 (size before relaxing)
 .debug_str     0x000049b2       0x8a .\CortexM3\ARM_GCC_541\Debug\JSON_Parser.a(ErikaOS_cortex_mx_ee_context.o)
                                0x5a5 (size before relaxing)
 .debug_str     0x00004a3c       0x67 .\CortexM3\ARM_GCC_541\Debug\JSON_Parser.a(ErikaOS_ee_thendin.o)
                                0x76b (size before relaxing)

.debug_loc      0x00000000     0x5e77
 *(.debug_loc)
 .debug_loc     0x00000000      0x18b .\CortexM3\ARM_GCC_541\Debug\main.o
 .debug_loc     0x0000018b     0x1924 .\CortexM3\ARM_GCC_541\Debug\tft.o
 .debug_loc     0x00001aaf      0x19b .\CortexM3\ARM_GCC_541\Debug\ringBuffer.o
 .debug_loc     0x00001c4a      0x19b .\CortexM3\ARM_GCC_541\Debug\ringBufferEV.o
 .debug_loc     0x00001de5      0x217 .\CortexM3\ARM_GCC_541\Debug\uart.o
 .debug_loc     0x00001ffc       0xd0 .\CortexM3\ARM_GCC_541\Debug\events.o
 .debug_loc     0x000020cc       0xf4 .\CortexM3\ARM_GCC_541\Debug\parser.o
 .debug_loc     0x000021c0      0x4ab .\CortexM3\ARM_GCC_541\Debug\jasmin.o
 .debug_loc     0x0000266b      0x398 .\CortexM3\ARM_GCC_541\Debug\drawer.o
 .debug_loc     0x00002a03      0x1b9 .\CortexM3\ARM_GCC_541\Debug\ringBufferDrawing.o
 .debug_loc     0x00002bbc       0x4d .\CortexM3\ARM_GCC_541\Debug\logging.o
 .debug_loc     0x00002c09      0x289 .\CortexM3\ARM_GCC_541\Debug\cyfitter_cfg.o
 .debug_loc     0x00002e92      0x144 .\CortexM3\ARM_GCC_541\Debug\Cm3Start.o
 .debug_loc     0x00002fd6      0xa11 .\CortexM3\ARM_GCC_541\Debug\JSON_Parser.a(CyLib.o)
 .debug_loc     0x000039e7      0x1e4 .\CortexM3\ARM_GCC_541\Debug\JSON_Parser.a(cyPm.o)
 .debug_loc     0x00003bcb      0x12d .\CortexM3\ARM_GCC_541\Debug\JSON_Parser.a(ErikaOS_ee_activate.o)
 .debug_loc     0x00003cf8      0x46c .\CortexM3\ARM_GCC_541\Debug\JSON_Parser.a(ErikaOS_ee_altick.o)
 .debug_loc     0x00004164       0xbc .\CortexM3\ARM_GCC_541\Debug\JSON_Parser.a(ErikaOS_ee_evclear.o)
 .debug_loc     0x00004220       0xa4 .\CortexM3\ARM_GCC_541\Debug\JSON_Parser.a(ErikaOS_ee_evget.o)
 .debug_loc     0x000042c4      0x16b .\CortexM3\ARM_GCC_541\Debug\JSON_Parser.a(ErikaOS_ee_evset.o)
 .debug_loc     0x0000442f      0x158 .\CortexM3\ARM_GCC_541\Debug\JSON_Parser.a(ErikaOS_ee_evwait.o)
 .debug_loc     0x00004587       0x62 .\CortexM3\ARM_GCC_541\Debug\JSON_Parser.a(ErikaOS_ee_irqendin.o)
 .debug_loc     0x000045e9      0x117 .\CortexM3\ARM_GCC_541\Debug\JSON_Parser.a(ErikaOS_ee_lockres.o)
 .debug_loc     0x00004700       0x4a .\CortexM3\ARM_GCC_541\Debug\JSON_Parser.a(ErikaOS_ee_rq_exchg.o)
 .debug_loc     0x0000474a       0x36 .\CortexM3\ARM_GCC_541\Debug\JSON_Parser.a(ErikaOS_ee_rq_first.o)
 .debug_loc     0x00004780       0x1e .\CortexM3\ARM_GCC_541\Debug\JSON_Parser.a(ErikaOS_ee_rq_inser.o)
 .debug_loc     0x0000479e      0x1d8 .\CortexM3\ARM_GCC_541\Debug\JSON_Parser.a(ErikaOS_ee_startos.o)
 .debug_loc     0x00004976       0x50 .\CortexM3\ARM_GCC_541\Debug\JSON_Parser.a(ErikaOS_ee_terminat.o)
 .debug_loc     0x000049c6      0x18f .\CortexM3\ARM_GCC_541\Debug\JSON_Parser.a(ErikaOS_ee_ulockres.o)
 .debug_loc     0x00004b55       0x13 .\CortexM3\ARM_GCC_541\Debug\JSON_Parser.a(ErikaOS_cortex_mx_ee_utils.o)
 .debug_loc     0x00004b68      0x258 .\CortexM3\ARM_GCC_541\Debug\JSON_Parser.a(UART_LOG.o)
 .debug_loc     0x00004dc0      0x128 .\CortexM3\ARM_GCC_541\Debug\JSON_Parser.a(UART_LOG_IntClock.o)
 .debug_loc     0x00004ee8       0x13 .\CortexM3\ARM_GCC_541\Debug\JSON_Parser.a(TFT_BackLight.o)
 .debug_loc     0x00004efb       0x42 .\CortexM3\ARM_GCC_541\Debug\JSON_Parser.a(TFT_RES.o)
 .debug_loc     0x00004f3d       0x42 .\CortexM3\ARM_GCC_541\Debug\JSON_Parser.a(TFT_DC.o)
 .debug_loc     0x00004f7f       0xfe .\CortexM3\ARM_GCC_541\Debug\JSON_Parser.a(TFT_SPI.o)
 .debug_loc     0x0000507d      0x12c .\CortexM3\ARM_GCC_541\Debug\JSON_Parser.a(TFT_SPI_IntClock.o)
 .debug_loc     0x000051a9      0x3b2 .\CortexM3\ARM_GCC_541\Debug\JSON_Parser.a(CyFlash.o)
 .debug_loc     0x0000555b      0x705 .\CortexM3\ARM_GCC_541\Debug\JSON_Parser.a(CySpc.o)
 .debug_loc     0x00005c60       0x75 .\CortexM3\ARM_GCC_541\Debug\JSON_Parser.a(ErikaOS_ee_ulockallres.o)
 .debug_loc     0x00005cd5       0xc5 .\CortexM3\ARM_GCC_541\Debug\JSON_Parser.a(ErikaOS_cortex_mx_ee_context.o)
 .debug_loc     0x00005d9a       0xdd .\CortexM3\ARM_GCC_541\Debug\JSON_Parser.a(ErikaOS_ee_thendin.o)

.debug_macinfo
 *(.debug_macinfo)

.debug_ranges   0x00000000      0xe90
 *(.debug_ranges)
 .debug_ranges  0x00000000       0x48 .\CortexM3\ARM_GCC_541\Debug\main.o
 .debug_ranges  0x00000048      0x168 .\CortexM3\ARM_GCC_541\Debug\tft.o
 .debug_ranges  0x000001b0       0x50 .\CortexM3\ARM_GCC_541\Debug\ringBuffer.o
 .debug_ranges  0x00000200       0x50 .\CortexM3\ARM_GCC_541\Debug\ringBufferEV.o
 .debug_ranges  0x00000250       0x70 .\CortexM3\ARM_GCC_541\Debug\uart.o
 .debug_ranges  0x000002c0       0x28 .\CortexM3\ARM_GCC_541\Debug\events.o
 .debug_ranges  0x000002e8       0x28 .\CortexM3\ARM_GCC_541\Debug\parser.o
 .debug_ranges  0x00000310       0x68 .\CortexM3\ARM_GCC_541\Debug\jasmin.o
 .debug_ranges  0x00000378       0x60 .\CortexM3\ARM_GCC_541\Debug\drawer.o
 .debug_ranges  0x000003d8       0x50 .\CortexM3\ARM_GCC_541\Debug\ringBufferDrawing.o
 .debug_ranges  0x00000428       0x18 .\CortexM3\ARM_GCC_541\Debug\logging.o
 .debug_ranges  0x00000440       0x48 .\CortexM3\ARM_GCC_541\Debug\cyfitter_cfg.o
 .debug_ranges  0x00000488       0x38 .\CortexM3\ARM_GCC_541\Debug\Cm3Start.o
 .debug_ranges  0x000004c0      0x290 .\CortexM3\ARM_GCC_541\Debug\JSON_Parser.a(CyLib.o)
 .debug_ranges  0x00000750       0x88 .\CortexM3\ARM_GCC_541\Debug\JSON_Parser.a(cyPm.o)
 .debug_ranges  0x000007d8       0x40 .\CortexM3\ARM_GCC_541\Debug\JSON_Parser.a(ErikaOS_ee_activate.o)
 .debug_ranges  0x00000818       0x78 .\CortexM3\ARM_GCC_541\Debug\JSON_Parser.a(ErikaOS_ee_altick.o)
 .debug_ranges  0x00000890       0x28 .\CortexM3\ARM_GCC_541\Debug\JSON_Parser.a(ErikaOS_ee_evclear.o)
 .debug_ranges  0x000008b8       0x10 .\CortexM3\ARM_GCC_541\Debug\JSON_Parser.a(ErikaOS_ee_evget.o)
 .debug_ranges  0x000008c8       0x40 .\CortexM3\ARM_GCC_541\Debug\JSON_Parser.a(ErikaOS_ee_evset.o)
 .debug_ranges  0x00000908       0x10 .\CortexM3\ARM_GCC_541\Debug\JSON_Parser.a(ErikaOS_ee_evwait.o)
 .debug_ranges  0x00000918       0x20 .\CortexM3\ARM_GCC_541\Debug\JSON_Parser.a(ErikaOS_ee_irqendin.o)
 .debug_ranges  0x00000938       0x28 .\CortexM3\ARM_GCC_541\Debug\JSON_Parser.a(ErikaOS_ee_lockres.o)
 .debug_ranges  0x00000960       0x10 .\CortexM3\ARM_GCC_541\Debug\JSON_Parser.a(ErikaOS_ee_rq_exchg.o)
 .debug_ranges  0x00000970       0x10 .\CortexM3\ARM_GCC_541\Debug\JSON_Parser.a(ErikaOS_ee_rq_first.o)
 .debug_ranges  0x00000980       0x10 .\CortexM3\ARM_GCC_541\Debug\JSON_Parser.a(ErikaOS_ee_rq_inser.o)
 .debug_ranges  0x00000990       0x30 .\CortexM3\ARM_GCC_541\Debug\JSON_Parser.a(ErikaOS_ee_startos.o)
 .debug_ranges  0x000009c0       0x10 .\CortexM3\ARM_GCC_541\Debug\JSON_Parser.a(ErikaOS_ee_terminat.o)
 .debug_ranges  0x000009d0       0x40 .\CortexM3\ARM_GCC_541\Debug\JSON_Parser.a(ErikaOS_ee_ulockres.o)
 .debug_ranges  0x00000a10       0x10 .\CortexM3\ARM_GCC_541\Debug\JSON_Parser.a(ErikaOS_cortex_mx_ee_utils.o)
 .debug_ranges  0x00000a20       0xe0 .\CortexM3\ARM_GCC_541\Debug\JSON_Parser.a(UART_LOG.o)
 .debug_ranges  0x00000b00       0x60 .\CortexM3\ARM_GCC_541\Debug\JSON_Parser.a(UART_LOG_IntClock.o)
 .debug_ranges  0x00000b60       0x68 .\CortexM3\ARM_GCC_541\Debug\JSON_Parser.a(TFT_BackLight.o)
 .debug_ranges  0x00000bc8       0x28 .\CortexM3\ARM_GCC_541\Debug\JSON_Parser.a(TFT_RES.o)
 .debug_ranges  0x00000bf0       0x28 .\CortexM3\ARM_GCC_541\Debug\JSON_Parser.a(TFT_DC.o)
 .debug_ranges  0x00000c18       0xc8 .\CortexM3\ARM_GCC_541\Debug\JSON_Parser.a(TFT_SPI.o)
 .debug_ranges  0x00000ce0       0x60 .\CortexM3\ARM_GCC_541\Debug\JSON_Parser.a(TFT_SPI_IntClock.o)
 .debug_ranges  0x00000d40       0x78 .\CortexM3\ARM_GCC_541\Debug\JSON_Parser.a(CyFlash.o)
 .debug_ranges  0x00000db8       0x70 .\CortexM3\ARM_GCC_541\Debug\JSON_Parser.a(CySpc.o)
 .debug_ranges  0x00000e28       0x10 .\CortexM3\ARM_GCC_541\Debug\JSON_Parser.a(ErikaOS_ee_tnterm.o)
 .debug_ranges  0x00000e38       0x10 .\CortexM3\ARM_GCC_541\Debug\JSON_Parser.a(ErikaOS_ee_tstub.o)
 .debug_ranges  0x00000e48       0x10 .\CortexM3\ARM_GCC_541\Debug\JSON_Parser.a(ErikaOS_ee_ulockallres.o)
 .debug_ranges  0x00000e58       0x18 .\CortexM3\ARM_GCC_541\Debug\JSON_Parser.a(ErikaOS_cortex_mx_ee_context.o)
 .debug_ranges  0x00000e70       0x20 .\CortexM3\ARM_GCC_541\Debug\JSON_Parser.a(ErikaOS_ee_thendin.o)

.comment        0x00000000       0x6e
 .comment       0x00000000       0x6e .\CortexM3\ARM_GCC_541\Debug\main.o
                                 0x6f (size before relaxing)
 .comment       0x0000006e       0x6f .\CortexM3\ARM_GCC_541\Debug\tft.o
 .comment       0x0000006e       0x6f .\CortexM3\ARM_GCC_541\Debug\ringBuffer.o
 .comment       0x0000006e       0x6f .\CortexM3\ARM_GCC_541\Debug\ringBufferEV.o
 .comment       0x0000006e       0x6f .\CortexM3\ARM_GCC_541\Debug\uart.o
 .comment       0x0000006e       0x6f .\CortexM3\ARM_GCC_541\Debug\events.o
 .comment       0x0000006e       0x6f .\CortexM3\ARM_GCC_541\Debug\parser.o
 .comment       0x0000006e       0x6f .\CortexM3\ARM_GCC_541\Debug\jasmin.o
 .comment       0x0000006e       0x6f .\CortexM3\ARM_GCC_541\Debug\drawer.o
 .comment       0x0000006e       0x6f .\CortexM3\ARM_GCC_541\Debug\ringBufferDrawing.o
 .comment       0x0000006e       0x6f .\CortexM3\ARM_GCC_541\Debug\logging.o
 .comment       0x0000006e       0x6f .\CortexM3\ARM_GCC_541\Debug\cyfitter_cfg.o
 .comment       0x0000006e       0x6f .\CortexM3\ARM_GCC_541\Debug\cymetadata.o
 .comment       0x0000006e       0x6f .\CortexM3\ARM_GCC_541\Debug\Cm3Start.o
 .comment       0x0000006e       0x6f .\CortexM3\ARM_GCC_541\Debug\JSON_Parser.a(CyLib.o)
 .comment       0x0000006e       0x6f .\CortexM3\ARM_GCC_541\Debug\JSON_Parser.a(cyPm.o)
 .comment       0x0000006e       0x6f .\CortexM3\ARM_GCC_541\Debug\JSON_Parser.a(ErikaOS_ee_activate.o)
 .comment       0x0000006e       0x6f .\CortexM3\ARM_GCC_541\Debug\JSON_Parser.a(ErikaOS_ee_altick.o)
 .comment       0x0000006e       0x6f .\CortexM3\ARM_GCC_541\Debug\JSON_Parser.a(ErikaOS_ee_evclear.o)
 .comment       0x0000006e       0x6f .\CortexM3\ARM_GCC_541\Debug\JSON_Parser.a(ErikaOS_ee_evget.o)
 .comment       0x0000006e       0x6f .\CortexM3\ARM_GCC_541\Debug\JSON_Parser.a(ErikaOS_ee_evset.o)
 .comment       0x0000006e       0x6f .\CortexM3\ARM_GCC_541\Debug\JSON_Parser.a(ErikaOS_ee_evwait.o)
 .comment       0x0000006e       0x6f .\CortexM3\ARM_GCC_541\Debug\JSON_Parser.a(ErikaOS_ee_irqendin.o)
 .comment       0x0000006e       0x6f .\CortexM3\ARM_GCC_541\Debug\JSON_Parser.a(ErikaOS_ee_lockres.o)
 .comment       0x0000006e       0x6f .\CortexM3\ARM_GCC_541\Debug\JSON_Parser.a(ErikaOS_ee_lookup.o)
 .comment       0x0000006e       0x6f .\CortexM3\ARM_GCC_541\Debug\JSON_Parser.a(ErikaOS_ee_rq_exchg.o)
 .comment       0x0000006e       0x6f .\CortexM3\ARM_GCC_541\Debug\JSON_Parser.a(ErikaOS_ee_rq_first.o)
 .comment       0x0000006e       0x6f .\CortexM3\ARM_GCC_541\Debug\JSON_Parser.a(ErikaOS_ee_rq_inser.o)
 .comment       0x0000006e       0x6f .\CortexM3\ARM_GCC_541\Debug\JSON_Parser.a(ErikaOS_ee_startos.o)
 .comment       0x0000006e       0x6f .\CortexM3\ARM_GCC_541\Debug\JSON_Parser.a(ErikaOS_ee_terminat.o)
 .comment       0x0000006e       0x6f .\CortexM3\ARM_GCC_541\Debug\JSON_Parser.a(ErikaOS_ee_ulockres.o)
 .comment       0x0000006e       0x6f .\CortexM3\ARM_GCC_541\Debug\JSON_Parser.a(ErikaOS_cortex_mx_ee_utils.o)
 .comment       0x0000006e       0x6f .\CortexM3\ARM_GCC_541\Debug\JSON_Parser.a(ErikaOS_common_ee_hal_structs.o)
 .comment       0x0000006e       0x6f .\CortexM3\ARM_GCC_541\Debug\JSON_Parser.a(ErikaOS_eecfg.o)
 .comment       0x0000006e       0x6f .\CortexM3\ARM_GCC_541\Debug\JSON_Parser.a(UART_LOG.o)
 .comment       0x0000006e       0x6f .\CortexM3\ARM_GCC_541\Debug\JSON_Parser.a(UART_LOG_IntClock.o)
 .comment       0x0000006e       0x6f .\CortexM3\ARM_GCC_541\Debug\JSON_Parser.a(TFT_BackLight.o)
 .comment       0x0000006e       0x6f .\CortexM3\ARM_GCC_541\Debug\JSON_Parser.a(TFT_RES.o)
 .comment       0x0000006e       0x6f .\CortexM3\ARM_GCC_541\Debug\JSON_Parser.a(TFT_DC.o)
 .comment       0x0000006e       0x6f .\CortexM3\ARM_GCC_541\Debug\JSON_Parser.a(TFT_SPI.o)
 .comment       0x0000006e       0x6f .\CortexM3\ARM_GCC_541\Debug\JSON_Parser.a(TFT_SPI_IntClock.o)
 .comment       0x0000006e       0x6f .\CortexM3\ARM_GCC_541\Debug\JSON_Parser.a(CyFlash.o)
 .comment       0x0000006e       0x6f .\CortexM3\ARM_GCC_541\Debug\JSON_Parser.a(CySpc.o)
 .comment       0x0000006e       0x6f .\CortexM3\ARM_GCC_541\Debug\JSON_Parser.a(ErikaOS_ee_tnterm.o)
 .comment       0x0000006e       0x6f .\CortexM3\ARM_GCC_541\Debug\JSON_Parser.a(ErikaOS_ee_tstub.o)
 .comment       0x0000006e       0x6f .\CortexM3\ARM_GCC_541\Debug\JSON_Parser.a(ErikaOS_ee_ulockallres.o)
 .comment       0x0000006e       0x6f .\CortexM3\ARM_GCC_541\Debug\JSON_Parser.a(ErikaOS_cortex_mx_ee_context.o)
 .comment       0x0000006e       0x6f .\CortexM3\ARM_GCC_541\Debug\JSON_Parser.a(ErikaOS_ee_thendin.o)

.debug_weaknames
 *(.debug_weaknames)

.debug_funcnames
 *(.debug_funcnames)

.debug_typenames
 *(.debug_typenames)

.debug_varnames
 *(.debug_varnames)

.note.gnu.arm.ident
 *(.note.gnu.arm.ident)

.ARM.attributes
                0x00000000       0x2f
 *(.ARM.attributes)
 .ARM.attributes
                0x00000000       0x1d c:/program files (x86)/cypress/psoc creator/4.4/psoc creator/import/gnu/arm/5.4.1/bin/../lib/gcc/arm-none-eabi/5.4.1/armv7-m/crti.o
 .ARM.attributes
                0x0000001d       0x2d c:/program files (x86)/cypress/psoc creator/4.4/psoc creator/import/gnu/arm/5.4.1/bin/../lib/gcc/arm-none-eabi/5.4.1/armv7-m/crtbegin.o
 .ARM.attributes